stm32l4xx_hal_sai.c:2339:13:SAI_FillFifo	16	static
stm32l4xx_hal_sai.c:2382:17:SAI_InterruptFlag	0	static
stm32l4xx_hal_sai.c:2415:26:SAI_Disable	0	static
stm32l4xx_hal_sai.c:772:13:HAL_SAI_MspInit	0	static
stm32l4xx_hal_sai.c:378:19:HAL_SAI_Init	24	static
stm32l4xx_hal_sai.c:339:19:HAL_SAI_InitProtocol	8	static
stm32l4xx_hal_sai.c:788:13:HAL_SAI_MspDeInit	0	static
stm32l4xx_hal_sai.c:702:19:HAL_SAI_DeInit	16	static
stm32l4xx_hal_sai.c:1029:19:HAL_SAI_Transmit	24	static
stm32l4xx_hal_sai.c:1142:19:HAL_SAI_Receive	24	static
stm32l4xx_hal_sai.c:1252:19:HAL_SAI_Transmit_IT	8	static
stm32l4xx_hal_sai.c:1314:19:HAL_SAI_Receive_IT	8	static
stm32l4xx_hal_sai.c:1372:19:HAL_SAI_DMAPause	0	static
stm32l4xx_hal_sai.c:1392:19:HAL_SAI_DMAResume	0	static
stm32l4xx_hal_sai.c:1419:19:HAL_SAI_DMAStop	16	static
stm32l4xx_hal_sai.c:1481:19:HAL_SAI_Abort	16	static
stm32l4xx_hal_sai.c:1553:19:HAL_SAI_Transmit_DMA	32	static
stm32l4xx_hal_sai.c:1640:19:HAL_SAI_Receive_DMA	24	static
stm32l4xx_hal_sai.c:1709:19:HAL_SAI_EnableTxMuteMode	0	static
stm32l4xx_hal_sai.c:1728:19:HAL_SAI_DisableTxMuteMode	0	static
stm32l4xx_hal_sai.c:1746:19:HAL_SAI_EnableRxMuteMode	8	static
stm32l4xx_hal_sai.c:1769:19:HAL_SAI_DisableRxMuteMode	0	static
stm32l4xx_hal_sai.c:2028:13:HAL_SAI_TxCpltCallback	0	static
stm32l4xx_hal_sai.c:2446:13:SAI_Transmit_IT8Bit.part.4	8	static
stm32l4xx_hal_sai.c:2475:13:SAI_Transmit_IT16Bit	4	static
stm32l4xx_hal_sai.c:2508:13:SAI_Transmit_IT32Bit	8	static
stm32l4xx_hal_sai.c:2446:13:SAI_Transmit_IT8Bit	4	static
stm32l4xx_hal_sai.c:2652:13:SAI_DMATxCplt	16	static
stm32l4xx_hal_sai.c:2044:13:HAL_SAI_TxHalfCpltCallback	0	static
stm32l4xx_hal_sai.c:2681:13:SAI_DMATxHalfCplt	8	static
stm32l4xx_hal_sai.c:2060:13:HAL_SAI_RxCpltCallback	0	static
stm32l4xx_hal_sai.c:2545:13:SAI_Receive_IT8Bit.part.7	8	static
stm32l4xx_hal_sai.c:2576:13:SAI_Receive_IT16Bit	4	static
stm32l4xx_hal_sai.c:2612:13:SAI_Receive_IT32Bit	4	static
stm32l4xx_hal_sai.c:2545:13:SAI_Receive_IT8Bit	0	static
stm32l4xx_hal_sai.c:2698:13:SAI_DMARxCplt	16	static
stm32l4xx_hal_sai.c:2076:13:HAL_SAI_RxHalfCpltCallback	0	static
stm32l4xx_hal_sai.c:2726:13:SAI_DMARxHalfCplt	8	static
stm32l4xx_hal_sai.c:2092:13:HAL_SAI_ErrorCallback	0	static
stm32l4xx_hal_sai.c:2743:13:SAI_DMAError	8	static
stm32l4xx_hal_sai.c:1788:6:HAL_SAI_IRQHandler	16	static
stm32l4xx_hal_sai.c:2777:13:SAI_DMAAbort	8	static
stm32l4xx_hal_sai.c:2127:22:HAL_SAI_GetState	0	static
stm32l4xx_hal_sai.c:2138:10:HAL_SAI_GetError	0	static
