Archive member included to satisfy reference by file (symbol)

c:/program files (x86)/atollic/truestudio for stm32 9.3.0/armtools/bin/../lib/gcc/arm-atollic-eabi/6.3.1/../../../../arm-atollic-eabi/lib/armv7e-m/fpu\libc_nano.a(lib_a-errno.o)
                              Src\syscalls.o (__errno)
c:/program files (x86)/atollic/truestudio for stm32 9.3.0/armtools/bin/../lib/gcc/arm-atollic-eabi/6.3.1/../../../../arm-atollic-eabi/lib/armv7e-m/fpu\libc_nano.a(lib_a-impure.o)
                              c:/program files (x86)/atollic/truestudio for stm32 9.3.0/armtools/bin/../lib/gcc/arm-atollic-eabi/6.3.1/../../../../arm-atollic-eabi/lib/armv7e-m/fpu\libc_nano.a(lib_a-errno.o) (_impure_ptr)
c:/program files (x86)/atollic/truestudio for stm32 9.3.0/armtools/bin/../lib/gcc/arm-atollic-eabi/6.3.1/../../../../arm-atollic-eabi/lib/armv7e-m/fpu\libc_nano.a(lib_a-init.o)
                              startup\startup_stm32l476xx.o (__libc_init_array)
c:/program files (x86)/atollic/truestudio for stm32 9.3.0/armtools/bin/../lib/gcc/arm-atollic-eabi/6.3.1/../../../../arm-atollic-eabi/lib/armv7e-m/fpu\libc_nano.a(lib_a-memcpy-stub.o)
                              Src\main.o (memcpy)
c:/program files (x86)/atollic/truestudio for stm32 9.3.0/armtools/bin/../lib/gcc/arm-atollic-eabi/6.3.1/../../../../arm-atollic-eabi/lib/armv7e-m/fpu\libc_nano.a(lib_a-memset.o)
                              Src\dfsdm.o (memset)
c:/program files (x86)/atollic/truestudio for stm32 9.3.0/armtools/bin/../lib/gcc/arm-atollic-eabi/6.3.1/../../../../arm-atollic-eabi/lib/armv7e-m/fpu\libc_nano.a(lib_a-printf.o)
                              Src\main.o (printf)
c:/program files (x86)/atollic/truestudio for stm32 9.3.0/armtools/bin/../lib/gcc/arm-atollic-eabi/6.3.1/../../../../arm-atollic-eabi/lib/armv7e-m/fpu\libc_nano.a(lib_a-puts.o)
                              Src\main.o (puts)
c:/program files (x86)/atollic/truestudio for stm32 9.3.0/armtools/bin/../lib/gcc/arm-atollic-eabi/6.3.1/../../../../arm-atollic-eabi/lib/armv7e-m/fpu\libc_nano.a(lib_a-sprintf.o)
                              Src\main.o (sprintf)
c:/program files (x86)/atollic/truestudio for stm32 9.3.0/armtools/bin/../lib/gcc/arm-atollic-eabi/6.3.1/../../../../arm-atollic-eabi/lib/armv7e-m/fpu\libc_nano.a(lib_a-strlen.o)
                              Src\menu.o (strlen)
c:/program files (x86)/atollic/truestudio for stm32 9.3.0/armtools/bin/../lib/gcc/arm-atollic-eabi/6.3.1/../../../../arm-atollic-eabi/lib/armv7e-m/fpu\libc_nano.a(lib_a-wbuf.o)
                              c:/program files (x86)/atollic/truestudio for stm32 9.3.0/armtools/bin/../lib/gcc/arm-atollic-eabi/6.3.1/../../../../arm-atollic-eabi/lib/armv7e-m/fpu\libc_nano.a(lib_a-puts.o) (__swbuf_r)
c:/program files (x86)/atollic/truestudio for stm32 9.3.0/armtools/bin/../lib/gcc/arm-atollic-eabi/6.3.1/../../../../arm-atollic-eabi/lib/armv7e-m/fpu\libc_nano.a(lib_a-wsetup.o)
                              c:/program files (x86)/atollic/truestudio for stm32 9.3.0/armtools/bin/../lib/gcc/arm-atollic-eabi/6.3.1/../../../../arm-atollic-eabi/lib/armv7e-m/fpu\libc_nano.a(lib_a-puts.o) (__swsetup_r)
c:/program files (x86)/atollic/truestudio for stm32 9.3.0/armtools/bin/../lib/gcc/arm-atollic-eabi/6.3.1/../../../../arm-atollic-eabi/lib/armv7e-m/fpu\libc_nano.a(lib_a-fflush.o)
                              c:/program files (x86)/atollic/truestudio for stm32 9.3.0/armtools/bin/../lib/gcc/arm-atollic-eabi/6.3.1/../../../../arm-atollic-eabi/lib/armv7e-m/fpu\libc_nano.a(lib_a-wbuf.o) (_fflush_r)
c:/program files (x86)/atollic/truestudio for stm32 9.3.0/armtools/bin/../lib/gcc/arm-atollic-eabi/6.3.1/../../../../arm-atollic-eabi/lib/armv7e-m/fpu\libc_nano.a(lib_a-findfp.o)
                              c:/program files (x86)/atollic/truestudio for stm32 9.3.0/armtools/bin/../lib/gcc/arm-atollic-eabi/6.3.1/../../../../arm-atollic-eabi/lib/armv7e-m/fpu\libc_nano.a(lib_a-printf.o) (__sinit)
c:/program files (x86)/atollic/truestudio for stm32 9.3.0/armtools/bin/../lib/gcc/arm-atollic-eabi/6.3.1/../../../../arm-atollic-eabi/lib/armv7e-m/fpu\libc_nano.a(lib_a-fwalk.o)
                              c:/program files (x86)/atollic/truestudio for stm32 9.3.0/armtools/bin/../lib/gcc/arm-atollic-eabi/6.3.1/../../../../arm-atollic-eabi/lib/armv7e-m/fpu\libc_nano.a(lib_a-findfp.o) (_fwalk)
c:/program files (x86)/atollic/truestudio for stm32 9.3.0/armtools/bin/../lib/gcc/arm-atollic-eabi/6.3.1/../../../../arm-atollic-eabi/lib/armv7e-m/fpu\libc_nano.a(lib_a-makebuf.o)
                              c:/program files (x86)/atollic/truestudio for stm32 9.3.0/armtools/bin/../lib/gcc/arm-atollic-eabi/6.3.1/../../../../arm-atollic-eabi/lib/armv7e-m/fpu\libc_nano.a(lib_a-wsetup.o) (__smakebuf_r)
c:/program files (x86)/atollic/truestudio for stm32 9.3.0/armtools/bin/../lib/gcc/arm-atollic-eabi/6.3.1/../../../../arm-atollic-eabi/lib/armv7e-m/fpu\libc_nano.a(lib_a-nano-freer.o)
[...]
Memory Configuration

Name             Origin             Length             Attributes
RAM              0x20000000         0x00018000         xrw
RAM2             0x10000000         0x00008000         xrw
FLASH            0x08000000         0x00100000         xr
*default*        0x00000000         0xffffffff

Linker script and memory map

LOAD c:/program files (x86)/atollic/truestudio for stm32 9.3.0/armtools/bin/../lib/gcc/arm-atollic-eabi/6.3.1/armv7e-m/fpu/crti.o
LOAD c:/program files (x86)/atollic/truestudio for stm32 9.3.0/armtools/bin/../lib/gcc/arm-atollic-eabi/6.3.1/armv7e-m/fpu/crtbegin.o
LOAD Drivers\STM32L4xx_HAL_Driver\stm32l4xx_hal.o
LOAD Drivers\STM32L4xx_HAL_Driver\stm32l4xx_hal_cortex.o
LOAD Drivers\STM32L4xx_HAL_Driver\stm32l4xx_hal_dfsdm.o
LOAD Drivers\STM32L4xx_HAL_Driver\stm32l4xx_hal_dma.o
LOAD Drivers\STM32L4xx_HAL_Driver\stm32l4xx_hal_dma_ex.o
LOAD Drivers\STM32L4xx_HAL_Driver\stm32l4xx_hal_exti.o
LOAD Drivers\STM32L4xx_HAL_Driver\stm32l4xx_hal_flash.o
LOAD Drivers\STM32L4xx_HAL_Driver\stm32l4xx_hal_flash_ex.o
LOAD Drivers\STM32L4xx_HAL_Driver\stm32l4xx_hal_flash_ramfunc.o
LOAD Drivers\STM32L4xx_HAL_Driver\stm32l4xx_hal_gpio.o
LOAD Drivers\STM32L4xx_HAL_Driver\stm32l4xx_hal_i2c.o
LOAD Drivers\STM32L4xx_HAL_Driver\stm32l4xx_hal_i2c_ex.o
LOAD Drivers\STM32L4xx_HAL_Driver\stm32l4xx_hal_lcd.o
LOAD Drivers\STM32L4xx_HAL_Driver\stm32l4xx_hal_pwr.o
LOAD Drivers\STM32L4xx_HAL_Driver\stm32l4xx_hal_pwr_ex.o
LOAD Drivers\STM32L4xx_HAL_Driver\stm32l4xx_hal_qspi.o
LOAD Drivers\STM32L4xx_HAL_Driver\stm32l4xx_hal_rcc.o
LOAD Drivers\STM32L4xx_HAL_Driver\stm32l4xx_hal_rcc_ex.o
LOAD Drivers\STM32L4xx_HAL_Driver\stm32l4xx_hal_rtc.o
LOAD Drivers\STM32L4xx_HAL_Driver\stm32l4xx_hal_rtc_ex.o
LOAD Drivers\STM32L4xx_HAL_Driver\stm32l4xx_hal_tim.o
LOAD Drivers\STM32L4xx_HAL_Driver\stm32l4xx_hal_tim_ex.o
LOAD Drivers\STM32L4xx_HAL_Driver\stm32l4xx_hal_uart.o
LOAD Drivers\STM32L4xx_HAL_Driver\stm32l4xx_hal_uart_ex.o
LOAD Src\dfsdm.o
LOAD Src\dma.o
LOAD Src\gpio.o
LOAD Src\lcd.o
LOAD Src\main.o
LOAD Src\menu.o
LOAD Src\quadspi.o
LOAD Src\rtc.o
LOAD Src\stm32l476g_discovery.o
LOAD Src\stm32l476g_discovery_glass_lcd.o
LOAD Src\stm32l4xx_hal_msp.o
LOAD Src\stm32l4xx_it.o
LOAD Src\syscalls.o
LOAD Src\system_stm32l4xx.o
LOAD Src\usart.o
LOAD startup\startup_stm32l476xx.o
                0x00000080                malloc_getpagesize_P = 0x80
START GROUP
LOAD c:/program files (x86)/atollic/truestudio for stm32 9.3.0/armtools/bin/../lib/gcc/arm-atollic-eabi/6.3.1/../../../../arm-atollic-eabi/lib/armv7e-m/fpu\libc_nano.a
LOAD c:/program files (x86)/atollic/truestudio for stm32 9.3.0/armtools/bin/../lib/gcc/arm-atollic-eabi/6.3.1/../../../../arm-atollic-eabi/lib/armv7e-m/fpu\libm.a
END GROUP
START GROUP
LOAD c:/program files (x86)/atollic/truestudio for stm32 9.3.0/armtools/bin/../lib/gcc/arm-atollic-eabi/6.3.1/armv7e-m/fpu\libgcc.a
LOAD c:/program files (x86)/atollic/truestudio for stm32 9.3.0/armtools/bin/../lib/gcc/arm-atollic-eabi/6.3.1/../../../../arm-atollic-eabi/lib/armv7e-m/fpu\libc_nano.a
END GROUP
START GROUP
LOAD c:/program files (x86)/atollic/truestudio for stm32 9.3.0/armtools/bin/../lib/gcc/arm-atollic-eabi/6.3.1/armv7e-m/fpu\libgcc.a
LOAD c:/program files (x86)/atollic/truestudio for stm32 9.3.0/armtools/bin/../lib/gcc/arm-atollic-eabi/6.3.1/../../../../arm-atollic-eabi/lib/armv7e-m/fpu\libc_nano.a
LOAD c:/program files (x86)/atollic/truestudio for stm32 9.3.0/armtools/bin/../lib/gcc/arm-atollic-eabi/6.3.1/../../../../arm-atollic-eabi/lib/armv7e-m/fpu\libnosys.a
END GROUP
START GROUP
LOAD c:/program files (x86)/atollic/truestudio for stm32 9.3.0/armtools/bin/../lib/gcc/arm-atollic-eabi/6.3.1/armv7e-m/fpu\libgcc.a
LOAD c:/program files (x86)/atollic/truestudio for stm32 9.3.0/armtools/bin/../lib/gcc/arm-atollic-eabi/6.3.1/../../../../arm-atollic-eabi/lib/armv7e-m/fpu\libc_nano.a
LOAD c:/program files (x86)/atollic/truestudio for stm32 9.3.0/armtools/bin/../lib/gcc/arm-atollic-eabi/6.3.1/../../../../arm-atollic-eabi/lib/armv7e-m/fpu\libnosys.a
END GROUP
LOAD c:/program files (x86)/atollic/truestudio for stm32 9.3.0/armtools/bin/../lib/gcc/arm-atollic-eabi/6.3.1/armv7e-m/fpu/crtend.o
LOAD c:/program files (x86)/atollic/truestudio for stm32 9.3.0/armtools/bin/../lib/gcc/arm-atollic-eabi/6.3.1/armv7e-m/fpu/crtn.o
                0x20018000                _estack = 0x20018000
                0x00000200                _Min_Heap_Size = 0x200
                0x00000400                _Min_Stack_Size = 0x400

.isr_vector     0x08000000      0x188
                0x08000000                . = ALIGN (0x4)
 *(.isr_vector)
 .isr_vector    0x08000000      0x188 startup\startup_stm32l476xx.o
                0x08000000                g_pfnVectors
                0x08000188                . = ALIGN (0x4)

.text           0x08000190     0x5934
                0x08000190                . = ALIGN (0x4)
 *(.text)
 .text          0x08000190       0x40 c:/program files (x86)/atollic/truestudio for stm32 9.3.0/armtools/bin/../lib/gcc/arm-atollic-eabi/6.3.1/armv7e-m/fpu/crtbegin.o
 .text          0x080001d0       0x10 c:/program files (x86)/atollic/truestudio for stm32 9.3.0/armtools/bin/../lib/gcc/arm-atollic-eabi/6.3.1/../../../../arm-atollic-eabi/lib/armv7e-m/fpu\libc_nano.a(lib_a-strlen.o)
                0x080001d0                strlen
 .text          0x080001e0       0xa0 c:/program files (x86)/atollic/truestudio for stm32 9.3.0/armtools/bin/../lib/gcc/arm-atollic-eabi/6.3.1/../../../../arm-atollic-eabi/lib/armv7e-m/fpu\libc_nano.a(lib_a-memchr.o)
                0x080001e0                memchr
 .text          0x08000280      0x370 c:/program files (x86)/atollic/truestudio for stm32 9.3.0/armtools/bin/../lib/gcc/arm-atollic-eabi/6.3.1/armv7e-m/fpu\libgcc.a(_arm_addsubdf3.o)
                0x08000280                __aeabi_drsub
                0x08000288                __aeabi_dsub
                0x08000288                __subdf3
                0x0800028c                __aeabi_dadd
                0x0800028c                __adddf3
                0x08000504                __floatunsidf
                0x08000504                __aeabi_ui2d
                0x08000524                __floatsidf
                0x08000524                __aeabi_i2d
                0x08000548                __aeabi_f2d
                0x08000548                __extendsfdf2
                0x08000584                __floatundidf
                0x08000584                __aeabi_ul2d
                0x08000594                __floatdidf
                0x08000594                __aeabi_l2d
 .text          0x080005f0      0x424 c:/program files (x86)/atollic/truestudio for stm32 9.3.0/armtools/bin/../lib/gcc/arm-atollic-eabi/6.3.1/armv7e-m/fpu\libgcc.a(_arm_muldivdf3.o)
                0x080005f0                __aeabi_dmul
                0x080005f0                __muldf3
                0x08000844                __divdf3
                0x08000844                __aeabi_ddiv
 .text          0x08000a14      0x110 c:/program files (x86)/atollic/truestudio for stm32 9.3.0/armtools/bin/../lib/gcc/arm-atollic-eabi/6.3.1/armv7e-m/fpu\libgcc.a(_arm_cmpdf2.o)
                0x08000a14                __gtdf2
                0x08000a14                __gedf2
                0x08000a1c                __ltdf2
                0x08000a1c                __ledf2
                0x08000a24                __nedf2
                0x08000a24                __eqdf2
                0x08000a24                __cmpdf2
                0x08000aa0                __aeabi_cdrcmple
                0x08000ab0                __aeabi_cdcmpeq
                0x08000ab0                __aeabi_cdcmple
                0x08000ac0                __aeabi_dcmpeq
                0x08000ad4                __aeabi_dcmplt
                0x08000ae8                __aeabi_dcmple
                0x08000afc                __aeabi_dcmpge
                0x08000b10                __aeabi_dcmpgt
 .text          0x08000b24       0x30 c:/program files (x86)/atollic/truestudio for stm32 9.3.0/armtools/bin/../lib/gcc/arm-atollic-eabi/6.3.1/armv7e-m/fpu\libgcc.a(_aeabi_uldivmod.o)
                0x08000b24                __aeabi_uldivmod
 .text          0x08000b54       0x30 c:/program files (x86)/atollic/truestudio for stm32 9.3.0/armtools/bin/../lib/gcc/arm-atollic-eabi/6.3.1/armv7e-m/fpu\libgcc.a(_fixdfdi.o)
                0x08000b54                __fixdfdi
                0x08000b54                __aeabi_d2lz
 .text          0x08000b84       0x48 c:/program files (x86)/atollic/truestudio for stm32 9.3.0/armtools/bin/../lib/gcc/arm-atollic-eabi/6.3.1/armv7e-m/fpu\libgcc.a(_fixunsdfdi.o)
                0x08000b84                __fixunsdfdi
                0x08000b84                __aeabi_d2ulz
 .text          0x08000bcc      0x2dc c:/program files (x86)/atollic/truestudio for stm32 9.3.0/armtools/bin/../lib/gcc/arm-atollic-eabi/6.3.1/armv7e-m/fpu\libgcc.a(_udivmoddi4.o)
                0x08000bcc                __udivmoddi4
 .text          0x08000ea8        0x4 c:/program files (x86)/atollic/truestudio for stm32 9.3.0/armtools/bin/../lib/gcc/arm-atollic-eabi/6.3.1/armv7e-m/fpu\libgcc.a(_dvmd_tls.o)
                0x08000ea8                __aeabi_idiv0
                0x08000ea8                __aeabi_ldiv0
 .text          0x08000eac       0x40 c:/program files (x86)/atollic/truestudio for stm32 9.3.0/armtools/bin/../lib/gcc/arm-atollic-eabi/6.3.1/armv7e-m/fpu\libgcc.a(_arm_fixunsdfsi.o)
                0x08000eac                __aeabi_d2uiz
                0x08000eac                __fixunsdfsi
 *(.text*)
 .text.HAL_InitTick
                0x08000eec       0x4c Drivers\STM32L4xx_HAL_Driver\stm32l4xx_hal.o
                0x08000eec                HAL_InitTick
 .text.HAL_Init
                0x08000f38       0x2c Drivers\STM32L4xx_HAL_Driver\stm32l4xx_hal.o
                0x08000f38                HAL_Init
 .text.HAL_IncTick
                0x08000f64       0x18 Drivers\STM32L4xx_HAL_Driver\stm32l4xx_hal.o
                0x08000f64                HAL_IncTick
 .text.HAL_GetTick
                0x08000f7c        0xc Drivers\STM32L4xx_HAL_Driver\stm32l4xx_hal.o
                0x08000f7c                HAL_GetTick
 .text.HAL_Delay
                0x08000f88       0x28 Drivers\STM32L4xx_HAL_Driver\stm32l4xx_hal.o
                0x08000f88                HAL_Delay
 .text.HAL_NVIC_SetPriorityGrouping
                0x08000fb0       0x24 Drivers\STM32L4xx_HAL_Driver\stm32l4xx_hal_cortex.o
                0x08000fb0                HAL_NVIC_SetPriorityGrouping
 .text.HAL_NVIC_SetPriority
                0x08000fd4       0x68 Drivers\STM32L4xx_HAL_Driver\stm32l4xx_hal_cortex.o
                0x08000fd4                HAL_NVIC_SetPriority
 .text.HAL_NVIC_EnableIRQ
                0x0800103c       0x1c Drivers\STM32L4xx_HAL_Driver\stm32l4xx_hal_cortex.o
                0x0800103c                HAL_NVIC_EnableIRQ
 .text.HAL_SYSTICK_Config
                0x08001058       0x2c Drivers\STM32L4xx_HAL_Driver\stm32l4xx_hal_cortex.o
                0x08001058                HAL_SYSTICK_Config
 .text.DFSDM_RegConvStart
                0x08001084       0x58 Drivers\STM32L4xx_HAL_Driver\stm32l4xx_hal_dfsdm.o
 .text.DFSDM_GetChannelFromInstance
                0x080010dc       0x58 Drivers\STM32L4xx_HAL_Driver\stm32l4xx_hal_dfsdm.o
 .text.HAL_DFSDM_ChannelInit
                0x08001134       0xe8 Drivers\STM32L4xx_HAL_Driver\stm32l4xx_hal_dfsdm.o
                0x08001134                HAL_DFSDM_ChannelInit
 .text.HAL_DFSDM_ChannelCkabCallback
                0x0800121c        0x2 Drivers\STM32L4xx_HAL_Driver\stm32l4xx_hal_dfsdm.o
                0x0800121c                HAL_DFSDM_ChannelCkabCallback
 .text.HAL_DFSDM_ChannelScdCallback
                0x0800121e        0x2 Drivers\STM32L4xx_HAL_Driver\stm32l4xx_hal_dfsdm.o
                0x0800121e                HAL_DFSDM_ChannelScdCallback
 .text.HAL_DFSDM_FilterInit
                0x08001220       0xe4 Drivers\STM32L4xx_HAL_Driver\stm32l4xx_hal_dfsdm.o
                0x08001220                HAL_DFSDM_FilterInit
 .text.HAL_DFSDM_FilterConfigRegChannel
                0x08001304       0x3a Drivers\STM32L4xx_HAL_Driver\stm32l4xx_hal_dfsdm.o
                0x08001304                HAL_DFSDM_FilterConfigRegChannel
 .text.HAL_DFSDM_FilterConfigInjChannel
                0x0800133e       0x36 Drivers\STM32L4xx_HAL_Driver\stm32l4xx_hal_dfsdm.o
                0x0800133e                HAL_DFSDM_FilterConfigInjChannel
 .text.HAL_DFSDM_FilterRegularStart_DMA
                0x08001374       0x7c Drivers\STM32L4xx_HAL_Driver\stm32l4xx_hal_dfsdm.o
                0x08001374                HAL_DFSDM_FilterRegularStart_DMA
 .text.HAL_DFSDM_FilterRegConvCpltCallback
                0x080013f0        0x2 Drivers\STM32L4xx_HAL_Driver\stm32l4xx_hal_dfsdm.o
                0x080013f0                HAL_DFSDM_FilterRegConvCpltCallback
 .text.DFSDM_DMARegularConvCplt
                0x080013f2        0xa Drivers\STM32L4xx_HAL_Driver\stm32l4xx_hal_dfsdm.o
 .text.HAL_DFSDM_FilterRegConvHalfCpltCallback
                0x080013fc        0x2 Drivers\STM32L4xx_HAL_Driver\stm32l4xx_hal_dfsdm.o
                0x080013fc                HAL_DFSDM_FilterRegConvHalfCpltCallback
 .text.DFSDM_DMARegularHalfConvCplt
                0x080013fe        0xa Drivers\STM32L4xx_HAL_Driver\stm32l4xx_hal_dfsdm.o
 .text.HAL_DFSDM_FilterInjConvCpltCallback
                0x08001408        0x2 Drivers\STM32L4xx_HAL_Driver\stm32l4xx_hal_dfsdm.o
                0x08001408                HAL_DFSDM_FilterInjConvCpltCallback
 .text.HAL_DFSDM_FilterAwdCallback
                0x0800140a        0x2 Drivers\STM32L4xx_HAL_Driver\stm32l4xx_hal_dfsdm.o
                0x0800140a                HAL_DFSDM_FilterAwdCallback
 .text.HAL_DFSDM_FilterErrorCallback
                0x0800140c        0x2 Drivers\STM32L4xx_HAL_Driver\stm32l4xx_hal_dfsdm.o
                0x0800140c                HAL_DFSDM_FilterErrorCallback
 .text.DFSDM_DMAError
                0x0800140e        0xe Drivers\STM32L4xx_HAL_Driver\stm32l4xx_hal_dfsdm.o
 .text.HAL_DFSDM_IRQHandler
                0x0800141c      0x18c Drivers\STM32L4xx_HAL_Driver\stm32l4xx_hal_dfsdm.o
                0x0800141c                HAL_DFSDM_IRQHandler
 .text.HAL_DMA_Init
                0x080015a8       0xc4 Drivers\STM32L4xx_HAL_Driver\stm32l4xx_hal_dma.o
                0x080015a8                HAL_DMA_Init
 .text.HAL_DMA_Start_IT
                0x0800166c       0x80 Drivers\STM32L4xx_HAL_Driver\stm32l4xx_hal_dma.o
                0x0800166c                HAL_DMA_Start_IT
 .text.HAL_DMA_IRQHandler
                0x080016ec       0x94 Drivers\STM32L4xx_HAL_Driver\stm32l4xx_hal_dma.o
                0x080016ec                HAL_DMA_IRQHandler
 .text.HAL_GPIO_Init
                0x08001780      0x1b8 Drivers\STM32L4xx_HAL_Driver\stm32l4xx_hal_gpio.o
                0x08001780                HAL_GPIO_Init
 .text.HAL_GPIO_WritePin
                0x08001938        0xa Drivers\STM32L4xx_HAL_Driver\stm32l4xx_hal_gpio.o
                0x08001938                HAL_GPIO_WritePin
 .text.HAL_GPIO_TogglePin
                0x08001942        0xc Drivers\STM32L4xx_HAL_Driver\stm32l4xx_hal_gpio.o
                0x08001942                HAL_GPIO_TogglePin
 *fill*         0x0800194e        0x2 
 .text.HAL_GPIO_EXTI_IRQHandler
                0x08001950       0x18 Drivers\STM32L4xx_HAL_Driver\stm32l4xx_hal_gpio.o
                0x08001950                HAL_GPIO_EXTI_IRQHandler
 .text.HAL_LCD_Write
                0x08001968       0x7a Drivers\STM32L4xx_HAL_Driver\stm32l4xx_hal_lcd.o
                0x08001968                HAL_LCD_Write
 .text.HAL_LCD_UpdateDisplayRequest
                0x080019e2       0x48 Drivers\STM32L4xx_HAL_Driver\stm32l4xx_hal_lcd.o
                0x080019e2                HAL_LCD_UpdateDisplayRequest
 .text.HAL_LCD_Clear
                0x08001a2a       0x6c Drivers\STM32L4xx_HAL_Driver\stm32l4xx_hal_lcd.o
                0x08001a2a                HAL_LCD_Clear
 .text.LCD_WaitForSynchro
                0x08001a96       0x2a Drivers\STM32L4xx_HAL_Driver\stm32l4xx_hal_lcd.o
                0x08001a96                LCD_WaitForSynchro
 .text.HAL_LCD_Init
                0x08001ac0       0xf6 Drivers\STM32L4xx_HAL_Driver\stm32l4xx_hal_lcd.o
                0x08001ac0                HAL_LCD_Init
 *fill*         0x08001bb6        0x2 
 .text.HAL_PWREx_GetVoltageRange
                0x08001bb8       0x10 Drivers\STM32L4xx_HAL_Driver\stm32l4xx_hal_pwr_ex.o
                0x08001bb8                HAL_PWREx_GetVoltageRange
 .text.HAL_PWREx_ControlVoltageScaling
                0x08001bc8       0x6c Drivers\STM32L4xx_HAL_Driver\stm32l4xx_hal_pwr_ex.o
                0x08001bc8                HAL_PWREx_ControlVoltageScaling
 .text.QSPI_WaitFlagStateUntilTimeout
                0x08001c34       0x4c Drivers\STM32L4xx_HAL_Driver\stm32l4xx_hal_qspi.o
 .text.HAL_QSPI_Init
                0x08001c80       0xb0 Drivers\STM32L4xx_HAL_Driver\stm32l4xx_hal_qspi.o
                0x08001c80                HAL_QSPI_Init
 .text.RCC_SetFlashLatencyFromMSIRange
                0x08001d30       0x84 Drivers\STM32L4xx_HAL_Driver\stm32l4xx_hal_rcc.o
 .text.HAL_RCC_GetSysClockFreq
                0x08001db4       0x9c Drivers\STM32L4xx_HAL_Driver\stm32l4xx_hal_rcc.o
                0x08001db4                HAL_RCC_GetSysClockFreq
 .text.HAL_RCC_OscConfig
                0x08001e50      0x4c4 Drivers\STM32L4xx_HAL_Driver\stm32l4xx_hal_rcc.o
                0x08001e50                HAL_RCC_OscConfig
 .text.HAL_RCC_ClockConfig
                0x08002314      0x12c Drivers\STM32L4xx_HAL_Driver\stm32l4xx_hal_rcc.o
                0x08002314                HAL_RCC_ClockConfig
 .text.HAL_RCC_GetPCLK1Freq
                0x08002440       0x24 Drivers\STM32L4xx_HAL_Driver\stm32l4xx_hal_rcc.o
                0x08002440                HAL_RCC_GetPCLK1Freq
 .text.HAL_RCC_GetPCLK2Freq
                0x08002464       0x24 Drivers\STM32L4xx_HAL_Driver\stm32l4xx_hal_rcc.o
                0x08002464                HAL_RCC_GetPCLK2Freq
 .text.RCCEx_PLLSAI1_Config
                0x08002488      0x11c Drivers\STM32L4xx_HAL_Driver\stm32l4xx_hal_rcc_ex.o
 .text.RCCEx_PLLSAI2_Config
                0x080025a4       0xfc Drivers\STM32L4xx_HAL_Driver\stm32l4xx_hal_rcc_ex.o
 .text.HAL_RCCEx_PeriphCLKConfig
                0x080026a0      0x3d0 Drivers\STM32L4xx_HAL_Driver\stm32l4xx_hal_rcc_ex.o
                0x080026a0                HAL_RCCEx_PeriphCLKConfig
 .text.HAL_RTC_WaitForSynchro
                0x08002a70       0x30 Drivers\STM32L4xx_HAL_Driver\stm32l4xx_hal_rtc.o
                0x08002a70                HAL_RTC_WaitForSynchro
 .text.RTC_EnterInitMode
                0x08002aa0       0x44 Drivers\STM32L4xx_HAL_Driver\stm32l4xx_hal_rtc.o
                0x08002aa0                RTC_EnterInitMode
 .text.RTC_ExitInitMode
                0x08002ae4       0x44 Drivers\STM32L4xx_HAL_Driver\stm32l4xx_hal_rtc.o
                0x08002ae4                RTC_ExitInitMode
 .text.HAL_RTC_Init
                0x08002b28       0x8e Drivers\STM32L4xx_HAL_Driver\stm32l4xx_hal_rtc.o
                0x08002b28                HAL_RTC_Init
 .text.RTC_ByteToBcd2
                0x08002bb6       0x16 Drivers\STM32L4xx_HAL_Driver\stm32l4xx_hal_rtc.o
                0x08002bb6                RTC_ByteToBcd2
 .text.HAL_RTC_SetTime
                0x08002bcc       0xbe Drivers\STM32L4xx_HAL_Driver\stm32l4xx_hal_rtc.o
                0x08002bcc                HAL_RTC_SetTime
 .text.HAL_RTC_SetDate
                0x08002c8a       0x9a Drivers\STM32L4xx_HAL_Driver\stm32l4xx_hal_rtc.o
                0x08002c8a                HAL_RTC_SetDate
 .text.RTC_Bcd2ToByte
                0x08002d24       0x12 Drivers\STM32L4xx_HAL_Driver\stm32l4xx_hal_rtc.o
                0x08002d24                RTC_Bcd2ToByte
 .text.HAL_RTC_GetTime
                0x08002d36       0x4c Drivers\STM32L4xx_HAL_Driver\stm32l4xx_hal_rtc.o
                0x08002d36                HAL_RTC_GetTime
 .text.HAL_RTC_GetDate
                0x08002d82       0x40 Drivers\STM32L4xx_HAL_Driver\stm32l4xx_hal_rtc.o
                0x08002d82                HAL_RTC_GetDate
 *fill*         0x08002dc2        0x2 
 .text.UART_SetConfig
                0x08002dc4      0x330 Drivers\STM32L4xx_HAL_Driver\stm32l4xx_hal_uart.o
                0x08002dc4                UART_SetConfig
 .text.UART_AdvFeatureConfig
                0x080030f4       0xa8 Drivers\STM32L4xx_HAL_Driver\stm32l4xx_hal_uart.o
                0x080030f4                UART_AdvFeatureConfig
 .text.UART_WaitOnFlagUntilTimeout
                0x0800319c       0x5e Drivers\STM32L4xx_HAL_Driver\stm32l4xx_hal_uart.o
                0x0800319c                UART_WaitOnFlagUntilTimeout
 .text.HAL_UART_Transmit
                0x080031fa       0xae Drivers\STM32L4xx_HAL_Driver\stm32l4xx_hal_uart.o
                0x080031fa                HAL_UART_Transmit
 .text.UART_CheckIdleState
                0x080032a8       0x60 Drivers\STM32L4xx_HAL_Driver\stm32l4xx_hal_uart.o
                0x080032a8                UART_CheckIdleState
 .text.HAL_UART_Init
                0x08003308       0x5c Drivers\STM32L4xx_HAL_Driver\stm32l4xx_hal_uart.o
                0x08003308                HAL_UART_Init
 .text.MX_DFSDM1_Init
                0x08003364       0xa0 Src\dfsdm.o
                0x08003364                MX_DFSDM1_Init
 .text.HAL_DFSDM_FilterMspInit
                0x08003404       0xd0 Src\dfsdm.o
                0x08003404                HAL_DFSDM_FilterMspInit
 .text.HAL_DFSDM_ChannelMspInit
                0x080034d4       0x90 Src\dfsdm.o
                0x080034d4                HAL_DFSDM_ChannelMspInit
 .text.MX_DMA_Init
                0x08003564       0x50 Src\dma.o
                0x08003564                MX_DMA_Init
 .text.MX_GPIO_Init
                0x080035b4      0x144 Src\gpio.o
                0x080035b4                MX_GPIO_Init
 .text.MX_LCD_Init
                0x080036f8       0x3c Src\lcd.o
                0x080036f8                MX_LCD_Init
 .text.HAL_LCD_MspInit
                0x08003734       0xe8 Src\lcd.o
                0x08003734                HAL_LCD_MspInit
 .text.HAL_GPIO_EXTI_Callback
                0x0800381c       0x48 Src\main.o
                0x0800381c                HAL_GPIO_EXTI_Callback
 .text._write   0x08003864       0x18 Src\main.o
                0x08003864                _write
 *fill*         0x0800387c        0x4 
 .text.Prog_callback
                0x08003880      0x160 Src\main.o
                0x08003880                Prog_callback
 .text.Probki_callback
                0x080039e0       0x44 Src\main.o
                0x080039e0                Probki_callback
 .text.Wyswietl_Prog_callback
                0x08003a24       0x3c Src\main.o
                0x08003a24                Wyswietl_Prog_callback
 .text.SystemClock_Config
                0x08003a60       0x84 Src\main.o
                0x08003a60                SystemClock_Config
 .text.startup.main
                0x08003ae4       0xec Src\main.o
                0x08003ae4                main
 .text.Error_Handler
                0x08003bd0        0x2 Src\main.o
                0x08003bd0                Error_Handler
 *fill*         0x08003bd2        0x2 
 .text.Menu_Odswiez
                0x08003bd4       0x30 Src\menu.o
                0x08003bd4                Menu_Odswiez
 .text.Menu_Nast
                0x08003c04       0x14 Src\menu.o
                0x08003c04                Menu_Nast
 .text.Menu_Poprz
                0x08003c18       0x14 Src\menu.o
                0x08003c18                Menu_Poprz
 .text.Menu_Dziecko
                0x08003c2c       0x14 Src\menu.o
                0x08003c2c                Menu_Dziecko
 .text.Menu_Rodzic
                0x08003c40       0x14 Src\menu.o
                0x08003c40                Menu_Rodzic
 .text.Menu_Funkcja
                0x08003c54       0x18 Src\menu.o
                0x08003c54                Menu_Funkcja
 .text.MX_QUADSPI_Init
                0x08003c6c       0x34 Src\quadspi.o
                0x08003c6c                MX_QUADSPI_Init
 .text.HAL_QSPI_MspInit
                0x08003ca0       0x6c Src\quadspi.o
                0x08003ca0                HAL_QSPI_MspInit
 .text.MX_RTC_Init
                0x08003d0c       0x90 Src\rtc.o
                0x08003d0c                MX_RTC_Init
 .text.HAL_RTC_MspInit
                0x08003d9c       0x20 Src\rtc.o
                0x08003d9c                HAL_RTC_MspInit
 .text.WriteChar.isra.3
                0x08003dbc      0x530 Src\stm32l476g_discovery_glass_lcd.o
 .text.BSP_LCD_GLASS_Clear
                0x080042ec        0xc Src\stm32l476g_discovery_glass_lcd.o
                0x080042ec                BSP_LCD_GLASS_Clear
 .text.BSP_LCD_GLASS_Init
                0x080042f8      0x15c Src\stm32l476g_discovery_glass_lcd.o
                0x080042f8                BSP_LCD_GLASS_Init
 .text.BSP_LCD_GLASS_DisplayString
                0x08004454       0x30 Src\stm32l476g_discovery_glass_lcd.o
                0x08004454                BSP_LCD_GLASS_DisplayString
 .text.BSP_LCD_GLASS_ScrollSentence
                0x08004484       0xd4 Src\stm32l476g_discovery_glass_lcd.o
                0x08004484                BSP_LCD_GLASS_ScrollSentence
 .text.HAL_MspInit
                0x08004558       0x30 Src\stm32l4xx_hal_msp.o
                0x08004558                HAL_MspInit
 .text.NMI_Handler
                0x08004588        0x2 Src\stm32l4xx_it.o
                0x08004588                NMI_Handler
 .text.HardFault_Handler
                0x0800458a        0x2 Src\stm32l4xx_it.o
                0x0800458a                HardFault_Handler
 .text.MemManage_Handler
                0x0800458c        0x2 Src\stm32l4xx_it.o
                0x0800458c                MemManage_Handler
 .text.BusFault_Handler
                0x0800458e        0x2 Src\stm32l4xx_it.o
                0x0800458e                BusFault_Handler
 .text.UsageFault_Handler
                0x08004590        0x2 Src\stm32l4xx_it.o
                0x08004590                UsageFault_Handler
 .text.SVC_Handler
                0x08004592        0x2 Src\stm32l4xx_it.o
                0x08004592                SVC_Handler
 .text.DebugMon_Handler
                0x08004594        0x2 Src\stm32l4xx_it.o
                0x08004594                DebugMon_Handler
 .text.PendSV_Handler
                0x08004596        0x2 Src\stm32l4xx_it.o
                0x08004596                PendSV_Handler
 .text.SysTick_Handler
                0x08004598        0x4 Src\stm32l4xx_it.o
                0x08004598                SysTick_Handler
 .text.EXTI0_IRQHandler
                0x0800459c        0x6 Src\stm32l4xx_it.o
                0x0800459c                EXTI0_IRQHandler
 .text.EXTI1_IRQHandler
                0x080045a2        0x6 Src\stm32l4xx_it.o
                0x080045a2                EXTI1_IRQHandler
 .text.EXTI2_IRQHandler
                0x080045a8        0x6 Src\stm32l4xx_it.o
                0x080045a8                EXTI2_IRQHandler
 .text.EXTI3_IRQHandler
                0x080045ae        0x6 Src\stm32l4xx_it.o
                0x080045ae                EXTI3_IRQHandler
 .text.DMA1_Channel4_IRQHandler
                0x080045b4        0xc Src\stm32l4xx_it.o
                0x080045b4                DMA1_Channel4_IRQHandler
 .text.DMA1_Channel6_IRQHandler
                0x080045c0        0xc Src\stm32l4xx_it.o
                0x080045c0                DMA1_Channel6_IRQHandler
 .text.DMA1_Channel7_IRQHandler
                0x080045cc        0xc Src\stm32l4xx_it.o
                0x080045cc                DMA1_Channel7_IRQHandler
 .text.EXTI9_5_IRQHandler
                0x080045d8        0x6 Src\stm32l4xx_it.o
                0x080045d8                EXTI9_5_IRQHandler
 *fill*         0x080045de        0x2 
 .text.DFSDM1_FLT0_IRQHandler
                0x080045e0        0xc Src\stm32l4xx_it.o
                0x080045e0                DFSDM1_FLT0_IRQHandler
 .text._read    0x080045ec       0x1c Src\syscalls.o
                0x080045ec                _read
 .text._sbrk    0x08004608       0x34 Src\syscalls.o
                0x08004608                _sbrk
 .text._close   0x0800463c        0x6 Src\syscalls.o
                0x0800463c                _close
 .text._fstat   0x08004642        0xa Src\syscalls.o
                0x08004642                _fstat
 .text._isatty  0x0800464c        0x4 Src\syscalls.o
                0x0800464c                _isatty
 .text._lseek   0x08004650        0x4 Src\syscalls.o
                0x08004650                _lseek
 .text.SystemInit
                0x08004654       0x48 Src\system_stm32l4xx.o
                0x08004654                SystemInit
 .text.MX_USART2_UART_Init
                0x0800469c       0x3c Src\usart.o
                0x0800469c                MX_USART2_UART_Init
 .text.HAL_UART_MspInit
                0x080046d8       0xd0 Src\usart.o
                0x080046d8                HAL_UART_MspInit
 .text.Reset_Handler
                0x080047a8       0x50 startup\startup_stm32l476xx.o
                0x080047a8                Reset_Handler
 .text.Default_Handler
                0x080047f8        0x2 startup\startup_stm32l476xx.o
                0x080047f8                RTC_Alarm_IRQHandler
                0x080047f8                TIM8_TRG_COM_IRQHandler
                0x080047f8                TIM8_CC_IRQHandler
                0x080047f8                TIM1_CC_IRQHandler
                0x080047f8                TSC_IRQHandler
                0x080047f8                TAMP_STAMP_IRQHandler
                0x080047f8                LPTIM2_IRQHandler
                0x080047f8                DFSDM1_FLT1_IRQHandler
                0x080047f8                I2C3_ER_IRQHandler
                0x080047f8                DFSDM1_FLT2_IRQHandler
                0x080047f8                I2C2_EV_IRQHandler
                0x080047f8                CAN1_RX0_IRQHandler
                0x080047f8                FPU_IRQHandler
                0x080047f8                TIM1_UP_TIM16_IRQHandler
                0x080047f8                ADC1_2_IRQHandler
                0x080047f8                SPI1_IRQHandler
                0x080047f8                TIM6_DAC_IRQHandler
                0x080047f8                TIM8_UP_IRQHandler
                0x080047f8                DMA2_Channel2_IRQHandler
                0x080047f8                SAI2_IRQHandler
                0x080047f8                DFSDM1_FLT3_IRQHandler
                0x080047f8                USART3_IRQHandler
                0x080047f8                CAN1_RX1_IRQHandler
                0x080047f8                LCD_IRQHandler
                0x080047f8                UART5_IRQHandler
                0x080047f8                ADC3_IRQHandler
                0x080047f8                TIM4_IRQHandler
                0x080047f8                DMA2_Channel1_IRQHandler
                0x080047f8                QUADSPI_IRQHandler
                0x080047f8                I2C1_EV_IRQHandler
                0x080047f8                UART4_IRQHandler
                0x080047f8                DMA2_Channel4_IRQHandler
                0x080047f8                TIM3_IRQHandler
                0x080047f8                RCC_IRQHandler
                0x080047f8                DMA1_Channel1_IRQHandler
                0x080047f8                Default_Handler
                0x080047f8                DMA2_Channel7_IRQHandler
                0x080047f8                EXTI15_10_IRQHandler
                0x080047f8                TIM7_IRQHandler
                0x080047f8                SDMMC1_IRQHandler
                0x080047f8                TIM5_IRQHandler
                0x080047f8                I2C3_EV_IRQHandler
                0x080047f8                RTC_WKUP_IRQHandler
                0x080047f8                PVD_PVM_IRQHandler
                0x080047f8                SPI2_IRQHandler
                0x080047f8                CAN1_TX_IRQHandler
                0x080047f8                DMA2_Channel5_IRQHandler
                0x080047f8                DMA1_Channel5_IRQHandler
                0x080047f8                EXTI4_IRQHandler
                0x080047f8                RNG_IRQHandler
                0x080047f8                TIM1_TRG_COM_TIM17_IRQHandler
                0x080047f8                DMA1_Channel3_IRQHandler
                0x080047f8                COMP_IRQHandler
                0x080047f8                WWDG_IRQHandler
                0x080047f8                LPUART1_IRQHandler
                0x080047f8                DMA2_Channel6_IRQHandler
                0x080047f8                TIM2_IRQHandler
                0x080047f8                USART2_IRQHandler
                0x080047f8                I2C2_ER_IRQHandler
                0x080047f8                DMA1_Channel2_IRQHandler
                0x080047f8                TIM8_BRK_IRQHandler
                0x080047f8                CAN1_SCE_IRQHandler
                0x080047f8                FLASH_IRQHandler
                0x080047f8                USART1_IRQHandler
                0x080047f8                OTG_FS_IRQHandler
                0x080047f8                SPI3_IRQHandler
                0x080047f8                I2C1_ER_IRQHandler
                0x080047f8                FMC_IRQHandler
                0x080047f8                SWPMI1_IRQHandler
                0x080047f8                LPTIM1_IRQHandler
                0x080047f8                SAI1_IRQHandler
                0x080047f8                DMA2_Channel3_IRQHandler
                0x080047f8                TIM1_BRK_TIM15_IRQHandler
 *fill*         0x080047fa        0x2 
 .text.__errno  0x080047fc        0xc c:/program files (x86)/atollic/truestudio for stm32 9.3.0/armtools/bin/../lib/gcc/arm-atollic-eabi/6.3.1/../../../../arm-atollic-eabi/lib/armv7e-m/fpu\libc_nano.a(lib_a-errno.o)
                0x080047fc                __errno
 .text.__libc_init_array
                0x08004808       0x48 c:/program files (x86)/atollic/truestudio for stm32 9.3.0/armtools/bin/../lib/gcc/arm-atollic-eabi/6.3.1/../../../../arm-atollic-eabi/lib/armv7e-m/fpu\libc_nano.a(lib_a-init.o)
                0x08004808                __libc_init_array
 .text.memcpy   0x08004850       0x16 c:/program files (x86)/atollic/truestudio for stm32 9.3.0/armtools/bin/../lib/gcc/arm-atollic-eabi/6.3.1/../../../../arm-atollic-eabi/lib/armv7e-m/fpu\libc_nano.a(lib_a-memcpy-stub.o)
                0x08004850                memcpy
 .text.memset   0x08004866       0x10 c:/program files (x86)/atollic/truestudio for stm32 9.3.0/armtools/bin/../lib/gcc/arm-atollic-eabi/6.3.1/../../../../arm-atollic-eabi/lib/armv7e-m/fpu\libc_nano.a(lib_a-memset.o)
                0x08004866                memset
 *fill*         0x08004876        0x2 
 .text.printf   0x08004878       0x30 c:/program files (x86)/atollic/truestudio for stm32 9.3.0/armtools/bin/../lib/gcc/arm-atollic-eabi/6.3.1/../../../../arm-atollic-eabi/lib/armv7e-m/fpu\libc_nano.a(lib_a-printf.o)
                0x08004878                iprintf
                0x08004878                printf
 .text._puts_r  0x080048a8       0xb8 c:/program files (x86)/atollic/truestudio for stm32 9.3.0/armtools/bin/../lib/gcc/arm-atollic-eabi/6.3.1/../../../../arm-atollic-eabi/lib/armv7e-m/fpu\libc_nano.a(lib_a-puts.o)
                0x080048a8                _puts_r
 .text.puts     0x08004960       0x10 c:/program files (x86)/atollic/truestudio for stm32 9.3.0/armtools/bin/../lib/gcc/arm-atollic-eabi/6.3.1/../../../../arm-atollic-eabi/lib/armv7e-m/fpu\libc_nano.a(lib_a-puts.o)
                0x08004960                puts
 .text.sprintf  0x08004970       0x48 c:/program files (x86)/atollic/truestudio for stm32 9.3.0/armtools/bin/../lib/gcc/arm-atollic-eabi/6.3.1/../../../../arm-atollic-eabi/lib/armv7e-m/fpu\libc_nano.a(lib_a-sprintf.o)
                0x08004970                siprintf
                0x08004970                sprintf
 .text.__swbuf_r
                0x080049b8       0xa4 c:/program files (x86)/atollic/truestudio for stm32 9.3.0/armtools/bin/../lib/gcc/arm-atollic-eabi/6.3.1/../../../../arm-atollic-eabi/lib/armv7e-m/fpu\libc_nano.a(lib_a-wbuf.o)
                0x080049b8                __swbuf_r
 .text.__swsetup_r
                0x08004a5c       0xdc c:/program files (x86)/atollic/truestudio for stm32 9.3.0/armtools/bin/../lib/gcc/arm-atollic-eabi/6.3.1/../../../../arm-atollic-eabi/lib/armv7e-m/fpu\libc_nano.a(lib_a-wsetup.o)
                0x08004a5c                __swsetup_r
 .text.__sflush_r
                0x08004b38      0x110 c:/program files (x86)/atollic/truestudio for stm32 9.3.0/armtools/bin/../lib/gcc/arm-atollic-eabi/6.3.1/../../../../arm-atollic-eabi/lib/armv7e-m/fpu\libc_nano.a(lib_a-fflush.o)
                0x08004b38                __sflush_r
 .text._fflush_r
                0x08004c48       0x54 c:/program files (x86)/atollic/truestudio for stm32 9.3.0/armtools/bin/../lib/gcc/arm-atollic-eabi/6.3.1/../../../../arm-atollic-eabi/lib/armv7e-m/fpu\libc_nano.a(lib_a-fflush.o)
                0x08004c48                _fflush_r
 .text._cleanup_r
                0x08004c9c        0xc c:/program files (x86)/atollic/truestudio for stm32 9.3.0/armtools/bin/../lib/gcc/arm-atollic-eabi/6.3.1/../../../../arm-atollic-eabi/lib/armv7e-m/fpu\libc_nano.a(lib_a-findfp.o)
                0x08004c9c                _cleanup_r
 .text.std.isra.0
                0x08004ca8       0x48 c:/program files (x86)/atollic/truestudio for stm32 9.3.0/armtools/bin/../lib/gcc/arm-atollic-eabi/6.3.1/../../../../arm-atollic-eabi/lib/armv7e-m/fpu\libc_nano.a(lib_a-findfp.o)
 .text.__sfmoreglue
                0x08004cf0       0x2c c:/program files (x86)/atollic/truestudio for stm32 9.3.0/armtools/bin/../lib/gcc/arm-atollic-eabi/6.3.1/../../../../arm-atollic-eabi/lib/armv7e-m/fpu\libc_nano.a(lib_a-findfp.o)
                0x08004cf0                __sfmoreglue
 .text.__sinit  0x08004d1c       0x60 c:/program files (x86)/atollic/truestudio for stm32 9.3.0/armtools/bin/../lib/gcc/arm-atollic-eabi/6.3.1/../../../../arm-atollic-eabi/lib/armv7e-m/fpu\libc_nano.a(lib_a-findfp.o)
                0x08004d1c                __sinit
 .text.__sfp    0x08004d7c       0x78 c:/program files (x86)/atollic/truestudio for stm32 9.3.0/armtools/bin/../lib/gcc/arm-atollic-eabi/6.3.1/../../../../arm-atollic-eabi/lib/armv7e-m/fpu\libc_nano.a(lib_a-findfp.o)
                0x08004d7c                __sfp
 .text._fwalk_reent
                0x08004df4       0x3c c:/program files (x86)/atollic/truestudio for stm32 9.3.0/armtools/bin/../lib/gcc/arm-atollic-eabi/6.3.1/../../../../arm-atollic-eabi/lib/armv7e-m/fpu\libc_nano.a(lib_a-fwalk.o)
                0x08004df4                _fwalk_reent
 .text.__swhatbuf_r
                0x08004e30       0x48 c:/program files (x86)/atollic/truestudio for stm32 9.3.0/armtools/bin/../lib/gcc/arm-atollic-eabi/6.3.1/../../../../arm-atollic-eabi/lib/armv7e-m/fpu\libc_nano.a(lib_a-makebuf.o)
                0x08004e30                __swhatbuf_r
 .text.__smakebuf_r
                0x08004e78       0x80 c:/program files (x86)/atollic/truestudio for stm32 9.3.0/armtools/bin/../lib/gcc/arm-atollic-eabi/6.3.1/../../../../arm-atollic-eabi/lib/armv7e-m/fpu\libc_nano.a(lib_a-makebuf.o)
                0x08004e78                __smakebuf_r
 .text._free_r  0x08004ef8       0x9c c:/program files (x86)/atollic/truestudio for stm32 9.3.0/armtools/bin/../lib/gcc/arm-atollic-eabi/6.3.1/../../../../arm-atollic-eabi/lib/armv7e-m/fpu\libc_nano.a(lib_a-nano-freer.o)
                0x08004ef8                _free_r
 .text._malloc_r
                0x08004f94       0xbc c:/program files (x86)/atollic/truestudio for stm32 9.3.0/armtools/bin/../lib/gcc/arm-atollic-eabi/6.3.1/../../../../arm-atollic-eabi/lib/armv7e-m/fpu\libc_nano.a(lib_a-nano-mallocr.o)
                0x08004f94                _malloc_r
 .text.__ssputs_r
                0x08005050       0xb6 c:/program files (x86)/atollic/truestudio for stm32 9.3.0/armtools/bin/../lib/gcc/arm-atollic-eabi/6.3.1/../../../../arm-atollic-eabi/lib/armv7e-m/fpu\libc_nano.a(lib_a-nano-svfprintf.o)
                0x08005050                __ssputs_r
 *fill*         0x08005106        0x2 
 .text._svfprintf_r
                0x08005108      0x1e8 c:/program files (x86)/atollic/truestudio for stm32 9.3.0/armtools/bin/../lib/gcc/arm-atollic-eabi/6.3.1/../../../../arm-atollic-eabi/lib/armv7e-m/fpu\libc_nano.a(lib_a-nano-svfprintf.o)
                0x08005108                _svfiprintf_r
                0x08005108                _svfprintf_r
 .text.__sfputc_r
                0x080052f0       0x30 c:/program files (x86)/atollic/truestudio for stm32 9.3.0/armtools/bin/../lib/gcc/arm-atollic-eabi/6.3.1/../../../../arm-atollic-eabi/lib/armv7e-m/fpu\libc_nano.a(lib_a-nano-vfprintf.o)
 .text.__sfputs_r
                0x08005320       0x24 c:/program files (x86)/atollic/truestudio for stm32 9.3.0/armtools/bin/../lib/gcc/arm-atollic-eabi/6.3.1/../../../../arm-atollic-eabi/lib/armv7e-m/fpu\libc_nano.a(lib_a-nano-vfprintf.o)
                0x08005320                __sfputs_r
 .text._vfprintf_r
                0x08005344      0x22c c:/program files (x86)/atollic/truestudio for stm32 9.3.0/armtools/bin/../lib/gcc/arm-atollic-eabi/6.3.1/../../../../arm-atollic-eabi/lib/armv7e-m/fpu\libc_nano.a(lib_a-nano-vfprintf.o)
                0x08005344                _vfprintf_r
                0x08005344                _vfiprintf_r
 .text._printf_common
                0x08005570       0xec c:/program files (x86)/atollic/truestudio for stm32 9.3.0/armtools/bin/../lib/gcc/arm-atollic-eabi/6.3.1/../../../../arm-atollic-eabi/lib/armv7e-m/fpu\libc_nano.a(lib_a-nano-vfprintf_i.o)
                0x08005570                _printf_common
 .text._printf_i
                0x0800565c      0x240 c:/program files (x86)/atollic/truestudio for stm32 9.3.0/armtools/bin/../lib/gcc/arm-atollic-eabi/6.3.1/../../../../arm-atollic-eabi/lib/armv7e-m/fpu\libc_nano.a(lib_a-nano-vfprintf_i.o)
                0x0800565c                _printf_i
 .text._sbrk_r  0x0800589c       0x20 c:/program files (x86)/atollic/truestudio for stm32 9.3.0/armtools/bin/../lib/gcc/arm-atollic-eabi/6.3.1/../../../../arm-atollic-eabi/lib/armv7e-m/fpu\libc_nano.a(lib_a-sbrkr.o)
                0x0800589c                _sbrk_r
 .text.__sread  0x080058bc       0x22 c:/program files (x86)/atollic/truestudio for stm32 9.3.0/armtools/bin/../lib/gcc/arm-atollic-eabi/6.3.1/../../../../arm-atollic-eabi/lib/armv7e-m/fpu\libc_nano.a(lib_a-stdio.o)
                0x080058bc                __sread
 .text.__swrite
                0x080058de       0x38 c:/program files (x86)/atollic/truestudio for stm32 9.3.0/armtools/bin/../lib/gcc/arm-atollic-eabi/6.3.1/../../../../arm-atollic-eabi/lib/armv7e-m/fpu\libc_nano.a(lib_a-stdio.o)
                0x080058de                __swrite
 .text.__sseek  0x08005916       0x24 c:/program files (x86)/atollic/truestudio for stm32 9.3.0/armtools/bin/../lib/gcc/arm-atollic-eabi/6.3.1/../../../../arm-atollic-eabi/lib/armv7e-m/fpu\libc_nano.a(lib_a-stdio.o)
                0x08005916                __sseek
 .text.__sclose
                0x0800593a        0x8 c:/program files (x86)/atollic/truestudio for stm32 9.3.0/armtools/bin/../lib/gcc/arm-atollic-eabi/6.3.1/../../../../arm-atollic-eabi/lib/armv7e-m/fpu\libc_nano.a(lib_a-stdio.o)
                0x0800593a                __sclose
 *fill*         0x08005942        0x2 
 .text._write_r
                0x08005944       0x24 c:/program files (x86)/atollic/truestudio for stm32 9.3.0/armtools/bin/../lib/gcc/arm-atollic-eabi/6.3.1/../../../../arm-atollic-eabi/lib/armv7e-m/fpu\libc_nano.a(lib_a-writer.o)
                0x08005944                _write_r
 .text._close_r
                0x08005968       0x20 c:/program files (x86)/atollic/truestudio for stm32 9.3.0/armtools/bin/../lib/gcc/arm-atollic-eabi/6.3.1/../../../../arm-atollic-eabi/lib/armv7e-m/fpu\libc_nano.a(lib_a-closer.o)
                0x08005968                _close_r
 .text._fstat_r
                0x08005988       0x24 c:/program files (x86)/atollic/truestudio for stm32 9.3.0/armtools/bin/../lib/gcc/arm-atollic-eabi/6.3.1/../../../../arm-atollic-eabi/lib/armv7e-m/fpu\libc_nano.a(lib_a-fstatr.o)
                0x08005988                _fstat_r
 .text._isatty_r
                0x080059ac       0x20 c:/program files (x86)/atollic/truestudio for stm32 9.3.0/armtools/bin/../lib/gcc/arm-atollic-eabi/6.3.1/../../../../arm-atollic-eabi/lib/armv7e-m/fpu\libc_nano.a(lib_a-isattyr.o)
                0x080059ac                _isatty_r
 .text._lseek_r
                0x080059cc       0x24 c:/program files (x86)/atollic/truestudio for stm32 9.3.0/armtools/bin/../lib/gcc/arm-atollic-eabi/6.3.1/../../../../arm-atollic-eabi/lib/armv7e-m/fpu\libc_nano.a(lib_a-lseekr.o)
                0x080059cc                _lseek_r
 .text.memmove  0x080059f0       0x34 c:/program files (x86)/atollic/truestudio for stm32 9.3.0/armtools/bin/../lib/gcc/arm-atollic-eabi/6.3.1/../../../../arm-atollic-eabi/lib/armv7e-m/fpu\libc_nano.a(lib_a-memmove.o)
                0x080059f0                memmove
 .text.__malloc_lock
                0x08005a24        0x2 c:/program files (x86)/atollic/truestudio for stm32 9.3.0/armtools/bin/../lib/gcc/arm-atollic-eabi/6.3.1/../../../../arm-atollic-eabi/lib/armv7e-m/fpu\libc_nano.a(lib_a-mlock.o)
                0x08005a24                __malloc_lock
 .text.__malloc_unlock
                0x08005a26        0x2 c:/program files (x86)/atollic/truestudio for stm32 9.3.0/armtools/bin/../lib/gcc/arm-atollic-eabi/6.3.1/../../../../arm-atollic-eabi/lib/armv7e-m/fpu\libc_nano.a(lib_a-mlock.o)
                0x08005a26                __malloc_unlock
 .text._realloc_r
                0x08005a28       0x4c c:/program files (x86)/atollic/truestudio for stm32 9.3.0/armtools/bin/../lib/gcc/arm-atollic-eabi/6.3.1/../../../../arm-atollic-eabi/lib/armv7e-m/fpu\libc_nano.a(lib_a-nano-reallocr.o)
                0x08005a28                _realloc_r
 .text._read_r  0x08005a74       0x24 c:/program files (x86)/atollic/truestudio for stm32 9.3.0/armtools/bin/../lib/gcc/arm-atollic-eabi/6.3.1/../../../../arm-atollic-eabi/lib/armv7e-m/fpu\libc_nano.a(lib_a-readr.o)
                0x08005a74                _read_r
 .text._malloc_usable_size_r
                0x08005a98       0x12 c:/program files (x86)/atollic/truestudio for stm32 9.3.0/armtools/bin/../lib/gcc/arm-atollic-eabi/6.3.1/../../../../arm-atollic-eabi/lib/armv7e-m/fpu\libc_nano.a(lib_a-nano-msizer.o)
                0x08005a98                _malloc_usable_size_r
 *(.glue_7)
 .glue_7        0x08005aaa        0x0 linker stubs
 *(.glue_7t)
 .glue_7t       0x08005aaa        0x0 linker stubs
 *(.eh_frame)
 *fill*         0x08005aaa        0x2 
 .eh_frame      0x08005aac        0x0 c:/program files (x86)/atollic/truestudio for stm32 9.3.0/armtools/bin/../lib/gcc/arm-atollic-eabi/6.3.1/armv7e-m/fpu/crtbegin.o
 *(.init)
 .init          0x08005aac        0x4 c:/program files (x86)/atollic/truestudio for stm32 9.3.0/armtools/bin/../lib/gcc/arm-atollic-eabi/6.3.1/armv7e-m/fpu/crti.o
                0x08005aac                _init
 .init          0x08005ab0        0x8 c:/program files (x86)/atollic/truestudio for stm32 9.3.0/armtools/bin/../lib/gcc/arm-atollic-eabi/6.3.1/armv7e-m/fpu/crtn.o
 *(.fini)
 .fini          0x08005ab8        0x4 c:/program files (x86)/atollic/truestudio for stm32 9.3.0/armtools/bin/../lib/gcc/arm-atollic-eabi/6.3.1/armv7e-m/fpu/crti.o
                0x08005ab8                _fini
 .fini          0x08005abc        0x8 c:/program files (x86)/atollic/truestudio for stm32 9.3.0/armtools/bin/../lib/gcc/arm-atollic-eabi/6.3.1/armv7e-m/fpu/crtn.o
                0x08005ac4                . = ALIGN (0x4)
                0x08005ac4                _etext = .

.vfp11_veneer   0x08005ac4        0x0
 .vfp11_veneer  0x08005ac4        0x0 linker stubs

.v4_bx          0x08005ac4        0x0
 .v4_bx         0x08005ac4        0x0 linker stubs

.iplt           0x08005ac4        0x0
 .iplt          0x08005ac4        0x0 c:/program files (x86)/atollic/truestudio for stm32 9.3.0/armtools/bin/../lib/gcc/arm-atollic-eabi/6.3.1/armv7e-m/fpu/crtbegin.o

.rodata         0x08005ac8      0x3fc
                0x08005ac8                . = ALIGN (0x4)
 *(.rodata)
 .rodata        0x08005ac8      0x200 Src\main.o
 *(.rodata*)
 .rodata.CSWTCH.49
                0x08005cc8        0x4 Drivers\STM32L4xx_HAL_Driver\stm32l4xx_hal_uart.o
 .rodata.CSWTCH.50
                0x08005ccc        0xd Drivers\STM32L4xx_HAL_Driver\stm32l4xx_hal_uart.o
 .rodata.Probki_callback.str1.1
                0x08005cd9       0x37 Src\main.o
 .rodata.Prog_callback.str1.1
                0x08005d10       0x65 Src\main.o
 .rodata.Wyswietl_Prog_callback.str1.1
                0x08005d75        0x3 Src\main.o
 .rodata.str1.1
                0x08005d78       0x22 Src\menu.o
 .rodata.CapLetterMap
                0x08005d9a       0x34 Src\stm32l476g_discovery_glass_lcd.o
                0x08005d9a                CapLetterMap
 .rodata.NumberMap
                0x08005dce       0x14 Src\stm32l476g_discovery_glass_lcd.o
                0x08005dce                NumberMap
 .rodata.AHBPrescTable
                0x08005de2       0x10 Src\system_stm32l4xx.o
                0x08005de2                AHBPrescTable
 .rodata.APBPrescTable
                0x08005df2        0x8 Src\system_stm32l4xx.o
                0x08005df2                APBPrescTable
 *fill*         0x08005dfa        0x2 
 .rodata.MSIRangeTable
                0x08005dfc       0x30 Src\system_stm32l4xx.o
                0x08005dfc                MSIRangeTable
 .rodata._global_impure_ptr
                0x08005e2c        0x4 c:/program files (x86)/atollic/truestudio for stm32 9.3.0/armtools/bin/../lib/gcc/arm-atollic-eabi/6.3.1/../../../../arm-atollic-eabi/lib/armv7e-m/fpu\libc_nano.a(lib_a-impure.o)
                0x08005e2c                _global_impure_ptr
 .rodata.__sf_fake_stderr
                0x08005e30       0x20 c:/program files (x86)/atollic/truestudio for stm32 9.3.0/armtools/bin/../lib/gcc/arm-atollic-eabi/6.3.1/../../../../arm-atollic-eabi/lib/armv7e-m/fpu\libc_nano.a(lib_a-findfp.o)
                0x08005e30                __sf_fake_stderr
 .rodata.__sf_fake_stdin
                0x08005e50       0x20 c:/program files (x86)/atollic/truestudio for stm32 9.3.0/armtools/bin/../lib/gcc/arm-atollic-eabi/6.3.1/../../../../arm-atollic-eabi/lib/armv7e-m/fpu\libc_nano.a(lib_a-findfp.o)
                0x08005e50                __sf_fake_stdin
 .rodata.__sf_fake_stdout
                0x08005e70       0x20 c:/program files (x86)/atollic/truestudio for stm32 9.3.0/armtools/bin/../lib/gcc/arm-atollic-eabi/6.3.1/../../../../arm-atollic-eabi/lib/armv7e-m/fpu\libc_nano.a(lib_a-findfp.o)
                0x08005e70                __sf_fake_stdout
 .rodata._svfprintf_r.str1.1
                0x08005e90       0x11 c:/program files (x86)/atollic/truestudio for stm32 9.3.0/armtools/bin/../lib/gcc/arm-atollic-eabi/6.3.1/../../../../arm-atollic-eabi/lib/armv7e-m/fpu\libc_nano.a(lib_a-nano-svfprintf.o)
 .rodata._vfprintf_r.str1.1
                0x08005ea1       0x11 c:/program files (x86)/atollic/truestudio for stm32 9.3.0/armtools/bin/../lib/gcc/arm-atollic-eabi/6.3.1/../../../../arm-atollic-eabi/lib/armv7e-m/fpu\libc_nano.a(lib_a-nano-vfprintf.o)
 .rodata._printf_i.str1.1
                0x08005ea1       0x22 c:/program files (x86)/atollic/truestudio for stm32 9.3.0/armtools/bin/../lib/gcc/arm-atollic-eabi/6.3.1/../../../../arm-atollic-eabi/lib/armv7e-m/fpu\libc_nano.a(lib_a-nano-vfprintf_i.o)
                0x08005ec4                . = ALIGN (0x4)
 *fill*         0x08005ec3        0x1 

.ARM.extab
 *(.ARM.extab* .gnu.linkonce.armextab.*)

.ARM            0x08005ec4        0x8
                0x08005ec4                __exidx_start = .
 *(.ARM.exidx*)
 .ARM.exidx     0x08005ec4        0x8 c:/program files (x86)/atollic/truestudio for stm32 9.3.0/armtools/bin/../lib/gcc/arm-atollic-eabi/6.3.1/armv7e-m/fpu\libgcc.a(_udivmoddi4.o)
                0x08005ecc                __exidx_end = .

.rel.dyn        0x08005ecc        0x0
 .rel.iplt      0x08005ecc        0x0 c:/program files (x86)/atollic/truestudio for stm32 9.3.0/armtools/bin/../lib/gcc/arm-atollic-eabi/6.3.1/armv7e-m/fpu/crtbegin.o

.preinit_array  0x08005ecc        0x0
                0x08005ecc                PROVIDE (__preinit_array_start, .)
 *(.preinit_array*)
                0x08005ecc                PROVIDE (__preinit_array_end, .)

.init_array     0x08005ecc        0x4
                0x08005ecc                PROVIDE (__init_array_start, .)
 *(SORT(.init_array.*))
 *(.init_array*)
 .init_array    0x08005ecc        0x4 c:/program files (x86)/atollic/truestudio for stm32 9.3.0/armtools/bin/../lib/gcc/arm-atollic-eabi/6.3.1/armv7e-m/fpu/crtbegin.o
                0x08005ed0                PROVIDE (__init_array_end, .)

.fini_array     0x08005ed0        0x4
                [!provide]                PROVIDE (__fini_array_start, .)
 *(SORT(.fini_array.*))
 *(.fini_array*)
 .fini_array    0x08005ed0        0x4 c:/program files (x86)/atollic/truestudio for stm32 9.3.0/armtools/bin/../lib/gcc/arm-atollic-eabi/6.3.1/armv7e-m/fpu/crtbegin.o
                [!provide]                PROVIDE (__fini_array_end, .)
                0x08005ed4                _sidata = LOADADDR (.data)

.data           0x20000000       0xd8 load address 0x08005ed4
                0x20000000                . = ALIGN (0x4)
                0x20000000                _sdata = .
 *(.data)
 *(.data*)
 .data.uwTickFreq
                0x20000000        0x4 Drivers\STM32L4xx_HAL_Driver\stm32l4xx_hal.o
                0x20000000                uwTickFreq
 .data.uwTickPrio
                0x20000004        0x4 Drivers\STM32L4xx_HAL_Driver\stm32l4xx_hal.o
                0x20000004                uwTickPrio
 .data.ProgDzwieku
                0x20000008        0x4 Src\main.o
                0x20000008                ProgDzwieku
 .data.AktualnaPozycja
                0x2000000c        0x4 Src\menu.o
                0x2000000c                AktualnaPozycja
 .data.Start    0x20000010       0x18 Src\menu.o
                0x20000010                Start
 .data.Tryb1    0x20000028       0x18 Src\menu.o
                0x20000028                Tryb1
 .data.Tryb2    0x20000040       0x18 Src\menu.o
                0x20000040                Tryb2
 .data.Wyswietl_Info_Tryb1
                0x20000058       0x18 Src\menu.o
                0x20000058                Wyswietl_Info_Tryb1
 .data.SystemCoreClock
                0x20000070        0x4 Src\system_stm32l4xx.o
                0x20000070                SystemCoreClock
 .data._impure_ptr
                0x20000074        0x4 c:/program files (x86)/atollic/truestudio for stm32 9.3.0/armtools/bin/../lib/gcc/arm-atollic-eabi/6.3.1/../../../../arm-atollic-eabi/lib/armv7e-m/fpu\libc_nano.a(lib_a-impure.o)
                0x20000074                _impure_ptr
 .data.impure_data
                0x20000078       0x60 c:/program files (x86)/atollic/truestudio for stm32 9.3.0/armtools/bin/../lib/gcc/arm-atollic-eabi/6.3.1/../../../../arm-atollic-eabi/lib/armv7e-m/fpu\libc_nano.a(lib_a-impure.o)
                0x200000d8                . = ALIGN (0x4)
                0x200000d8                _edata = .

.igot.plt       0x200000d8        0x0 load address 0x08005fac
 .igot.plt      0x200000d8        0x0 c:/program files (x86)/atollic/truestudio for stm32 9.3.0/armtools/bin/../lib/gcc/arm-atollic-eabi/6.3.1/armv7e-m/fpu/crtbegin.o
                0x200000d8                . = ALIGN (0x4)

.bss            0x200000d8     0x2360 load address 0x08005fac
                0x200000d8                _sbss = .
                0x200000d8                __bss_start__ = _sbss
 *(.bss)
 .bss           0x200000d8       0x1c c:/program files (x86)/atollic/truestudio for stm32 9.3.0/armtools/bin/../lib/gcc/arm-atollic-eabi/6.3.1/armv7e-m/fpu/crtbegin.o
 *(.bss*)
 .bss.a_dfsdm1ChannelHandle
                0x200000f4       0x20 Drivers\STM32L4xx_HAL_Driver\stm32l4xx_hal_dfsdm.o
 .bss.v_dfsdm1ChannelCounter
                0x20000114        0x4 Drivers\STM32L4xx_HAL_Driver\stm32l4xx_hal_dfsdm.o
 .bss.DFSDM1_Init
                0x20000118        0x4 Src\dfsdm.o
 .bss.HAL_RCC_DFSDM1_CLK_ENABLED
                0x2000011c        0x4 Src\dfsdm.o
 .bss.JCenter_flag
                0x20000120        0x4 Src\main.o
                0x20000120                JCenter_flag
 .bss.JDown_flag
                0x20000124        0x4 Src\main.o
                0x20000124                JDown_flag
 .bss.JLeft_flag
                0x20000128        0x4 Src\main.o
                0x20000128                JLeft_flag
 .bss.JRight_flag
                0x2000012c        0x4 Src\main.o
                0x2000012c                JRight_flag
 .bss.JUp_flag  0x20000130        0x4 Src\main.o
                0x20000130                JUp_flag
 .bss.bLCDGlass_KeyPressed
                0x20000134        0x1 Src\stm32l476g_discovery_glass_lcd.o
                0x20000134                bLCDGlass_KeyPressed
 *fill*         0x20000135        0x3 
 .bss.heap_end.7010
                0x20000138        0x4 Src\syscalls.o
 .bss.__malloc_free_list
                0x2000013c        0x4 c:/program files (x86)/atollic/truestudio for stm32 9.3.0/armtools/bin/../lib/gcc/arm-atollic-eabi/6.3.1/../../../../arm-atollic-eabi/lib/armv7e-m/fpu\libc_nano.a(lib_a-nano-mallocr.o)
                0x2000013c                __malloc_free_list
 .bss.__malloc_sbrk_start
                0x20000140        0x4 c:/program files (x86)/atollic/truestudio for stm32 9.3.0/armtools/bin/../lib/gcc/arm-atollic-eabi/6.3.1/../../../../arm-atollic-eabi/lib/armv7e-m/fpu\libc_nano.a(lib_a-nano-mallocr.o)
                0x20000140                __malloc_sbrk_start
 *(COMMON)
 COMMON         0x20000144        0x4 Drivers\STM32L4xx_HAL_Driver\stm32l4xx_hal.o
                0x20000144                uwTick
 COMMON         0x20000148       0xd4 Src\dfsdm.o
                0x20000148                hdfsdm1_filter0
                0x2000019c                hdma_dfsdm1_flt0
                0x200001e4                hdfsdm1_channel2
 COMMON         0x2000021c       0x3c Src\lcd.o
                0x2000021c                hlcd
 COMMON         0x20000258     0x2018 Src\main.o
                0x20000258                RecBuff
                0x20002258                RTC_Time
                0x2000226c                RTC_Calendar
 COMMON         0x20002270       0x44 Src\quadspi.o
                0x20002270                hqspi
 COMMON         0x200022b4       0x24 Src\rtc.o
                0x200022b4                hrtc
 COMMON         0x200022d8       0x4c Src\stm32l476g_discovery_glass_lcd.o
                0x200022d8                Digit
                0x200022e8                LCDHandle
 COMMON         0x20002324      0x110 Src\usart.o
                0x20002324                hdma_usart2_rx
                0x2000236c                hdma_usart2_tx
                0x200023b4                huart2
 COMMON         0x20002434        0x4 c:/program files (x86)/atollic/truestudio for stm32 9.3.0/armtools/bin/../lib/gcc/arm-atollic-eabi/6.3.1/../../../../arm-atollic-eabi/lib/armv7e-m/fpu\libc_nano.a(lib_a-reent.o)
                0x20002434                errno
                0x20002438                . = ALIGN (0x4)
                0x20002438                _ebss = .
                0x20002438                __bss_end__ = _ebss

._user_heap_stack
                0x20002438      0x600 load address 0x08005fac
                0x20002438                . = ALIGN (0x4)
                0x20002438                PROVIDE (end, .)
                [!provide]                PROVIDE (_end, .)
                0x20002638                . = (. + _Min_Heap_Size)
 *fill*         0x20002438      0x200 
                0x20002a38                . = (. + _Min_Stack_Size)
 *fill*         0x20002638      0x400 
                0x20002a38                . = ALIGN (0x4)

/DISCARD/
 libc.a(*)
 libm.a(*)
 libgcc.a(*)

.ARM.attributes
                0x00000000       0x30
 *(.ARM.attributes)
 .ARM.attributes
                0x00000000       0x22 c:/program files (x86)/atollic/truestudio for stm32 9.3.0/armtools/bin/../lib/gcc/arm-atollic-eabi/6.3.1/armv7e-m/fpu/crti.o
 .ARM.attributes
                0x00000022       0x34 c:/program files (x86)/atollic/truestudio for stm32 9.3.0/armtools/bin/../lib/gcc/arm-atollic-eabi/6.3.1/armv7e-m/fpu/crtbegin.o
 .ARM.attributes
                0x00000056       0x39 Drivers\STM32L4xx_HAL_Driver\stm32l4xx_hal.o
 .ARM.attributes
                0x0000008f       0x39 Drivers\STM32L4xx_HAL_Driver\stm32l4xx_hal_cortex.o
 .ARM.attributes
                0x000000c8       0x39 Drivers\STM32L4xx_HAL_Driver\stm32l4xx_hal_dfsdm.o
 .ARM.attributes
                0x00000101       0x39 Drivers\STM32L4xx_HAL_Driver\stm32l4xx_hal_dma.o
 .ARM.attributes
                0x0000013a       0x39 Drivers\STM32L4xx_HAL_Driver\stm32l4xx_hal_gpio.o
 .ARM.attributes
                0x00000173       0x39 Drivers\STM32L4xx_HAL_Driver\stm32l4xx_hal_lcd.o
 .ARM.attributes
                0x000001ac       0x39 Drivers\STM32L4xx_HAL_Driver\stm32l4xx_hal_pwr_ex.o
 .ARM.attributes
                0x000001e5       0x39 Drivers\STM32L4xx_HAL_Driver\stm32l4xx_hal_qspi.o
 .ARM.attributes
                0x0000021e       0x39 Drivers\STM32L4xx_HAL_Driver\stm32l4xx_hal_rcc.o
 .ARM.attributes
                0x00000257       0x39 Drivers\STM32L4xx_HAL_Driver\stm32l4xx_hal_rcc_ex.o
 .ARM.attributes
                0x00000290       0x39 Drivers\STM32L4xx_HAL_Driver\stm32l4xx_hal_rtc.o
 .ARM.attributes
                0x000002c9       0x39 Drivers\STM32L4xx_HAL_Driver\stm32l4xx_hal_uart.o
 .ARM.attributes
                0x00000302       0x39 Src\dfsdm.o
 .ARM.attributes
                0x0000033b       0x39 Src\dma.o
 .ARM.attributes
                0x00000374       0x39 Src\gpio.o
 .ARM.attributes
                0x000003ad       0x39 Src\lcd.o
 .ARM.attributes
                0x000003e6       0x39 Src\main.o
 .ARM.attributes
                0x0000041f       0x39 Src\menu.o
 .ARM.attributes
                0x00000458       0x39 Src\quadspi.o
 .ARM.attributes
                0x00000491       0x39 Src\rtc.o
 .ARM.attributes
                0x000004ca       0x39 Src\stm32l476g_discovery_glass_lcd.o
 .ARM.attributes
                0x00000503       0x39 Src\stm32l4xx_hal_msp.o
 .ARM.attributes
                0x0000053c       0x39 Src\stm32l4xx_it.o
 .ARM.attributes
                0x00000575       0x39 Src\syscalls.o
 .ARM.attributes
                0x000005ae       0x39 Src\system_stm32l4xx.o
 .ARM.attributes
                0x000005e7       0x39 Src\usart.o
 .ARM.attributes
                0x00000620       0x21 startup\startup_stm32l476xx.o
 .ARM.attributes
                0x00000641       0x34 c:/program files (x86)/atollic/truestudio for stm32 9.3.0/armtools/bin/../lib/gcc/arm-atollic-eabi/6.3.1/../../../../arm-atollic-eabi/lib/armv7e-m/fpu\libc_nano.a(lib_a-errno.o)
 .ARM.attributes
                0x00000675       0x34 c:/program files (x86)/atollic/truestudio for stm32 9.3.0/armtools/bin/../lib/gcc/arm-atollic-eabi/6.3.1/../../../../arm-atollic-eabi/lib/armv7e-m/fpu\libc_nano.a(lib_a-impure.o)
 .ARM.attributes
                0x000006a9       0x34 c:/program files (x86)/atollic/truestudio for stm32 9.3.0/armtools/bin/../lib/gcc/arm-atollic-eabi/6.3.1/../../../../arm-atollic-eabi/lib/armv7e-m/fpu\libc_nano.a(lib_a-init.o)
 .ARM.attributes
                0x000006dd       0x34 c:/program files (x86)/atollic/truestudio for stm32 9.3.0/armtools/bin/../lib/gcc/arm-atollic-eabi/6.3.1/../../../../arm-atollic-eabi/lib/armv7e-m/fpu\libc_nano.a(lib_a-memcpy-stub.o)
 .ARM.attributes
                0x00000711       0x34 c:/program files (x86)/atollic/truestudio for stm32 9.3.0/armtools/bin/../lib/gcc/arm-atollic-eabi/6.3.1/../../../../arm-atollic-eabi/lib/armv7e-m/fpu\libc_nano.a(lib_a-memset.o)
 .ARM.attributes
                0x00000745       0x34 c:/program files (x86)/atollic/truestudio for stm32 9.3.0/armtools/bin/../lib/gcc/arm-atollic-eabi/6.3.1/../../../../arm-atollic-eabi/lib/armv7e-m/fpu\libc_nano.a(lib_a-printf.o)
 .ARM.attributes
                0x00000779       0x34 c:/program files (x86)/atollic/truestudio for stm32 9.3.0/armtools/bin/../lib/gcc/arm-atollic-eabi/6.3.1/../../../../arm-atollic-eabi/lib/armv7e-m/fpu\libc_nano.a(lib_a-puts.o)
 .ARM.attributes
                0x000007ad       0x34 c:/program files (x86)/atollic/truestudio for stm32 9.3.0/armtools/bin/../lib/gcc/arm-atollic-eabi/6.3.1/../../../../arm-atollic-eabi/lib/armv7e-m/fpu\libc_nano.a(lib_a-sprintf.o)
 .ARM.attributes
                0x000007e1       0x1b c:/program files (x86)/atollic/truestudio for stm32 9.3.0/armtools/bin/../lib/gcc/arm-atollic-eabi/6.3.1/../../../../arm-atollic-eabi/lib/armv7e-m/fpu\libc_nano.a(lib_a-strlen.o)
 .ARM.attributes
                0x000007fc       0x34 c:/program files (x86)/atollic/truestudio for stm32 9.3.0/armtools/bin/../lib/gcc/arm-atollic-eabi/6.3.1/../../../../arm-atollic-eabi/lib/armv7e-m/fpu\libc_nano.a(lib_a-wbuf.o)
 .ARM.attributes
                0x00000830       0x34 c:/program files (x86)/atollic/truestudio for stm32 9.3.0/armtools/bin/../lib/gcc/arm-atollic-eabi/6.3.1/../../../../arm-atollic-eabi/lib/armv7e-m/fpu\libc_nano.a(lib_a-wsetup.o)
 .ARM.attributes
                0x00000864       0x34 c:/program files (x86)/atollic/truestudio for stm32 9.3.0/armtools/bin/../lib/gcc/arm-atollic-eabi/6.3.1/../../../../arm-atollic-eabi/lib/armv7e-m/fpu\libc_nano.a(lib_a-fflush.o)
 .ARM.attributes
                0x00000898       0x34 c:/program files (x86)/atollic/truestudio for stm32 9.3.0/armtools/bin/../lib/gcc/arm-atollic-eabi/6.3.1/../../../../arm-atollic-eabi/lib/armv7e-m/fpu\libc_nano.a(lib_a-findfp.o)
 .ARM.attributes
                0x000008cc       0x34 c:/program files (x86)/atollic/truestudio for stm32 9.3.0/armtools/bin/../lib/gcc/arm-atollic-eabi/6.3.1/../../../../arm-atollic-eabi/lib/armv7e-m/fpu\libc_nano.a(lib_a-fwalk.o)
 .ARM.attributes
                0x00000900       0x34 c:/program files (x86)/atollic/truestudio for stm32 9.3.0/armtools/bin/../lib/gcc/arm-atollic-eabi/6.3.1/../../../../arm-atollic-eabi/lib/armv7e-m/fpu\libc_nano.a(lib_a-makebuf.o)
 .ARM.attributes
                0x00000934       0x34 c:/program files (x86)/atollic/truestudio for stm32 9.3.0/armtools/bin/../lib/gcc/arm-atollic-eabi/6.3.1/../../../../arm-atollic-eabi/lib/armv7e-m/fpu\libc_nano.a(lib_a-nano-freer.o)
 .ARM.attributes
                0x00000968       0x34 c:/program files (x86)/atollic/truestudio for stm32 9.3.0/armtools/bin/../lib/gcc/arm-atollic-eabi/6.3.1/../../../../arm-atollic-eabi/lib/armv7e-m/fpu\libc_nano.a(lib_a-nano-mallocr.o)
 .ARM.attributes
                0x0000099c       0x34 c:/program files (x86)/atollic/truestudio for stm32 9.3.0/armtools/bin/../lib/gcc/arm-atollic-eabi/6.3.1/../../../../arm-atollic-eabi/lib/armv7e-m/fpu\libc_nano.a(lib_a-nano-svfprintf.o)
 .ARM.attributes
                0x000009d0       0x34 c:/program files (x86)/atollic/truestudio for stm32 9.3.0/armtools/bin/../lib/gcc/arm-atollic-eabi/6.3.1/../../../../arm-atollic-eabi/lib/armv7e-m/fpu\libc_nano.a(lib_a-nano-vfprintf.o)
 .ARM.attributes
                0x00000a04       0x34 c:/program files (x86)/atollic/truestudio for stm32 9.3.0/armtools/bin/../lib/gcc/arm-atollic-eabi/6.3.1/../../../../arm-atollic-eabi/lib/armv7e-m/fpu\libc_nano.a(lib_a-nano-vfprintf_i.o)
 .ARM.attributes
                0x00000a38       0x34 c:/program files (x86)/atollic/truestudio for stm32 9.3.0/armtools/bin/../lib/gcc/arm-atollic-eabi/6.3.1/../../../../arm-atollic-eabi/lib/armv7e-m/fpu\libc_nano.a(lib_a-sbrkr.o)
 .ARM.attributes
                0x00000a6c       0x34 c:/program files (x86)/atollic/truestudio for stm32 9.3.0/armtools/bin/../lib/gcc/arm-atollic-eabi/6.3.1/../../../../arm-atollic-eabi/lib/armv7e-m/fpu\libc_nano.a(lib_a-stdio.o)
 .ARM.attributes
                0x00000aa0       0x34 c:/program files (x86)/atollic/truestudio for stm32 9.3.0/armtools/bin/../lib/gcc/arm-atollic-eabi/6.3.1/../../../../arm-atollic-eabi/lib/armv7e-m/fpu\libc_nano.a(lib_a-writer.o)
 .ARM.attributes
                0x00000ad4       0x34 c:/program files (x86)/atollic/truestudio for stm32 9.3.0/armtools/bin/../lib/gcc/arm-atollic-eabi/6.3.1/../../../../arm-atollic-eabi/lib/armv7e-m/fpu\libc_nano.a(lib_a-closer.o)
 .ARM.attributes
                0x00000b08       0x34 c:/program files (x86)/atollic/truestudio for stm32 9.3.0/armtools/bin/../lib/gcc/arm-atollic-eabi/6.3.1/../../../../arm-atollic-eabi/lib/armv7e-m/fpu\libc_nano.a(lib_a-fstatr.o)
 .ARM.attributes
                0x00000b3c       0x34 c:/program files (x86)/atollic/truestudio for stm32 9.3.0/armtools/bin/../lib/gcc/arm-atollic-eabi/6.3.1/../../../../arm-atollic-eabi/lib/armv7e-m/fpu\libc_nano.a(lib_a-isattyr.o)
 .ARM.attributes
                0x00000b70       0x34 c:/program files (x86)/atollic/truestudio for stm32 9.3.0/armtools/bin/../lib/gcc/arm-atollic-eabi/6.3.1/../../../../arm-atollic-eabi/lib/armv7e-m/fpu\libc_nano.a(lib_a-lseekr.o)
 .ARM.attributes
                0x00000ba4       0x20 c:/program files (x86)/atollic/truestudio for stm32 9.3.0/armtools/bin/../lib/gcc/arm-atollic-eabi/6.3.1/../../../../arm-atollic-eabi/lib/armv7e-m/fpu\libc_nano.a(lib_a-memchr.o)
 .ARM.attributes
                0x00000bc4       0x34 c:/program files (x86)/atollic/truestudio for stm32 9.3.0/armtools/bin/../lib/gcc/arm-atollic-eabi/6.3.1/../../../../arm-atollic-eabi/lib/armv7e-m/fpu\libc_nano.a(lib_a-memmove.o)
 .ARM.attributes
                0x00000bf8       0x34 c:/program files (x86)/atollic/truestudio for stm32 9.3.0/armtools/bin/../lib/gcc/arm-atollic-eabi/6.3.1/../../../../arm-atollic-eabi/lib/armv7e-m/fpu\libc_nano.a(lib_a-mlock.o)
 .ARM.attributes
                0x00000c2c       0x34 c:/program files (x86)/atollic/truestudio for stm32 9.3.0/armtools/bin/../lib/gcc/arm-atollic-eabi/6.3.1/../../../../arm-atollic-eabi/lib/armv7e-m/fpu\libc_nano.a(lib_a-nano-reallocr.o)
 .ARM.attributes
                0x00000c60       0x34 c:/program files (x86)/atollic/truestudio for stm32 9.3.0/armtools/bin/../lib/gcc/arm-atollic-eabi/6.3.1/../../../../arm-atollic-eabi/lib/armv7e-m/fpu\libc_nano.a(lib_a-readr.o)
 .ARM.attributes
                0x00000c94       0x34 c:/program files (x86)/atollic/truestudio for stm32 9.3.0/armtools/bin/../lib/gcc/arm-atollic-eabi/6.3.1/../../../../arm-atollic-eabi/lib/armv7e-m/fpu\libc_nano.a(lib_a-reent.o)
 .ARM.attributes
                0x00000cc8       0x34 c:/program files (x86)/atollic/truestudio for stm32 9.3.0/armtools/bin/../lib/gcc/arm-atollic-eabi/6.3.1/../../../../arm-atollic-eabi/lib/armv7e-m/fpu\libc_nano.a(lib_a-nano-msizer.o)
 .ARM.attributes
                0x00000cfc       0x22 c:/program files (x86)/atollic/truestudio for stm32 9.3.0/armtools/bin/../lib/gcc/arm-atollic-eabi/6.3.1/armv7e-m/fpu\libgcc.a(_arm_addsubdf3.o)
 .ARM.attributes
                0x00000d1e       0x22 c:/program files (x86)/atollic/truestudio for stm32 9.3.0/armtools/bin/../lib/gcc/arm-atollic-eabi/6.3.1/armv7e-m/fpu\libgcc.a(_arm_muldivdf3.o)
 .ARM.attributes
                0x00000d40       0x22 c:/program files (x86)/atollic/truestudio for stm32 9.3.0/armtools/bin/../lib/gcc/arm-atollic-eabi/6.3.1/armv7e-m/fpu\libgcc.a(_arm_cmpdf2.o)
 .ARM.attributes
                0x00000d62       0x22 c:/program files (x86)/atollic/truestudio for stm32 9.3.0/armtools/bin/../lib/gcc/arm-atollic-eabi/6.3.1/armv7e-m/fpu\libgcc.a(_aeabi_uldivmod.o)
 .ARM.attributes
                0x00000d84       0x34 c:/program files (x86)/atollic/truestudio for stm32 9.3.0/armtools/bin/../lib/gcc/arm-atollic-eabi/6.3.1/armv7e-m/fpu\libgcc.a(_fixdfdi.o)
 .ARM.attributes
                0x00000db8       0x34 c:/program files (x86)/atollic/truestudio for stm32 9.3.0/armtools/bin/../lib/gcc/arm-atollic-eabi/6.3.1/armv7e-m/fpu\libgcc.a(_fixunsdfdi.o)
 .ARM.attributes
                0x00000dec       0x34 c:/program files (x86)/atollic/truestudio for stm32 9.3.0/armtools/bin/../lib/gcc/arm-atollic-eabi/6.3.1/armv7e-m/fpu\libgcc.a(_udivmoddi4.o)
 .ARM.attributes
                0x00000e20       0x22 c:/program files (x86)/atollic/truestudio for stm32 9.3.0/armtools/bin/../lib/gcc/arm-atollic-eabi/6.3.1/armv7e-m/fpu\libgcc.a(_dvmd_tls.o)
 .ARM.attributes
                0x00000e42       0x22 c:/program files (x86)/atollic/truestudio for stm32 9.3.0/armtools/bin/../lib/gcc/arm-atollic-eabi/6.3.1/armv7e-m/fpu\libgcc.a(_arm_fixunsdfsi.o)
 .ARM.attributes
                0x00000e64       0x22 c:/program files (x86)/atollic/truestudio for stm32 9.3.0/armtools/bin/../lib/gcc/arm-atollic-eabi/6.3.1/armv7e-m/fpu/crtn.o
OUTPUT(MonHa_RTC.elf elf32-littlearm)

.debug_info     0x00000000    0x193b3
 .debug_info    0x00000000      0xde6 Drivers\STM32L4xx_HAL_Driver\stm32l4xx_hal.o
 .debug_info    0x00000de6     0x109c Drivers\STM32L4xx_HAL_Driver\stm32l4xx_hal_cortex.o
 .debug_info    0x00001e82     0x1ef3 Drivers\STM32L4xx_HAL_Driver\stm32l4xx_hal_dfsdm.o
 .debug_info    0x00003d75      0x952 Drivers\STM32L4xx_HAL_Driver\stm32l4xx_hal_dma.o
 .debug_info    0x000046c7      0x98c Drivers\STM32L4xx_HAL_Driver\stm32l4xx_hal_gpio.o
 .debug_info    0x00005053      0x7b9 Drivers\STM32L4xx_HAL_Driver\stm32l4xx_hal_lcd.o
 .debug_info    0x0000580c      0xb0e Drivers\STM32L4xx_HAL_Driver\stm32l4xx_hal_pwr_ex.o
 .debug_info    0x0000631a     0x17dc Drivers\STM32L4xx_HAL_Driver\stm32l4xx_hal_qspi.o
 .debug_info    0x00007af6      0xf0c Drivers\STM32L4xx_HAL_Driver\stm32l4xx_hal_rcc.o
 .debug_info    0x00008a02     0x11a3 Drivers\STM32L4xx_HAL_Driver\stm32l4xx_hal_rcc_ex.o
 .debug_info    0x00009ba5     0x11ef Drivers\STM32L4xx_HAL_Driver\stm32l4xx_hal_rtc.o
 .debug_info    0x0000ad94     0x1dab Drivers\STM32L4xx_HAL_Driver\stm32l4xx_hal_uart.o
 .debug_info    0x0000cb3f     0x129c Src\dfsdm.o
 .debug_info    0x0000dddb      0x77d Src\dma.o
 .debug_info    0x0000e558      0xa84 Src\gpio.o
 .debug_info    0x0000efdc      0x9d9 Src\lcd.o
 .debug_info    0x0000f9b5     0x2a2c Src\main.o
 .debug_info    0x000123e1      0xc62 Src\menu.o
 .debug_info    0x00013043      0xb51 Src\quadspi.o
 .debug_info    0x00013b94      0xa68 Src\rtc.o
 .debug_info    0x000145fc     0x1b5d Src\stm32l476g_discovery_glass_lcd.o
 .debug_info    0x00016159      0x4c4 Src\stm32l4xx_hal_msp.o
 .debug_info    0x0001661d      0x999 Src\stm32l4xx_it.o
 .debug_info    0x00016fb6      0xfe1 Src\syscalls.o
 .debug_info    0x00017f97      0x6fb Src\system_stm32l4xx.o
 .debug_info    0x00018692      0xcb1 Src\usart.o
 .debug_info    0x00019343       0x70 startup\startup_stm32l476xx.o

.debug_abbrev   0x00000000     0x3956
 .debug_abbrev  0x00000000      0x28a Drivers\STM32L4xx_HAL_Driver\stm32l4xx_hal.o
 .debug_abbrev  0x0000028a      0x314 Drivers\STM32L4xx_HAL_Driver\stm32l4xx_hal_cortex.o
 .debug_abbrev  0x0000059e      0x2d0 Drivers\STM32L4xx_HAL_Driver\stm32l4xx_hal_dfsdm.o
 .debug_abbrev  0x0000086e      0x224 Drivers\STM32L4xx_HAL_Driver\stm32l4xx_hal_dma.o
 .debug_abbrev  0x00000a92      0x1d7 Drivers\STM32L4xx_HAL_Driver\stm32l4xx_hal_gpio.o
 .debug_abbrev  0x00000c69      0x225 Drivers\STM32L4xx_HAL_Driver\stm32l4xx_hal_lcd.o
 .debug_abbrev  0x00000e8e      0x209 Drivers\STM32L4xx_HAL_Driver\stm32l4xx_hal_pwr_ex.o
 .debug_abbrev  0x00001097      0x2d0 Drivers\STM32L4xx_HAL_Driver\stm32l4xx_hal_qspi.o
 .debug_abbrev  0x00001367      0x258 Drivers\STM32L4xx_HAL_Driver\stm32l4xx_hal_rcc.o
 .debug_abbrev  0x000015bf      0x264 Drivers\STM32L4xx_HAL_Driver\stm32l4xx_hal_rcc_ex.o
 .debug_abbrev  0x00001823      0x29c Drivers\STM32L4xx_HAL_Driver\stm32l4xx_hal_rtc.o
 .debug_abbrev  0x00001abf      0x31d Drivers\STM32L4xx_HAL_Driver\stm32l4xx_hal_uart.o
 .debug_abbrev  0x00001ddc      0x210 Src\dfsdm.o
 .debug_abbrev  0x00001fec      0x155 Src\dma.o
 .debug_abbrev  0x00002141      0x17c Src\gpio.o
 .debug_abbrev  0x000022bd      0x1c5 Src\lcd.o
 .debug_abbrev  0x00002482      0x362 Src\main.o
 .debug_abbrev  0x000027e4      0x223 Src\menu.o
 .debug_abbrev  0x00002a07      0x1eb Src\quadspi.o
 .debug_abbrev  0x00002bf2      0x195 Src\rtc.o
 .debug_abbrev  0x00002d87      0x2cf Src\stm32l476g_discovery_glass_lcd.o
 .debug_abbrev  0x00003056      0x11e Src\stm32l4xx_hal_msp.o
 .debug_abbrev  0x00003174      0x1c9 Src\stm32l4xx_it.o
 .debug_abbrev  0x0000333d      0x2d9 Src\syscalls.o
 .debug_abbrev  0x00003616      0x14b Src\system_stm32l4xx.o
 .debug_abbrev  0x00003761      0x1e3 Src\usart.o
 .debug_abbrev  0x00003944       0x12 startup\startup_stm32l476xx.o

.debug_loc      0x00000000     0x93c8
 .debug_loc     0x00000000      0x1d5 Drivers\STM32L4xx_HAL_Driver\stm32l4xx_hal.o
 .debug_loc     0x000001d5      0x4fb Drivers\STM32L4xx_HAL_Driver\stm32l4xx_hal_cortex.o
 .debug_loc     0x000006d0     0x18a8 Drivers\STM32L4xx_HAL_Driver\stm32l4xx_hal_dfsdm.o
 .debug_loc     0x00001f78      0x5b7 Drivers\STM32L4xx_HAL_Driver\stm32l4xx_hal_dma.o
 .debug_loc     0x0000252f      0x2c1 Drivers\STM32L4xx_HAL_Driver\stm32l4xx_hal_gpio.o
 .debug_loc     0x000027f0      0x2de Drivers\STM32L4xx_HAL_Driver\stm32l4xx_hal_lcd.o
 .debug_loc     0x00002ace      0x63b Drivers\STM32L4xx_HAL_Driver\stm32l4xx_hal_pwr_ex.o
 .debug_loc     0x00003109     0x102f Drivers\STM32L4xx_HAL_Driver\stm32l4xx_hal_qspi.o
 .debug_loc     0x00004138      0x5ed Drivers\STM32L4xx_HAL_Driver\stm32l4xx_hal_rcc.o
 .debug_loc     0x00004725      0xdaf Drivers\STM32L4xx_HAL_Driver\stm32l4xx_hal_rcc_ex.o
 .debug_loc     0x000054d4      0x859 Drivers\STM32L4xx_HAL_Driver\stm32l4xx_hal_rtc.o
 .debug_loc     0x00005d2d     0x198d Drivers\STM32L4xx_HAL_Driver\stm32l4xx_hal_uart.o
 .debug_loc     0x000076ba       0xb0 Src\dfsdm.o
 .debug_loc     0x0000776a       0x58 Src\lcd.o
 .debug_loc     0x000077c2       0xe1 Src\main.o
 .debug_loc     0x000078a3       0x1e Src\menu.o
 .debug_loc     0x000078c1       0x58 Src\quadspi.o
 .debug_loc     0x00007919     0x149f Src\stm32l476g_discovery_glass_lcd.o
 .debug_loc     0x00008db8      0x3ef Src\syscalls.o
 .debug_loc     0x000091a7      0x1be Src\system_stm32l4xx.o
 .debug_loc     0x00009365       0x63 Src\usart.o

.debug_aranges  0x00000000      0xed0
 .debug_aranges
                0x00000000      0x128 Drivers\STM32L4xx_HAL_Driver\stm32l4xx_hal.o
 .debug_aranges
                0x00000128       0xa8 Drivers\STM32L4xx_HAL_Driver\stm32l4xx_hal_cortex.o
 .debug_aranges
                0x000001d0      0x1f0 Drivers\STM32L4xx_HAL_Driver\stm32l4xx_hal_dfsdm.o
 .debug_aranges
                0x000003c0       0x78 Drivers\STM32L4xx_HAL_Driver\stm32l4xx_hal_dma.o
 .debug_aranges
                0x00000438       0x58 Drivers\STM32L4xx_HAL_Driver\stm32l4xx_hal_gpio.o
 .debug_aranges
                0x00000490       0x60 Drivers\STM32L4xx_HAL_Driver\stm32l4xx_hal_lcd.o
 .debug_aranges
                0x000004f0      0x130 Drivers\STM32L4xx_HAL_Driver\stm32l4xx_hal_pwr_ex.o
 .debug_aranges
                0x00000620      0x108 Drivers\STM32L4xx_HAL_Driver\stm32l4xx_hal_qspi.o
 .debug_aranges
                0x00000728       0x88 Drivers\STM32L4xx_HAL_Driver\stm32l4xx_hal_rcc.o
 .debug_aranges
                0x000007b0       0xc0 Drivers\STM32L4xx_HAL_Driver\stm32l4xx_hal_rcc_ex.o
 .debug_aranges
                0x00000870       0xb0 Drivers\STM32L4xx_HAL_Driver\stm32l4xx_hal_rtc.o
 .debug_aranges
                0x00000920      0x1a0 Drivers\STM32L4xx_HAL_Driver\stm32l4xx_hal_uart.o
 .debug_aranges
                0x00000ac0       0x40 Src\dfsdm.o
 .debug_aranges
                0x00000b00       0x20 Src\dma.o
 .debug_aranges
                0x00000b20       0x20 Src\gpio.o
 .debug_aranges
                0x00000b40       0x30 Src\lcd.o
 .debug_aranges
                0x00000b70       0x58 Src\main.o
 .debug_aranges
                0x00000bc8       0x48 Src\menu.o
 .debug_aranges
                0x00000c10       0x30 Src\quadspi.o
 .debug_aranges
                0x00000c40       0x30 Src\rtc.o
 .debug_aranges
                0x00000c70       0x80 Src\stm32l476g_discovery_glass_lcd.o
 .debug_aranges
                0x00000cf0       0x20 Src\stm32l4xx_hal_msp.o
 .debug_aranges
                0x00000d10       0x90 Src\stm32l4xx_it.o
 .debug_aranges
                0x00000da0       0xb0 Src\syscalls.o
 .debug_aranges
                0x00000e50       0x28 Src\system_stm32l4xx.o
 .debug_aranges
                0x00000e78       0x30 Src\usart.o
 .debug_aranges
                0x00000ea8       0x28 startup\startup_stm32l476xx.o

.debug_ranges   0x00000000     0x11e0
 .debug_ranges  0x00000000      0x118 Drivers\STM32L4xx_HAL_Driver\stm32l4xx_hal.o
 .debug_ranges  0x00000118      0x128 Drivers\STM32L4xx_HAL_Driver\stm32l4xx_hal_cortex.o
 .debug_ranges  0x00000240      0x248 Drivers\STM32L4xx_HAL_Driver\stm32l4xx_hal_dfsdm.o
 .debug_ranges  0x00000488       0xa0 Drivers\STM32L4xx_HAL_Driver\stm32l4xx_hal_dma.o
 .debug_ranges  0x00000528       0x68 Drivers\STM32L4xx_HAL_Driver\stm32l4xx_hal_gpio.o
 .debug_ranges  0x00000590       0x50 Drivers\STM32L4xx_HAL_Driver\stm32l4xx_hal_lcd.o
 .debug_ranges  0x000005e0      0x120 Drivers\STM32L4xx_HAL_Driver\stm32l4xx_hal_pwr_ex.o
 .debug_ranges  0x00000700      0x110 Drivers\STM32L4xx_HAL_Driver\stm32l4xx_hal_qspi.o
 .debug_ranges  0x00000810       0x90 Drivers\STM32L4xx_HAL_Driver\stm32l4xx_hal_rcc.o
 .debug_ranges  0x000008a0       0xf0 Drivers\STM32L4xx_HAL_Driver\stm32l4xx_hal_rcc_ex.o
 .debug_ranges  0x00000990      0x130 Drivers\STM32L4xx_HAL_Driver\stm32l4xx_hal_rtc.o
 .debug_ranges  0x00000ac0      0x190 Drivers\STM32L4xx_HAL_Driver\stm32l4xx_hal_uart.o
 .debug_ranges  0x00000c50       0x60 Src\dfsdm.o
 .debug_ranges  0x00000cb0       0x40 Src\dma.o
 .debug_ranges  0x00000cf0       0x48 Src\gpio.o
 .debug_ranges  0x00000d38       0x60 Src\lcd.o
 .debug_ranges  0x00000d98       0xa0 Src\main.o
 .debug_ranges  0x00000e38       0x38 Src\menu.o
 .debug_ranges  0x00000e70       0x40 Src\quadspi.o
 .debug_ranges  0x00000eb0       0x20 Src\rtc.o
 .debug_ranges  0x00000ed0      0x138 Src\stm32l476g_discovery_glass_lcd.o
 .debug_ranges  0x00001008       0x28 Src\stm32l4xx_hal_msp.o
 .debug_ranges  0x00001030       0x80 Src\stm32l4xx_it.o
 .debug_ranges  0x000010b0       0xa0 Src\syscalls.o
 .debug_ranges  0x00001150       0x18 Src\system_stm32l4xx.o
 .debug_ranges  0x00001168       0x58 Src\usart.o
 .debug_ranges  0x000011c0       0x20 startup\startup_stm32l476xx.o

.debug_line     0x00000000     0x9288
 .debug_line    0x00000000      0x5ab Drivers\STM32L4xx_HAL_Driver\stm32l4xx_hal.o
 .debug_line    0x000005ab      0x57d Drivers\STM32L4xx_HAL_Driver\stm32l4xx_hal_cortex.o
 .debug_line    0x00000b28      0xbe2 Drivers\STM32L4xx_HAL_Driver\stm32l4xx_hal_dfsdm.o
 .debug_line    0x0000170a      0x5df Drivers\STM32L4xx_HAL_Driver\stm32l4xx_hal_dma.o
 .debug_line    0x00001ce9      0x4e4 Drivers\STM32L4xx_HAL_Driver\stm32l4xx_hal_gpio.o
 .debug_line    0x000021cd      0x4a9 Drivers\STM32L4xx_HAL_Driver\stm32l4xx_hal_lcd.o
 .debug_line    0x00002676      0x69a Drivers\STM32L4xx_HAL_Driver\stm32l4xx_hal_pwr_ex.o
 .debug_line    0x00002d10      0x964 Drivers\STM32L4xx_HAL_Driver\stm32l4xx_hal_qspi.o
 .debug_line    0x00003674      0x6d5 Drivers\STM32L4xx_HAL_Driver\stm32l4xx_hal_rcc.o
 .debug_line    0x00003d49      0x809 Drivers\STM32L4xx_HAL_Driver\stm32l4xx_hal_rcc_ex.o
 .debug_line    0x00004552      0x72a Drivers\STM32L4xx_HAL_Driver\stm32l4xx_hal_rtc.o
 .debug_line    0x00004c7c      0xedd Drivers\STM32L4xx_HAL_Driver\stm32l4xx_hal_uart.o
 .debug_line    0x00005b59      0x41d Src\dfsdm.o
 .debug_line    0x00005f76      0x2de Src\dma.o
 .debug_line    0x00006254      0x328 Src\gpio.o
 .debug_line    0x0000657c      0x38c Src\lcd.o
 .debug_line    0x00006908      0x674 Src\main.o
 .debug_line    0x00006f7c      0x43e Src\menu.o
 .debug_line    0x000073ba      0x36c Src\quadspi.o
 .debug_line    0x00007726      0x331 Src\rtc.o
 .debug_line    0x00007a57      0x679 Src\stm32l476g_discovery_glass_lcd.o
 .debug_line    0x000080d0      0x2c8 Src\stm32l4xx_hal_msp.o
 .debug_line    0x00008398      0x3ff Src\stm32l4xx_it.o
 .debug_line    0x00008797      0x3bb Src\syscalls.o
 .debug_line    0x00008b52      0x329 Src\system_stm32l4xx.o
 .debug_line    0x00008e7b      0x38f Src\usart.o
 .debug_line    0x0000920a       0x7e startup\startup_stm32l476xx.o

.debug_str      0x00000000     0x5c61
 .debug_str     0x00000000      0xe7a Drivers\STM32L4xx_HAL_Driver\stm32l4xx_hal.o
                                0xf1f (size before relaxing)
 .debug_str     0x00000e7a      0x4d4 Drivers\STM32L4xx_HAL_Driver\stm32l4xx_hal_cortex.o
                                0xe5e (size before relaxing)
 .debug_str     0x0000134e      0xf99 Drivers\STM32L4xx_HAL_Driver\stm32l4xx_hal_dfsdm.o
                               0x1479 (size before relaxing)
 .debug_str     0x000022e7      0x27b Drivers\STM32L4xx_HAL_Driver\stm32l4xx_hal_dma.o
                                0x86f (size before relaxing)
 .debug_str     0x00002562      0x200 Drivers\STM32L4xx_HAL_Driver\stm32l4xx_hal_gpio.o
                                0x7a3 (size before relaxing)
 .debug_str     0x00002762      0x255 Drivers\STM32L4xx_HAL_Driver\stm32l4xx_hal_lcd.o
                                0x6a6 (size before relaxing)
 .debug_str     0x000029b7      0x557 Drivers\STM32L4xx_HAL_Driver\stm32l4xx_hal_pwr_ex.o
                                0xa28 (size before relaxing)
 .debug_str     0x00002f0e      0x727 Drivers\STM32L4xx_HAL_Driver\stm32l4xx_hal_qspi.o
                                0xd4b (size before relaxing)
 .debug_str     0x00003635      0x384 Drivers\STM32L4xx_HAL_Driver\stm32l4xx_hal_rcc.o
                                0xa8b (size before relaxing)
 .debug_str     0x000039b9      0x5c8 Drivers\STM32L4xx_HAL_Driver\stm32l4xx_hal_rcc_ex.o
                                0xd10 (size before relaxing)
 .debug_str     0x00003f81      0x547 Drivers\STM32L4xx_HAL_Driver\stm32l4xx_hal_rtc.o
                                0xa15 (size before relaxing)
 .debug_str     0x000044c8      0x8a1 Drivers\STM32L4xx_HAL_Driver\stm32l4xx_hal_uart.o
                               0x10de (size before relaxing)
 .debug_str     0x00004d69       0xa7 Src\dfsdm.o
                               0x1341 (size before relaxing)
 .debug_str     0x00004e10       0x19 Src\dma.o
                                0xa2e (size before relaxing)
 .debug_str     0x00004e29       0x1b Src\gpio.o
                                0xaf9 (size before relaxing)
 .debug_str     0x00004e44       0x23 Src\lcd.o
                                0x781 (size before relaxing)
 .debug_str     0x00004e67      0x5dc Src\main.o
                               0x1e98 (size before relaxing)
 .debug_str     0x00005443       0x4c Src\menu.o
                                0x906 (size before relaxing)
 .debug_str     0x0000548f       0x1c Src\quadspi.o
                                0x9d9 (size before relaxing)
 .debug_str     0x000054ab       0x17 Src\rtc.o
                                0x8a0 (size before relaxing)
 .debug_str     0x000054c2      0x35c Src\stm32l476g_discovery_glass_lcd.o
                                0xf00 (size before relaxing)
 .debug_str     0x0000581e       0x1b Src\stm32l4xx_hal_msp.o
                                0x533 (size before relaxing)
 .debug_str     0x00005839      0x17d Src\stm32l4xx_it.o
                                0xa77 (size before relaxing)
 .debug_str     0x000059b6      0x256 Src\syscalls.o
                                0x872 (size before relaxing)
 .debug_str     0x00005c0c       0x3b Src\system_stm32l4xx.o
                                0x5be (size before relaxing)
 .debug_str     0x00005c47       0x1a Src\usart.o
                                0xa0b (size before relaxing)

.comment        0x00000000       0x7c
 .comment       0x00000000       0x7c Drivers\STM32L4xx_HAL_Driver\stm32l4xx_hal.o
                                 0x7d (size before relaxing)
 .comment       0x0000007c       0x7d Drivers\STM32L4xx_HAL_Driver\stm32l4xx_hal_cortex.o
 .comment       0x0000007c       0x7d Drivers\STM32L4xx_HAL_Driver\stm32l4xx_hal_dfsdm.o
 .comment       0x0000007c       0x7d Drivers\STM32L4xx_HAL_Driver\stm32l4xx_hal_dma.o
 .comment       0x0000007c       0x7d Drivers\STM32L4xx_HAL_Driver\stm32l4xx_hal_gpio.o
 .comment       0x0000007c       0x7d Drivers\STM32L4xx_HAL_Driver\stm32l4xx_hal_lcd.o
 .comment       0x0000007c       0x7d Drivers\STM32L4xx_HAL_Driver\stm32l4xx_hal_pwr_ex.o
 .comment       0x0000007c       0x7d Drivers\STM32L4xx_HAL_Driver\stm32l4xx_hal_qspi.o
 .comment       0x0000007c       0x7d Drivers\STM32L4xx_HAL_Driver\stm32l4xx_hal_rcc.o
 .comment       0x0000007c       0x7d Drivers\STM32L4xx_HAL_Driver\stm32l4xx_hal_rcc_ex.o
 .comment       0x0000007c       0x7d Drivers\STM32L4xx_HAL_Driver\stm32l4xx_hal_rtc.o
 .comment       0x0000007c       0x7d Drivers\STM32L4xx_HAL_Driver\stm32l4xx_hal_uart.o
 .comment       0x0000007c       0x7d Src\dfsdm.o
 .comment       0x0000007c       0x7d Src\dma.o
 .comment       0x0000007c       0x7d Src\gpio.o
 .comment       0x0000007c       0x7d Src\lcd.o
 .comment       0x0000007c       0x7d Src\main.o
 .comment       0x0000007c       0x7d Src\menu.o
 .comment       0x0000007c       0x7d Src\quadspi.o
 .comment       0x0000007c       0x7d Src\rtc.o
 .comment       0x0000007c       0x7d Src\stm32l476g_discovery_glass_lcd.o
 .comment       0x0000007c       0x7d Src\stm32l4xx_hal_msp.o
 .comment       0x0000007c       0x7d Src\stm32l4xx_it.o
 .comment       0x0000007c       0x7d Src\syscalls.o
 .comment       0x0000007c       0x7d Src\system_stm32l4xx.o
 .comment       0x0000007c       0x7d Src\usart.o

.debug_frame    0x00000000     0x3338
 .debug_frame   0x00000000      0x280 Drivers\STM32L4xx_HAL_Driver\stm32l4xx_hal.o
 .debug_frame   0x00000280      0x158 Drivers\STM32L4xx_HAL_Driver\stm32l4xx_hal_cortex.o
 .debug_frame   0x000003d8      0x5f0 Drivers\STM32L4xx_HAL_Driver\stm32l4xx_hal_dfsdm.o
 .debug_frame   0x000009c8      0x140 Drivers\STM32L4xx_HAL_Driver\stm32l4xx_hal_dma.o
 .debug_frame   0x00000b08       0xd8 Drivers\STM32L4xx_HAL_Driver\stm32l4xx_hal_gpio.o
 .debug_frame   0x00000be0      0x104 Drivers\STM32L4xx_HAL_Driver\stm32l4xx_hal_lcd.o
 .debug_frame   0x00000ce4      0x278 Drivers\STM32L4xx_HAL_Driver\stm32l4xx_hal_pwr_ex.o
 .debug_frame   0x00000f5c      0x3f0 Drivers\STM32L4xx_HAL_Driver\stm32l4xx_hal_qspi.o
 .debug_frame   0x0000134c      0x160 Drivers\STM32L4xx_HAL_Driver\stm32l4xx_hal_rcc.o
 .debug_frame   0x000014ac      0x200 Drivers\STM32L4xx_HAL_Driver\stm32l4xx_hal_rcc_ex.o
 .debug_frame   0x000016ac      0x228 Drivers\STM32L4xx_HAL_Driver\stm32l4xx_hal_rtc.o
 .debug_frame   0x000018d4      0x558 Drivers\STM32L4xx_HAL_Driver\stm32l4xx_hal_uart.o
 .debug_frame   0x00001e2c       0xb0 Src\dfsdm.o
 .debug_frame   0x00001edc       0x28 Src\dma.o
 .debug_frame   0x00001f04       0x38 Src\gpio.o
 .debug_frame   0x00001f3c       0x74 Src\lcd.o
 .debug_frame   0x00001fb0      0x114 Src\main.o
 .debug_frame   0x000020c4       0x90 Src\menu.o
 .debug_frame   0x00002154       0x60 Src\quadspi.o
 .debug_frame   0x000021b4       0x4c Src\rtc.o
 .debug_frame   0x00002200      0x1c8 Src\stm32l476g_discovery_glass_lcd.o
 .debug_frame   0x000023c8       0x28 Src\stm32l4xx_hal_msp.o
 .debug_frame   0x000023f0      0x130 Src\stm32l4xx_it.o
 .debug_frame   0x00002520      0x1a8 Src\syscalls.o
 .debug_frame   0x000026c8       0x38 Src\system_stm32l4xx.o
 .debug_frame   0x00002700       0x74 Src\usart.o
 .debug_frame   0x00002774       0x20 c:/program files (x86)/atollic/truestudio for stm32 9.3.0/armtools/bin/../lib/gcc/arm-atollic-eabi/6.3.1/../../../../arm-atollic-eabi/lib/armv7e-m/fpu\libc_nano.a(lib_a-errno.o)
 .debug_frame   0x00002794       0x2c c:/program files (x86)/atollic/truestudio for stm32 9.3.0/armtools/bin/../lib/gcc/arm-atollic-eabi/6.3.1/../../../../arm-atollic-eabi/lib/armv7e-m/fpu\libc_nano.a(lib_a-init.o)
 .debug_frame   0x000027c0       0x28 c:/program files (x86)/atollic/truestudio for stm32 9.3.0/armtools/bin/../lib/gcc/arm-atollic-eabi/6.3.1/../../../../arm-atollic-eabi/lib/armv7e-m/fpu\libc_nano.a(lib_a-memcpy-stub.o)
 .debug_frame   0x000027e8       0x20 c:/program files (x86)/atollic/truestudio for stm32 9.3.0/armtools/bin/../lib/gcc/arm-atollic-eabi/6.3.1/../../../../arm-atollic-eabi/lib/armv7e-m/fpu\libc_nano.a(lib_a-memset.o)
 .debug_frame   0x00002808       0x74 c:/program files (x86)/atollic/truestudio for stm32 9.3.0/armtools/bin/../lib/gcc/arm-atollic-eabi/6.3.1/../../../../arm-atollic-eabi/lib/armv7e-m/fpu\libc_nano.a(lib_a-printf.o)
 .debug_frame   0x0000287c       0x3c c:/program files (x86)/atollic/truestudio for stm32 9.3.0/armtools/bin/../lib/gcc/arm-atollic-eabi/6.3.1/../../../../arm-atollic-eabi/lib/armv7e-m/fpu\libc_nano.a(lib_a-puts.o)
 .debug_frame   0x000028b8       0x70 c:/program files (x86)/atollic/truestudio for stm32 9.3.0/armtools/bin/../lib/gcc/arm-atollic-eabi/6.3.1/../../../../arm-atollic-eabi/lib/armv7e-m/fpu\libc_nano.a(lib_a-sprintf.o)
 .debug_frame   0x00002928       0x40 c:/program files (x86)/atollic/truestudio for stm32 9.3.0/armtools/bin/../lib/gcc/arm-atollic-eabi/6.3.1/../../../../arm-atollic-eabi/lib/armv7e-m/fpu\libc_nano.a(lib_a-wbuf.o)
 .debug_frame   0x00002968       0x2c c:/program files (x86)/atollic/truestudio for stm32 9.3.0/armtools/bin/../lib/gcc/arm-atollic-eabi/6.3.1/../../../../arm-atollic-eabi/lib/armv7e-m/fpu\libc_nano.a(lib_a-wsetup.o)
 .debug_frame   0x00002994       0x68 c:/program files (x86)/atollic/truestudio for stm32 9.3.0/armtools/bin/../lib/gcc/arm-atollic-eabi/6.3.1/../../../../arm-atollic-eabi/lib/armv7e-m/fpu\libc_nano.a(lib_a-fflush.o)
 .debug_frame   0x000029fc      0x11c c:/program files (x86)/atollic/truestudio for stm32 9.3.0/armtools/bin/../lib/gcc/arm-atollic-eabi/6.3.1/../../../../arm-atollic-eabi/lib/armv7e-m/fpu\libc_nano.a(lib_a-findfp.o)
 .debug_frame   0x00002b18       0x54 c:/program files (x86)/atollic/truestudio for stm32 9.3.0/armtools/bin/../lib/gcc/arm-atollic-eabi/6.3.1/../../../../arm-atollic-eabi/lib/armv7e-m/fpu\libc_nano.a(lib_a-fwalk.o)
 .debug_frame   0x00002b6c       0x58 c:/program files (x86)/atollic/truestudio for stm32 9.3.0/armtools/bin/../lib/gcc/arm-atollic-eabi/6.3.1/../../../../arm-atollic-eabi/lib/armv7e-m/fpu\libc_nano.a(lib_a-makebuf.o)