Archive member included to satisfy reference by file (symbol)

d:/program files/truestudio for stm32 9.3.0/armtools/bin/../lib/gcc/arm-atollic-eabi/6.3.1/../../../../arm-atollic-eabi/lib/armv7e-m/fpu\libc_nano.a(lib_a-errno.o)
                              Application\TrueSTUDIO\syscalls.o (__errno)
d:/program files/truestudio for stm32 9.3.0/armtools/bin/../lib/gcc/arm-atollic-eabi/6.3.1/../../../../arm-atollic-eabi/lib/armv7e-m/fpu\libc_nano.a(lib_a-impure.o)
                              d:/program files/truestudio for stm32 9.3.0/armtools/bin/../lib/gcc/arm-atollic-eabi/6.3.1/../../../../arm-atollic-eabi/lib/armv7e-m/fpu\libc_nano.a(lib_a-errno.o) (_impure_ptr)
d:/program files/truestudio for stm32 9.3.0/armtools/bin/../lib/gcc/arm-atollic-eabi/6.3.1/../../../../arm-atollic-eabi/lib/armv7e-m/fpu\libc_nano.a(lib_a-init.o)
                              Application\TrueSTUDIO\startup_stm32l476xx.o (__libc_init_array)
d:/program files/truestudio for stm32 9.3.0/armtools/bin/../lib/gcc/arm-atollic-eabi/6.3.1/../../../../arm-atollic-eabi/lib/armv7e-m/fpu\libc_nano.a(lib_a-memset.o)
                              Application\User\main.o (memset)
d:/program files/truestudio for stm32 9.3.0/armtools/bin/../lib/gcc/arm-atollic-eabi/6.3.1/../../../../arm-atollic-eabi/lib/armv7e-m/fpu\libc_nano.a(lib_a-sprintf.o)
                              Application\User\main.o (sprintf)
d:/program files/truestudio for stm32 9.3.0/armtools/bin/../lib/gcc/arm-atollic-eabi/6.3.1/../../../../arm-atollic-eabi/lib/armv7e-m/fpu\libc_nano.a(lib_a-nano-svfprintf.o)
                              d:/program files/truestudio for stm32 9.3.0/armtools/bin/../lib/gcc/arm-atollic-eabi/6.3.1/../../../../arm-atollic-eabi/lib/armv7e-m/fpu\libc_nano.a(lib_a-sprintf.o) (_svfprintf_r)
d:/program files/truestudio for stm32 9.3.0/armtools/bin/../lib/gcc/arm-atollic-eabi/6.3.1/../../../../arm-atollic-eabi/lib/armv7e-m/fpu\libc_nano.a(lib_a-nano-vfprintf_i.o)
                              d:/program files/truestudio for stm32 9.3.0/armtools/bin/../lib/gcc/arm-atollic-eabi/6.3.1/../../../../arm-atollic-eabi/lib/armv7e-m/fpu\libc_nano.a(lib_a-nano-svfprintf.o) (_printf_i)
d:/program files/truestudio for stm32 9.3.0/armtools/bin/../lib/gcc/arm-atollic-eabi/6.3.1/../../../../arm-atollic-eabi/lib/armv7e-m/fpu\libc_nano.a(lib_a-memchr.o)
                              d:/program files/truestudio for stm32 9.3.0/armtools/bin/../lib/gcc/arm-atollic-eabi/6.3.1/../../../../arm-atollic-eabi/lib/armv7e-m/fpu\libc_nano.a(lib_a-nano-svfprintf.o) (memchr)
d:/program files/truestudio for stm32 9.3.0/armtools/bin/../lib/gcc/arm-atollic-eabi/6.3.1/../../../../arm-atollic-eabi/lib/armv7e-m/fpu\libc_nano.a(lib_a-memcpy-stub.o)
                              d:/program files/truestudio for stm32 9.3.0/armtools/bin/../lib/gcc/arm-atollic-eabi/6.3.1/../../../../arm-atollic-eabi/lib/armv7e-m/fpu\libc_nano.a(lib_a-nano-svfprintf.o) (memcpy)
d:/program files/truestudio for stm32 9.3.0/armtools/bin/../lib/gcc/arm-atollic-eabi/6.3.1/../../../../arm-atollic-eabi/lib/armv7e-m/fpu\libc_nano.a(lib_a-memmove.o)
                              d:/program files/truestudio for stm32 9.3.0/armtools/bin/../lib/gcc/arm-atollic-eabi/6.3.1/../../../../arm-atollic-eabi/lib/armv7e-m/fpu\libc_nano.a(lib_a-nano-svfprintf.o) (memmove)
d:/program files/truestudio for stm32 9.3.0/armtools/bin/../lib/gcc/arm-atollic-eabi/6.3.1/../../../../arm-atollic-eabi/lib/armv7e-m/fpu\libc_nano.a(lib_a-nano-freer.o)
                              d:/program files/truestudio for stm32 9.3.0/armtools/bin/../lib/gcc/arm-atollic-eabi/6.3.1/../../../../arm-atollic-eabi/lib/armv7e-m/fpu\libc_nano.a(lib_a-nano-svfprintf.o) (_free_r)
d:/program files/truestudio for stm32 9.3.0/armtools/bin/../lib/gcc/arm-atollic-eabi/6.3.1/../../../../arm-atollic-eabi/lib/armv7e-m/fpu\libc_nano.a(lib_a-nano-mallocr.o)
                              d:/program files/truestudio for stm32 9.3.0/armtools/bin/../lib/gcc/arm-atollic-eabi/6.3.1/../../../../arm-atollic-eabi/lib/armv7e-m/fpu\libc_nano.a(lib_a-nano-svfprintf.o) (_malloc_r)
d:/program files/truestudio for stm32 9.3.0/armtools/bin/../lib/gcc/arm-atollic-eabi/6.3.1/../../../../arm-atollic-eabi/lib/armv7e-m/fpu\libc_nano.a(lib_a-nano-reallocr.o)
                              d:/program files/truestudio for stm32 9.3.0/armtools/bin/../lib/gcc/arm-atollic-eabi/6.3.1/../../../../arm-atollic-eabi/lib/armv7e-m/fpu\libc_nano.a(lib_a-nano-svfprintf.o) (_realloc_r)
d:/program files/truestudio for stm32 9.3.0/armtools/bin/../lib/gcc/arm-atollic-eabi/6.3.1/../../../../arm-atollic-eabi/lib/armv7e-m/fpu\libc_nano.a(lib_a-sbrkr.o)
                              d:/program files/truestudio for stm32 9.3.0/armtools/bin/../lib/gcc/arm-atollic-eabi/6.3.1/../../../../arm-atollic-eabi/lib/armv7e-m/fpu\libc_nano.a(lib_a-nano-mallocr.o) (_sbrk_r)
d:/program files/truestudio for stm32 9.3.0/armtools/bin/../lib/gcc/arm-atollic-eabi/6.3.1/../../../../arm-atollic-eabi/lib/armv7e-m/fpu\libc_nano.a(lib_a-mlock.o)
[...]
Memory Configuration

Name             Origin             Length             Attributes
RAM              0x20000000         0x00018000         xrw
RAM2             0x10000000         0x00008000         xrw
FLASH            0x08000000         0x00100000         xr
*default*        0x00000000         0xffffffff

Linker script and memory map

LOAD d:/program files/truestudio for stm32 9.3.0/armtools/bin/../lib/gcc/arm-atollic-eabi/6.3.1/armv7e-m/fpu/crti.o
LOAD d:/program files/truestudio for stm32 9.3.0/armtools/bin/../lib/gcc/arm-atollic-eabi/6.3.1/armv7e-m/fpu/crtbegin.o
LOAD Application\TrueSTUDIO\startup_stm32l476xx.o
LOAD Application\TrueSTUDIO\syscalls.o
LOAD Application\User\main.o
LOAD Application\User\stm32l4xx_hal_msp.o
LOAD Application\User\stm32l4xx_it.o
LOAD Drivers\CMSIS\system_stm32l4xx.o
LOAD Drivers\STM32L4xx_HAL_Driver\stm32l4xx_hal.o
LOAD Drivers\STM32L4xx_HAL_Driver\stm32l4xx_hal_cortex.o
LOAD Drivers\STM32L4xx_HAL_Driver\stm32l4xx_hal_dma.o
LOAD Drivers\STM32L4xx_HAL_Driver\stm32l4xx_hal_dma_ex.o
LOAD Drivers\STM32L4xx_HAL_Driver\stm32l4xx_hal_exti.o
LOAD Drivers\STM32L4xx_HAL_Driver\stm32l4xx_hal_flash.o
LOAD Drivers\STM32L4xx_HAL_Driver\stm32l4xx_hal_flash_ex.o
LOAD Drivers\STM32L4xx_HAL_Driver\stm32l4xx_hal_flash_ramfunc.o
LOAD Drivers\STM32L4xx_HAL_Driver\stm32l4xx_hal_gpio.o
LOAD Drivers\STM32L4xx_HAL_Driver\stm32l4xx_hal_i2c.o
LOAD Drivers\STM32L4xx_HAL_Driver\stm32l4xx_hal_i2c_ex.o
LOAD Drivers\STM32L4xx_HAL_Driver\stm32l4xx_hal_lcd.o
LOAD Drivers\STM32L4xx_HAL_Driver\stm32l4xx_hal_pwr.o
LOAD Drivers\STM32L4xx_HAL_Driver\stm32l4xx_hal_pwr_ex.o
LOAD Drivers\STM32L4xx_HAL_Driver\stm32l4xx_hal_qspi.o
LOAD Drivers\STM32L4xx_HAL_Driver\stm32l4xx_hal_rcc.o
LOAD Drivers\STM32L4xx_HAL_Driver\stm32l4xx_hal_rcc_ex.o
LOAD Drivers\STM32L4xx_HAL_Driver\stm32l4xx_hal_rtc.o
LOAD Drivers\STM32L4xx_HAL_Driver\stm32l4xx_hal_rtc_ex.o
LOAD Drivers\STM32L4xx_HAL_Driver\stm32l4xx_hal_sai.o
LOAD Drivers\STM32L4xx_HAL_Driver\stm32l4xx_hal_sai_ex.o
LOAD Drivers\STM32L4xx_HAL_Driver\stm32l4xx_hal_tim.o
LOAD Drivers\STM32L4xx_HAL_Driver\stm32l4xx_hal_tim_ex.o
LOAD Drivers\STM32L4xx_HAL_Driver\stm32l4xx_hal_uart.o
LOAD Drivers\STM32L4xx_HAL_Driver\stm32l4xx_hal_uart_ex.o
                0x00000080                malloc_getpagesize_P = 0x80
START GROUP
LOAD d:/program files/truestudio for stm32 9.3.0/armtools/bin/../lib/gcc/arm-atollic-eabi/6.3.1/../../../../arm-atollic-eabi/lib/armv7e-m/fpu\libc_nano.a
LOAD d:/program files/truestudio for stm32 9.3.0/armtools/bin/../lib/gcc/arm-atollic-eabi/6.3.1/../../../../arm-atollic-eabi/lib/armv7e-m/fpu\libm.a
END GROUP
START GROUP
LOAD d:/program files/truestudio for stm32 9.3.0/armtools/bin/../lib/gcc/arm-atollic-eabi/6.3.1/armv7e-m/fpu\libgcc.a
LOAD d:/program files/truestudio for stm32 9.3.0/armtools/bin/../lib/gcc/arm-atollic-eabi/6.3.1/../../../../arm-atollic-eabi/lib/armv7e-m/fpu\libc_nano.a
END GROUP
START GROUP
LOAD d:/program files/truestudio for stm32 9.3.0/armtools/bin/../lib/gcc/arm-atollic-eabi/6.3.1/armv7e-m/fpu\libgcc.a
LOAD d:/program files/truestudio for stm32 9.3.0/armtools/bin/../lib/gcc/arm-atollic-eabi/6.3.1/../../../../arm-atollic-eabi/lib/armv7e-m/fpu\libc_nano.a
LOAD d:/program files/truestudio for stm32 9.3.0/armtools/bin/../lib/gcc/arm-atollic-eabi/6.3.1/../../../../arm-atollic-eabi/lib/armv7e-m/fpu\libnosys.a
END GROUP
START GROUP
LOAD d:/program files/truestudio for stm32 9.3.0/armtools/bin/../lib/gcc/arm-atollic-eabi/6.3.1/armv7e-m/fpu\libgcc.a
LOAD d:/program files/truestudio for stm32 9.3.0/armtools/bin/../lib/gcc/arm-atollic-eabi/6.3.1/../../../../arm-atollic-eabi/lib/armv7e-m/fpu\libc_nano.a
LOAD d:/program files/truestudio for stm32 9.3.0/armtools/bin/../lib/gcc/arm-atollic-eabi/6.3.1/../../../../arm-atollic-eabi/lib/armv7e-m/fpu\libnosys.a
END GROUP
LOAD d:/program files/truestudio for stm32 9.3.0/armtools/bin/../lib/gcc/arm-atollic-eabi/6.3.1/armv7e-m/fpu/crtend.o
LOAD d:/program files/truestudio for stm32 9.3.0/armtools/bin/../lib/gcc/arm-atollic-eabi/6.3.1/armv7e-m/fpu/crtn.o
                0x20018000                _estack = 0x20018000
                0x00000200                _Min_Heap_Size = 0x200
                0x00000400                _Min_Stack_Size = 0x400

.isr_vector     0x08000000      0x188
                0x08000000                . = ALIGN (0x4)
 *(.isr_vector)
 .isr_vector    0x08000000      0x188 Application\TrueSTUDIO\startup_stm32l476xx.o
                0x08000000                g_pfnVectors
                0x08000188                . = ALIGN (0x4)

.text           0x08000190     0x37dc
                0x08000190                . = ALIGN (0x4)
 *(.text)
 .text          0x08000190       0x40 d:/program files/truestudio for stm32 9.3.0/armtools/bin/../lib/gcc/arm-atollic-eabi/6.3.1/armv7e-m/fpu/crtbegin.o
 .text          0x080001d0       0xa0 d:/program files/truestudio for stm32 9.3.0/armtools/bin/../lib/gcc/arm-atollic-eabi/6.3.1/../../../../arm-atollic-eabi/lib/armv7e-m/fpu\libc_nano.a(lib_a-memchr.o)
                0x080001d0                memchr
 .text          0x08000270       0x30 d:/program files/truestudio for stm32 9.3.0/armtools/bin/../lib/gcc/arm-atollic-eabi/6.3.1/armv7e-m/fpu\libgcc.a(_aeabi_uldivmod.o)
                0x08000270                __aeabi_uldivmod
 .text          0x080002a0      0x2dc d:/program files/truestudio for stm32 9.3.0/armtools/bin/../lib/gcc/arm-atollic-eabi/6.3.1/armv7e-m/fpu\libgcc.a(_udivmoddi4.o)
                0x080002a0                __udivmoddi4
 .text          0x0800057c        0x4 d:/program files/truestudio for stm32 9.3.0/armtools/bin/../lib/gcc/arm-atollic-eabi/6.3.1/armv7e-m/fpu\libgcc.a(_dvmd_tls.o)
                0x0800057c                __aeabi_idiv0
                0x0800057c                __aeabi_ldiv0
 *(.text*)
 .text.Reset_Handler
                0x08000580       0x50 Application\TrueSTUDIO\startup_stm32l476xx.o
                0x08000580                Reset_Handler
 .text.Default_Handler
                0x080005d0        0x2 Application\TrueSTUDIO\startup_stm32l476xx.o
                0x080005d0                RTC_Alarm_IRQHandler
                0x080005d0                EXTI2_IRQHandler
                0x080005d0                TIM8_TRG_COM_IRQHandler
                0x080005d0                TIM8_CC_IRQHandler
                0x080005d0                TIM1_CC_IRQHandler
                0x080005d0                TSC_IRQHandler
                0x080005d0                TAMP_STAMP_IRQHandler
                0x080005d0                EXTI3_IRQHandler
                0x080005d0                LPTIM2_IRQHandler
                0x080005d0                DFSDM1_FLT1_IRQHandler
                0x080005d0                I2C3_ER_IRQHandler
                0x080005d0                DFSDM1_FLT2_IRQHandler
                0x080005d0                EXTI0_IRQHandler
                0x080005d0                I2C2_EV_IRQHandler
                0x080005d0                CAN1_RX0_IRQHandler
                0x080005d0                FPU_IRQHandler
                0x080005d0                TIM1_UP_TIM16_IRQHandler
                0x080005d0                ADC1_2_IRQHandler
                0x080005d0                SPI1_IRQHandler
                0x080005d0                TIM6_DAC_IRQHandler
                0x080005d0                TIM8_UP_IRQHandler
                0x080005d0                DMA1_Channel4_IRQHandler
                0x080005d0                SAI2_IRQHandler
                0x080005d0                DFSDM1_FLT3_IRQHandler
                0x080005d0                USART3_IRQHandler
                0x080005d0                DMA1_Channel7_IRQHandler
                0x080005d0                CAN1_RX1_IRQHandler
                0x080005d0                LCD_IRQHandler
                0x080005d0                UART5_IRQHandler
                0x080005d0                ADC3_IRQHandler
                0x080005d0                TIM4_IRQHandler
                0x080005d0                DMA2_Channel1_IRQHandler
                0x080005d0                QUADSPI_IRQHandler
                0x080005d0                I2C1_EV_IRQHandler
                0x080005d0                DMA1_Channel6_IRQHandler
                0x080005d0                UART4_IRQHandler
                0x080005d0                DMA2_Channel4_IRQHandler
                0x080005d0                TIM3_IRQHandler
                0x080005d0                RCC_IRQHandler
                0x080005d0                DMA1_Channel1_IRQHandler
                0x080005d0                Default_Handler
                0x080005d0                DMA2_Channel7_IRQHandler
                0x080005d0                EXTI15_10_IRQHandler
                0x080005d0                TIM7_IRQHandler
                0x080005d0                SDMMC1_IRQHandler
                0x080005d0                TIM5_IRQHandler
                0x080005d0                I2C3_EV_IRQHandler
                0x080005d0                EXTI9_5_IRQHandler
                0x080005d0                RTC_WKUP_IRQHandler
                0x080005d0                PVD_PVM_IRQHandler
                0x080005d0                SPI2_IRQHandler
                0x080005d0                CAN1_TX_IRQHandler
                0x080005d0                DMA2_Channel5_IRQHandler
                0x080005d0                DMA1_Channel5_IRQHandler
                0x080005d0                EXTI4_IRQHandler
                0x080005d0                RNG_IRQHandler
                0x080005d0                TIM1_TRG_COM_TIM17_IRQHandler
                0x080005d0                DMA1_Channel3_IRQHandler
                0x080005d0                COMP_IRQHandler
                0x080005d0                WWDG_IRQHandler
                0x080005d0                LPUART1_IRQHandler
                0x080005d0                DMA2_Channel6_IRQHandler
                0x080005d0                TIM2_IRQHandler
                0x080005d0                EXTI1_IRQHandler
                0x080005d0                USART2_IRQHandler
                0x080005d0                DFSDM1_FLT0_IRQHandler
                0x080005d0                I2C2_ER_IRQHandler
                0x080005d0                DMA1_Channel2_IRQHandler
                0x080005d0                TIM8_BRK_IRQHandler
                0x080005d0                CAN1_SCE_IRQHandler
                0x080005d0                FLASH_IRQHandler
                0x080005d0                USART1_IRQHandler
                0x080005d0                OTG_FS_IRQHandler
                0x080005d0                SPI3_IRQHandler
                0x080005d0                I2C1_ER_IRQHandler
                0x080005d0                FMC_IRQHandler
                0x080005d0                SWPMI1_IRQHandler
                0x080005d0                LPTIM1_IRQHandler
                0x080005d0                SAI1_IRQHandler
                0x080005d0                DMA2_Channel3_IRQHandler
                0x080005d0                TIM1_BRK_TIM15_IRQHandler
 *fill*         0x080005d2        0x2 
 .text._sbrk    0x080005d4       0x34 Application\TrueSTUDIO\syscalls.o
                0x080005d4                _sbrk
 .text._write_uart
                0x08000608       0x18 Application\User\main.o
                0x08000608                _write_uart
 .text.SystemClock_Config
                0x08000620       0x98 Application\User\main.o
                0x08000620                SystemClock_Config
 .text.startup.main
                0x080006b8      0x33c Application\User\main.o
                0x080006b8                main
 .text.Error_Handler
                0x080009f4        0x2 Application\User\main.o
                0x080009f4                Error_Handler
 *fill*         0x080009f6        0x2 
 .text.HAL_MspInit
                0x080009f8       0x30 Application\User\stm32l4xx_hal_msp.o
                0x080009f8                HAL_MspInit
 .text.HAL_LCD_MspInit
                0x08000a28       0xe8 Application\User\stm32l4xx_hal_msp.o
                0x08000a28                HAL_LCD_MspInit
 .text.HAL_QSPI_MspInit
                0x08000b10       0x6c Application\User\stm32l4xx_hal_msp.o
                0x08000b10                HAL_QSPI_MspInit
 .text.HAL_RTC_MspInit
                0x08000b7c       0x20 Application\User\stm32l4xx_hal_msp.o
                0x08000b7c                HAL_RTC_MspInit
 .text.HAL_UART_MspInit
                0x08000b9c       0x68 Application\User\stm32l4xx_hal_msp.o
                0x08000b9c                HAL_UART_MspInit
 .text.HAL_SAI_MspInit
                0x08000c04       0xd4 Application\User\stm32l4xx_hal_msp.o
                0x08000c04                HAL_SAI_MspInit
 .text.NMI_Handler
                0x08000cd8        0x2 Application\User\stm32l4xx_it.o
                0x08000cd8                NMI_Handler
 .text.HardFault_Handler
                0x08000cda        0x2 Application\User\stm32l4xx_it.o
                0x08000cda                HardFault_Handler
 .text.MemManage_Handler
                0x08000cdc        0x2 Application\User\stm32l4xx_it.o
                0x08000cdc                MemManage_Handler
 .text.BusFault_Handler
                0x08000cde        0x2 Application\User\stm32l4xx_it.o
                0x08000cde                BusFault_Handler
 .text.UsageFault_Handler
                0x08000ce0        0x2 Application\User\stm32l4xx_it.o
                0x08000ce0                UsageFault_Handler
 .text.SVC_Handler
                0x08000ce2        0x2 Application\User\stm32l4xx_it.o
                0x08000ce2                SVC_Handler
 .text.DebugMon_Handler
                0x08000ce4        0x2 Application\User\stm32l4xx_it.o
                0x08000ce4                DebugMon_Handler
 .text.PendSV_Handler
                0x08000ce6        0x2 Application\User\stm32l4xx_it.o
                0x08000ce6                PendSV_Handler
 .text.SysTick_Handler
                0x08000ce8        0x4 Application\User\stm32l4xx_it.o
                0x08000ce8                SysTick_Handler
 .text.DMA2_Channel2_IRQHandler
                0x08000cec        0xc Application\User\stm32l4xx_it.o
                0x08000cec                DMA2_Channel2_IRQHandler
 .text.SystemInit
                0x08000cf8       0x48 Drivers\CMSIS\system_stm32l4xx.o
                0x08000cf8                SystemInit
 .text.HAL_InitTick
                0x08000d40       0x30 Drivers\STM32L4xx_HAL_Driver\stm32l4xx_hal.o
                0x08000d40                HAL_InitTick
 .text.HAL_Init
                0x08000d70       0x2c Drivers\STM32L4xx_HAL_Driver\stm32l4xx_hal.o
                0x08000d70                HAL_Init
 .text.HAL_IncTick
                0x08000d9c       0x10 Drivers\STM32L4xx_HAL_Driver\stm32l4xx_hal.o
                0x08000d9c                HAL_IncTick
 .text.HAL_GetTick
                0x08000dac        0xc Drivers\STM32L4xx_HAL_Driver\stm32l4xx_hal.o
                0x08000dac                HAL_GetTick
 .text.HAL_Delay
                0x08000db8       0x1c Drivers\STM32L4xx_HAL_Driver\stm32l4xx_hal.o
                0x08000db8                HAL_Delay
 .text.HAL_NVIC_SetPriorityGrouping
                0x08000dd4       0x24 Drivers\STM32L4xx_HAL_Driver\stm32l4xx_hal_cortex.o
                0x08000dd4                HAL_NVIC_SetPriorityGrouping
 .text.HAL_NVIC_SetPriority
                0x08000df8       0x68 Drivers\STM32L4xx_HAL_Driver\stm32l4xx_hal_cortex.o
                0x08000df8                HAL_NVIC_SetPriority
 .text.HAL_NVIC_EnableIRQ
                0x08000e60       0x18 Drivers\STM32L4xx_HAL_Driver\stm32l4xx_hal_cortex.o
                0x08000e60                HAL_NVIC_EnableIRQ
 .text.HAL_SYSTICK_Config
                0x08000e78       0x2c Drivers\STM32L4xx_HAL_Driver\stm32l4xx_hal_cortex.o
                0x08000e78                HAL_SYSTICK_Config
 .text.HAL_DMA_Init
                0x08000ea4       0xc4 Drivers\STM32L4xx_HAL_Driver\stm32l4xx_hal_dma.o
                0x08000ea4                HAL_DMA_Init
 .text.HAL_DMA_IRQHandler
                0x08000f68       0x94 Drivers\STM32L4xx_HAL_Driver\stm32l4xx_hal_dma.o
                0x08000f68                HAL_DMA_IRQHandler
 .text.HAL_GPIO_Init
                0x08000ffc      0x1b8 Drivers\STM32L4xx_HAL_Driver\stm32l4xx_hal_gpio.o
                0x08000ffc                HAL_GPIO_Init
 .text.HAL_GPIO_WritePin
                0x080011b4        0xa Drivers\STM32L4xx_HAL_Driver\stm32l4xx_hal_gpio.o
                0x080011b4                HAL_GPIO_WritePin
 .text.HAL_GPIO_TogglePin
                0x080011be        0x8 Drivers\STM32L4xx_HAL_Driver\stm32l4xx_hal_gpio.o
                0x080011be                HAL_GPIO_TogglePin
 .text.LCD_WaitForSynchro
                0x080011c6       0x2a Drivers\STM32L4xx_HAL_Driver\stm32l4xx_hal_lcd.o
                0x080011c6                LCD_WaitForSynchro
 .text.HAL_LCD_Init
                0x080011f0       0xf0 Drivers\STM32L4xx_HAL_Driver\stm32l4xx_hal_lcd.o
                0x080011f0                HAL_LCD_Init
 .text.HAL_PWREx_GetVoltageRange
                0x080012e0       0x10 Drivers\STM32L4xx_HAL_Driver\stm32l4xx_hal_pwr_ex.o
                0x080012e0                HAL_PWREx_GetVoltageRange
 .text.HAL_PWREx_ControlVoltageScaling
                0x080012f0       0x6c Drivers\STM32L4xx_HAL_Driver\stm32l4xx_hal_pwr_ex.o
                0x080012f0                HAL_PWREx_ControlVoltageScaling
 .text.QSPI_WaitFlagStateUntilTimeout
                0x0800135c       0x4c Drivers\STM32L4xx_HAL_Driver\stm32l4xx_hal_qspi.o
 .text.HAL_QSPI_Init
                0x080013a8       0xb0 Drivers\STM32L4xx_HAL_Driver\stm32l4xx_hal_qspi.o
                0x080013a8                HAL_QSPI_Init
 .text.RCC_SetFlashLatencyFromMSIRange
                0x08001458       0x84 Drivers\STM32L4xx_HAL_Driver\stm32l4xx_hal_rcc.o
 .text.HAL_RCC_GetSysClockFreq
                0x080014dc       0xa8 Drivers\STM32L4xx_HAL_Driver\stm32l4xx_hal_rcc.o
                0x080014dc                HAL_RCC_GetSysClockFreq
 .text.HAL_RCC_OscConfig
                0x08001584      0x44c Drivers\STM32L4xx_HAL_Driver\stm32l4xx_hal_rcc.o
                0x08001584                HAL_RCC_OscConfig
 .text.HAL_RCC_ClockConfig
                0x080019d0      0x124 Drivers\STM32L4xx_HAL_Driver\stm32l4xx_hal_rcc.o
                0x080019d0                HAL_RCC_ClockConfig
 .text.HAL_RCC_GetPCLK1Freq
                0x08001af4       0x24 Drivers\STM32L4xx_HAL_Driver\stm32l4xx_hal_rcc.o
                0x08001af4                HAL_RCC_GetPCLK1Freq
 .text.HAL_RCC_GetPCLK2Freq
                0x08001b18       0x24 Drivers\STM32L4xx_HAL_Driver\stm32l4xx_hal_rcc.o
                0x08001b18                HAL_RCC_GetPCLK2Freq
 .text.RCCEx_GetSAIxPeriphCLKFreq
                0x08001b3c       0xc0 Drivers\STM32L4xx_HAL_Driver\stm32l4xx_hal_rcc_ex.o
 .text.RCCEx_PLLSAI1_Config
                0x08001bfc      0x11c Drivers\STM32L4xx_HAL_Driver\stm32l4xx_hal_rcc_ex.o
 .text.RCCEx_PLLSAI2_Config
                0x08001d18       0xfc Drivers\STM32L4xx_HAL_Driver\stm32l4xx_hal_rcc_ex.o
 .text.HAL_RCCEx_PeriphCLKConfig
                0x08001e14      0x3d0 Drivers\STM32L4xx_HAL_Driver\stm32l4xx_hal_rcc_ex.o
                0x08001e14                HAL_RCCEx_PeriphCLKConfig
 .text.HAL_RCCEx_GetPeriphCLKFreq
                0x080021e4      0x3bc Drivers\STM32L4xx_HAL_Driver\stm32l4xx_hal_rcc_ex.o
                0x080021e4                HAL_RCCEx_GetPeriphCLKFreq
 .text.HAL_RTC_WaitForSynchro
                0x080025a0       0x30 Drivers\STM32L4xx_HAL_Driver\stm32l4xx_hal_rtc.o
                0x080025a0                HAL_RTC_WaitForSynchro
 .text.RTC_EnterInitMode
                0x080025d0       0x34 Drivers\STM32L4xx_HAL_Driver\stm32l4xx_hal_rtc.o
                0x080025d0                RTC_EnterInitMode
 .text.HAL_RTC_Init
                0x08002604       0xaa Drivers\STM32L4xx_HAL_Driver\stm32l4xx_hal_rtc.o
                0x08002604                HAL_RTC_Init
 .text.RTC_ByteToBcd2
                0x080026ae       0x16 Drivers\STM32L4xx_HAL_Driver\stm32l4xx_hal_rtc.o
                0x080026ae                RTC_ByteToBcd2
 .text.HAL_RTC_SetDate
                0x080026c4       0xd2 Drivers\STM32L4xx_HAL_Driver\stm32l4xx_hal_rtc.o
                0x080026c4                HAL_RTC_SetDate
 .text.HAL_RTC_SetTime
                0x08002796       0xf8 Drivers\STM32L4xx_HAL_Driver\stm32l4xx_hal_rtc.o
                0x08002796                HAL_RTC_SetTime
 .text.RTC_Bcd2ToByte
                0x0800288e       0x12 Drivers\STM32L4xx_HAL_Driver\stm32l4xx_hal_rtc.o
                0x0800288e                RTC_Bcd2ToByte
 .text.HAL_RTC_GetTime
                0x080028a0       0x48 Drivers\STM32L4xx_HAL_Driver\stm32l4xx_hal_rtc.o
                0x080028a0                HAL_RTC_GetTime
 .text.HAL_RTC_GetDate
                0x080028e8       0x40 Drivers\STM32L4xx_HAL_Driver\stm32l4xx_hal_rtc.o
                0x080028e8                HAL_RTC_GetDate
 .text.SAI_Disable
                0x08002928       0x40 Drivers\STM32L4xx_HAL_Driver\stm32l4xx_hal_sai.o
 .text.HAL_SAI_Init
                0x08002968      0x19c Drivers\STM32L4xx_HAL_Driver\stm32l4xx_hal_sai.o
                0x08002968                HAL_SAI_Init
 .text.UART_SetConfig
                0x08002b04      0x330 Drivers\STM32L4xx_HAL_Driver\stm32l4xx_hal_uart.o
                0x08002b04                UART_SetConfig
 .text.UART_AdvFeatureConfig
                0x08002e34       0xa8 Drivers\STM32L4xx_HAL_Driver\stm32l4xx_hal_uart.o
                0x08002e34                UART_AdvFeatureConfig
 .text.UART_WaitOnFlagUntilTimeout
                0x08002edc       0x62 Drivers\STM32L4xx_HAL_Driver\stm32l4xx_hal_uart.o
                0x08002edc                UART_WaitOnFlagUntilTimeout
 .text.HAL_UART_Transmit
                0x08002f3e       0xae Drivers\STM32L4xx_HAL_Driver\stm32l4xx_hal_uart.o
                0x08002f3e                HAL_UART_Transmit
 .text.UART_CheckIdleState
                0x08002fec       0x64 Drivers\STM32L4xx_HAL_Driver\stm32l4xx_hal_uart.o
                0x08002fec                UART_CheckIdleState
 .text.HAL_UART_Init
                0x08003050       0x64 Drivers\STM32L4xx_HAL_Driver\stm32l4xx_hal_uart.o
                0x08003050                HAL_UART_Init
 .text.__errno  0x080030b4        0xc d:/program files/truestudio for stm32 9.3.0/armtools/bin/../lib/gcc/arm-atollic-eabi/6.3.1/../../../../arm-atollic-eabi/lib/armv7e-m/fpu\libc_nano.a(lib_a-errno.o)
                0x080030b4                __errno
 .text.__libc_init_array
                0x080030c0       0x48 d:/program files/truestudio for stm32 9.3.0/armtools/bin/../lib/gcc/arm-atollic-eabi/6.3.1/../../../../arm-atollic-eabi/lib/armv7e-m/fpu\libc_nano.a(lib_a-init.o)
                0x080030c0                __libc_init_array
 .text.memset   0x08003108       0x10 d:/program files/truestudio for stm32 9.3.0/armtools/bin/../lib/gcc/arm-atollic-eabi/6.3.1/../../../../arm-atollic-eabi/lib/armv7e-m/fpu\libc_nano.a(lib_a-memset.o)
                0x08003108                memset
 .text.sprintf  0x08003118       0x48 d:/program files/truestudio for stm32 9.3.0/armtools/bin/../lib/gcc/arm-atollic-eabi/6.3.1/../../../../arm-atollic-eabi/lib/armv7e-m/fpu\libc_nano.a(lib_a-sprintf.o)
                0x08003118                siprintf
                0x08003118                sprintf
 .text.__ssputs_r
                0x08003160       0xb6 d:/program files/truestudio for stm32 9.3.0/armtools/bin/../lib/gcc/arm-atollic-eabi/6.3.1/../../../../arm-atollic-eabi/lib/armv7e-m/fpu\libc_nano.a(lib_a-nano-svfprintf.o)
                0x08003160                __ssputs_r
 *fill*         0x08003216        0x2 
 .text._svfprintf_r
                0x08003218      0x1e8 d:/program files/truestudio for stm32 9.3.0/armtools/bin/../lib/gcc/arm-atollic-eabi/6.3.1/../../../../arm-atollic-eabi/lib/armv7e-m/fpu\libc_nano.a(lib_a-nano-svfprintf.o)
                0x08003218                _svfiprintf_r
                0x08003218                _svfprintf_r
 .text._printf_common
                0x08003400       0xec d:/program files/truestudio for stm32 9.3.0/armtools/bin/../lib/gcc/arm-atollic-eabi/6.3.1/../../../../arm-atollic-eabi/lib/armv7e-m/fpu\libc_nano.a(lib_a-nano-vfprintf_i.o)
                0x08003400                _printf_common
 .text._printf_i
                0x080034ec      0x240 d:/program files/truestudio for stm32 9.3.0/armtools/bin/../lib/gcc/arm-atollic-eabi/6.3.1/../../../../arm-atollic-eabi/lib/armv7e-m/fpu\libc_nano.a(lib_a-nano-vfprintf_i.o)
                0x080034ec                _printf_i
 .text.memcpy   0x0800372c       0x16 d:/program files/truestudio for stm32 9.3.0/armtools/bin/../lib/gcc/arm-atollic-eabi/6.3.1/../../../../arm-atollic-eabi/lib/armv7e-m/fpu\libc_nano.a(lib_a-memcpy-stub.o)
                0x0800372c                memcpy
 .text.memmove  0x08003742       0x34 d:/program files/truestudio for stm32 9.3.0/armtools/bin/../lib/gcc/arm-atollic-eabi/6.3.1/../../../../arm-atollic-eabi/lib/armv7e-m/fpu\libc_nano.a(lib_a-memmove.o)
                0x08003742                memmove
 *fill*         0x08003776        0x2 
 .text._free_r  0x08003778       0x9c d:/program files/truestudio for stm32 9.3.0/armtools/bin/../lib/gcc/arm-atollic-eabi/6.3.1/../../../../arm-atollic-eabi/lib/armv7e-m/fpu\libc_nano.a(lib_a-nano-freer.o)
                0x08003778                _free_r
 .text._malloc_r
                0x08003814       0xbc d:/program files/truestudio for stm32 9.3.0/armtools/bin/../lib/gcc/arm-atollic-eabi/6.3.1/../../../../arm-atollic-eabi/lib/armv7e-m/fpu\libc_nano.a(lib_a-nano-mallocr.o)
                0x08003814                _malloc_r
 .text._realloc_r
                0x080038d0       0x4c d:/program files/truestudio for stm32 9.3.0/armtools/bin/../lib/gcc/arm-atollic-eabi/6.3.1/../../../../arm-atollic-eabi/lib/armv7e-m/fpu\libc_nano.a(lib_a-nano-reallocr.o)
                0x080038d0                _realloc_r
 .text._sbrk_r  0x0800391c       0x20 d:/program files/truestudio for stm32 9.3.0/armtools/bin/../lib/gcc/arm-atollic-eabi/6.3.1/../../../../arm-atollic-eabi/lib/armv7e-m/fpu\libc_nano.a(lib_a-sbrkr.o)
                0x0800391c                _sbrk_r
 .text.__malloc_lock
                0x0800393c        0x2 d:/program files/truestudio for stm32 9.3.0/armtools/bin/../lib/gcc/arm-atollic-eabi/6.3.1/../../../../arm-atollic-eabi/lib/armv7e-m/fpu\libc_nano.a(lib_a-mlock.o)
                0x0800393c                __malloc_lock
 .text.__malloc_unlock
                0x0800393e        0x2 d:/program files/truestudio for stm32 9.3.0/armtools/bin/../lib/gcc/arm-atollic-eabi/6.3.1/../../../../arm-atollic-eabi/lib/armv7e-m/fpu\libc_nano.a(lib_a-mlock.o)
                0x0800393e                __malloc_unlock
 .text._malloc_usable_size_r
                0x08003940       0x12 d:/program files/truestudio for stm32 9.3.0/armtools/bin/../lib/gcc/arm-atollic-eabi/6.3.1/../../../../arm-atollic-eabi/lib/armv7e-m/fpu\libc_nano.a(lib_a-nano-msizer.o)
                0x08003940                _malloc_usable_size_r
 *(.glue_7)
 .glue_7        0x08003952        0x0 linker stubs
 *(.glue_7t)
 .glue_7t       0x08003952        0x0 linker stubs
 *(.eh_frame)
 *fill*         0x08003952        0x2 
 .eh_frame      0x08003954        0x0 d:/program files/truestudio for stm32 9.3.0/armtools/bin/../lib/gcc/arm-atollic-eabi/6.3.1/armv7e-m/fpu/crtbegin.o
 *(.init)
 .init          0x08003954        0x4 d:/program files/truestudio for stm32 9.3.0/armtools/bin/../lib/gcc/arm-atollic-eabi/6.3.1/armv7e-m/fpu/crti.o
                0x08003954                _init
 .init          0x08003958        0x8 d:/program files/truestudio for stm32 9.3.0/armtools/bin/../lib/gcc/arm-atollic-eabi/6.3.1/armv7e-m/fpu/crtn.o
 *(.fini)
 .fini          0x08003960        0x4 d:/program files/truestudio for stm32 9.3.0/armtools/bin/../lib/gcc/arm-atollic-eabi/6.3.1/armv7e-m/fpu/crti.o
                0x08003960                _fini
 .fini          0x08003964        0x8 d:/program files/truestudio for stm32 9.3.0/armtools/bin/../lib/gcc/arm-atollic-eabi/6.3.1/armv7e-m/fpu/crtn.o
                0x0800396c                . = ALIGN (0x4)
                0x0800396c                _etext = .

.vfp11_veneer   0x0800396c        0x0
 .vfp11_veneer  0x0800396c        0x0 linker stubs

.v4_bx          0x0800396c        0x0
 .v4_bx         0x0800396c        0x0 linker stubs

.iplt           0x0800396c        0x0
 .iplt          0x0800396c        0x0 d:/program files/truestudio for stm32 9.3.0/armtools/bin/../lib/gcc/arm-atollic-eabi/6.3.1/armv7e-m/fpu/crtbegin.o

.rodata         0x0800396c       0xe0
                0x0800396c                . = ALIGN (0x4)
 *(.rodata)
 *(.rodata*)
 .rodata.main.str1.1
                0x0800396c       0x53 Application\User\main.o
 .rodata.AHBPrescTable
                0x080039bf       0x10 Drivers\CMSIS\system_stm32l4xx.o
                0x080039bf                AHBPrescTable
 .rodata.APBPrescTable
                0x080039cf        0x8 Drivers\CMSIS\system_stm32l4xx.o
                0x080039cf                APBPrescTable
 *fill*         0x080039d7        0x1 
 .rodata.MSIRangeTable
                0x080039d8       0x30 Drivers\CMSIS\system_stm32l4xx.o
                0x080039d8                MSIRangeTable
 .rodata.CSWTCH.51
                0x08003a08        0x4 Drivers\STM32L4xx_HAL_Driver\stm32l4xx_hal_uart.o
 .rodata.CSWTCH.52
                0x08003a0c        0xd Drivers\STM32L4xx_HAL_Driver\stm32l4xx_hal_uart.o
 .rodata._svfprintf_r.str1.1
                0x08003a19       0x11 d:/program files/truestudio for stm32 9.3.0/armtools/bin/../lib/gcc/arm-atollic-eabi/6.3.1/../../../../arm-atollic-eabi/lib/armv7e-m/fpu\libc_nano.a(lib_a-nano-svfprintf.o)
 .rodata._printf_i.str1.1
                0x08003a2a       0x22 d:/program files/truestudio for stm32 9.3.0/armtools/bin/../lib/gcc/arm-atollic-eabi/6.3.1/../../../../arm-atollic-eabi/lib/armv7e-m/fpu\libc_nano.a(lib_a-nano-vfprintf_i.o)
                0x08003a4c                . = ALIGN (0x4)

.ARM.extab
 *(.ARM.extab* .gnu.linkonce.armextab.*)

.ARM            0x08003a4c        0x8
                0x08003a4c                __exidx_start = .
 *(.ARM.exidx*)
 .ARM.exidx     0x08003a4c        0x8 d:/program files/truestudio for stm32 9.3.0/armtools/bin/../lib/gcc/arm-atollic-eabi/6.3.1/armv7e-m/fpu\libgcc.a(_udivmoddi4.o)
                0x08003a54                __exidx_end = .

.rel.dyn        0x08003a54        0x0
 .rel.iplt      0x08003a54        0x0 d:/program files/truestudio for stm32 9.3.0/armtools/bin/../lib/gcc/arm-atollic-eabi/6.3.1/armv7e-m/fpu/crtbegin.o

.preinit_array  0x08003a54        0x0
                0x08003a54                PROVIDE (__preinit_array_start, .)
 *(.preinit_array*)
                0x08003a54                PROVIDE (__preinit_array_end, .)

.init_array     0x08003a54        0x4
                0x08003a54                PROVIDE (__init_array_start, .)
 *(SORT(.init_array.*))
 *(.init_array*)
 .init_array    0x08003a54        0x4 d:/program files/truestudio for stm32 9.3.0/armtools/bin/../lib/gcc/arm-atollic-eabi/6.3.1/armv7e-m/fpu/crtbegin.o
                0x08003a58                PROVIDE (__init_array_end, .)

.fini_array     0x08003a58        0x4
                [!provide]                PROVIDE (__fini_array_start, .)
 *(SORT(.fini_array.*))
 *(.fini_array*)
 .fini_array    0x08003a58        0x4 d:/program files/truestudio for stm32 9.3.0/armtools/bin/../lib/gcc/arm-atollic-eabi/6.3.1/armv7e-m/fpu/crtbegin.o
                [!provide]                PROVIDE (__fini_array_end, .)
                0x08003a5c                _sidata = LOADADDR (.data)

.data           0x20000000       0x68 load address 0x08003a5c
                0x20000000                . = ALIGN (0x4)
                0x20000000                _sdata = .
 *(.data)
 *(.data*)
 .data.SystemCoreClock
                0x20000000        0x4 Drivers\CMSIS\system_stm32l4xx.o
                0x20000000                SystemCoreClock
 .data._impure_ptr
                0x20000004        0x4 d:/program files/truestudio for stm32 9.3.0/armtools/bin/../lib/gcc/arm-atollic-eabi/6.3.1/../../../../arm-atollic-eabi/lib/armv7e-m/fpu\libc_nano.a(lib_a-impure.o)
                0x20000004                _impure_ptr
 .data.impure_data
                0x20000008       0x60 d:/program files/truestudio for stm32 9.3.0/armtools/bin/../lib/gcc/arm-atollic-eabi/6.3.1/../../../../arm-atollic-eabi/lib/armv7e-m/fpu\libc_nano.a(lib_a-impure.o)
                0x20000068                . = ALIGN (0x4)
                0x20000068                _edata = .

.igot.plt       0x20000068        0x0 load address 0x08003ac4
 .igot.plt      0x20000068        0x0 d:/program files/truestudio for stm32 9.3.0/armtools/bin/../lib/gcc/arm-atollic-eabi/6.3.1/armv7e-m/fpu/crtbegin.o
                0x20000068                . = ALIGN (0x4)

.bss            0x20000068      0x234 load address 0x08003ac4
                0x20000068                _sbss = .
                0x20000068                __bss_start__ = _sbss
 *(.bss)
 .bss           0x20000068       0x1c d:/program files/truestudio for stm32 9.3.0/armtools/bin/../lib/gcc/arm-atollic-eabi/6.3.1/armv7e-m/fpu/crtbegin.o
 *(.bss*)
 .bss.heap_end.7010
                0x20000084        0x4 Application\TrueSTUDIO\syscalls.o
 .bss.SAI1_client
                0x20000088        0x4 Application\User\stm32l4xx_hal_msp.o
 .bss.__malloc_free_list
                0x2000008c        0x4 d:/program files/truestudio for stm32 9.3.0/armtools/bin/../lib/gcc/arm-atollic-eabi/6.3.1/../../../../arm-atollic-eabi/lib/armv7e-m/fpu\libc_nano.a(lib_a-nano-mallocr.o)
                0x2000008c                __malloc_free_list
 .bss.__malloc_sbrk_start
                0x20000090        0x4 d:/program files/truestudio for stm32 9.3.0/armtools/bin/../lib/gcc/arm-atollic-eabi/6.3.1/../../../../arm-atollic-eabi/lib/armv7e-m/fpu\libc_nano.a(lib_a-nano-mallocr.o)
                0x20000090                __malloc_sbrk_start
 *(COMMON)
 COMMON         0x20000094      0x200 Application\User\main.o
                0x20000094                RTC_Time
                0x200000a8                hsai_BlockB1
                0x2000012c                hrtc
                0x20000150                hdma_sai1_b
                0x20000198                hlcd
                0x200001d4                huart2
                0x2000024c                RTC_Calendar
                0x20000250                hqspi
 COMMON         0x20000294        0x4 Drivers\STM32L4xx_HAL_Driver\stm32l4xx_hal.o
                0x20000294                uwTick
 COMMON         0x20000298        0x4 d:/program files/truestudio for stm32 9.3.0/armtools/bin/../lib/gcc/arm-atollic-eabi/6.3.1/../../../../arm-atollic-eabi/lib/armv7e-m/fpu\libc_nano.a(lib_a-reent.o)
                0x20000298                errno
                0x2000029c                . = ALIGN (0x4)
                0x2000029c                _ebss = .
                0x2000029c                __bss_end__ = _ebss

._user_heap_stack
                0x2000029c      0x600 load address 0x08003ac4
                0x2000029c                . = ALIGN (0x4)
                0x2000029c                PROVIDE (end, .)
                [!provide]                PROVIDE (_end, .)
                0x2000049c                . = (. + _Min_Heap_Size)
 *fill*         0x2000029c      0x200 
                0x2000089c                . = (. + _Min_Stack_Size)
 *fill*         0x2000049c      0x400 
                0x2000089c                . = ALIGN (0x4)

/DISCARD/
 libc.a(*)
 libm.a(*)
 libgcc.a(*)

.ARM.attributes
                0x00000000       0x30
 *(.ARM.attributes)
 .ARM.attributes
                0x00000000       0x22 d:/program files/truestudio for stm32 9.3.0/armtools/bin/../lib/gcc/arm-atollic-eabi/6.3.1/armv7e-m/fpu/crti.o
 .ARM.attributes
                0x00000022       0x34 d:/program files/truestudio for stm32 9.3.0/armtools/bin/../lib/gcc/arm-atollic-eabi/6.3.1/armv7e-m/fpu/crtbegin.o
 .ARM.attributes
                0x00000056       0x21 Application\TrueSTUDIO\startup_stm32l476xx.o
 .ARM.attributes
                0x00000077       0x39 Application\TrueSTUDIO\syscalls.o
 .ARM.attributes
                0x000000b0       0x39 Application\User\main.o
 .ARM.attributes
                0x000000e9       0x39 Application\User\stm32l4xx_hal_msp.o
 .ARM.attributes
                0x00000122       0x39 Application\User\stm32l4xx_it.o
 .ARM.attributes
                0x0000015b       0x39 Drivers\CMSIS\system_stm32l4xx.o
 .ARM.attributes
                0x00000194       0x39 Drivers\STM32L4xx_HAL_Driver\stm32l4xx_hal.o
 .ARM.attributes
                0x000001cd       0x39 Drivers\STM32L4xx_HAL_Driver\stm32l4xx_hal_cortex.o
 .ARM.attributes
                0x00000206       0x39 Drivers\STM32L4xx_HAL_Driver\stm32l4xx_hal_dma.o
 .ARM.attributes
                0x0000023f       0x39 Drivers\STM32L4xx_HAL_Driver\stm32l4xx_hal_gpio.o
 .ARM.attributes
                0x00000278       0x39 Drivers\STM32L4xx_HAL_Driver\stm32l4xx_hal_lcd.o
 .ARM.attributes
                0x000002b1       0x39 Drivers\STM32L4xx_HAL_Driver\stm32l4xx_hal_pwr_ex.o
 .ARM.attributes
                0x000002ea       0x39 Drivers\STM32L4xx_HAL_Driver\stm32l4xx_hal_qspi.o
 .ARM.attributes
                0x00000323       0x39 Drivers\STM32L4xx_HAL_Driver\stm32l4xx_hal_rcc.o
 .ARM.attributes
                0x0000035c       0x39 Drivers\STM32L4xx_HAL_Driver\stm32l4xx_hal_rcc_ex.o
 .ARM.attributes
                0x00000395       0x39 Drivers\STM32L4xx_HAL_Driver\stm32l4xx_hal_rtc.o
 .ARM.attributes
                0x000003ce       0x39 Drivers\STM32L4xx_HAL_Driver\stm32l4xx_hal_sai.o
 .ARM.attributes
                0x00000407       0x39 Drivers\STM32L4xx_HAL_Driver\stm32l4xx_hal_uart.o
 .ARM.attributes
                0x00000440       0x34 d:/program files/truestudio for stm32 9.3.0/armtools/bin/../lib/gcc/arm-atollic-eabi/6.3.1/../../../../arm-atollic-eabi/lib/armv7e-m/fpu\libc_nano.a(lib_a-errno.o)
 .ARM.attributes
                0x00000474       0x34 d:/program files/truestudio for stm32 9.3.0/armtools/bin/../lib/gcc/arm-atollic-eabi/6.3.1/../../../../arm-atollic-eabi/lib/armv7e-m/fpu\libc_nano.a(lib_a-impure.o)
 .ARM.attributes
                0x000004a8       0x34 d:/program files/truestudio for stm32 9.3.0/armtools/bin/../lib/gcc/arm-atollic-eabi/6.3.1/../../../../arm-atollic-eabi/lib/armv7e-m/fpu\libc_nano.a(lib_a-init.o)
 .ARM.attributes
                0x000004dc       0x34 d:/program files/truestudio for stm32 9.3.0/armtools/bin/../lib/gcc/arm-atollic-eabi/6.3.1/../../../../arm-atollic-eabi/lib/armv7e-m/fpu\libc_nano.a(lib_a-memset.o)
 .ARM.attributes
                0x00000510       0x34 d:/program files/truestudio for stm32 9.3.0/armtools/bin/../lib/gcc/arm-atollic-eabi/6.3.1/../../../../arm-atollic-eabi/lib/armv7e-m/fpu\libc_nano.a(lib_a-sprintf.o)
 .ARM.attributes
                0x00000544       0x34 d:/program files/truestudio for stm32 9.3.0/armtools/bin/../lib/gcc/arm-atollic-eabi/6.3.1/../../../../arm-atollic-eabi/lib/armv7e-m/fpu\libc_nano.a(lib_a-nano-svfprintf.o)
 .ARM.attributes
                0x00000578       0x34 d:/program files/truestudio for stm32 9.3.0/armtools/bin/../lib/gcc/arm-atollic-eabi/6.3.1/../../../../arm-atollic-eabi/lib/armv7e-m/fpu\libc_nano.a(lib_a-nano-vfprintf_i.o)
 .ARM.attributes
                0x000005ac       0x20 d:/program files/truestudio for stm32 9.3.0/armtools/bin/../lib/gcc/arm-atollic-eabi/6.3.1/../../../../arm-atollic-eabi/lib/armv7e-m/fpu\libc_nano.a(lib_a-memchr.o)
 .ARM.attributes
                0x000005cc       0x34 d:/program files/truestudio for stm32 9.3.0/armtools/bin/../lib/gcc/arm-atollic-eabi/6.3.1/../../../../arm-atollic-eabi/lib/armv7e-m/fpu\libc_nano.a(lib_a-memcpy-stub.o)
 .ARM.attributes
                0x00000600       0x34 d:/program files/truestudio for stm32 9.3.0/armtools/bin/../lib/gcc/arm-atollic-eabi/6.3.1/../../../../arm-atollic-eabi/lib/armv7e-m/fpu\libc_nano.a(lib_a-memmove.o)
 .ARM.attributes
                0x00000634       0x34 d:/program files/truestudio for stm32 9.3.0/armtools/bin/../lib/gcc/arm-atollic-eabi/6.3.1/../../../../arm-atollic-eabi/lib/armv7e-m/fpu\libc_nano.a(lib_a-nano-freer.o)
 .ARM.attributes
                0x00000668       0x34 d:/program files/truestudio for stm32 9.3.0/armtools/bin/../lib/gcc/arm-atollic-eabi/6.3.1/../../../../arm-atollic-eabi/lib/armv7e-m/fpu\libc_nano.a(lib_a-nano-mallocr.o)
 .ARM.attributes
                0x0000069c       0x34 d:/program files/truestudio for stm32 9.3.0/armtools/bin/../lib/gcc/arm-atollic-eabi/6.3.1/../../../../arm-atollic-eabi/lib/armv7e-m/fpu\libc_nano.a(lib_a-nano-reallocr.o)
 .ARM.attributes
                0x000006d0       0x34 d:/program files/truestudio for stm32 9.3.0/armtools/bin/../lib/gcc/arm-atollic-eabi/6.3.1/../../../../arm-atollic-eabi/lib/armv7e-m/fpu\libc_nano.a(lib_a-sbrkr.o)
 .ARM.attributes
                0x00000704       0x34 d:/program files/truestudio for stm32 9.3.0/armtools/bin/../lib/gcc/arm-atollic-eabi/6.3.1/../../../../arm-atollic-eabi/lib/armv7e-m/fpu\libc_nano.a(lib_a-mlock.o)
 .ARM.attributes
                0x00000738       0x34 d:/program files/truestudio for stm32 9.3.0/armtools/bin/../lib/gcc/arm-atollic-eabi/6.3.1/../../../../arm-atollic-eabi/lib/armv7e-m/fpu\libc_nano.a(lib_a-nano-msizer.o)
 .ARM.attributes
                0x0000076c       0x34 d:/program files/truestudio for stm32 9.3.0/armtools/bin/../lib/gcc/arm-atollic-eabi/6.3.1/../../../../arm-atollic-eabi/lib/armv7e-m/fpu\libc_nano.a(lib_a-reent.o)
 .ARM.attributes
                0x000007a0       0x22 d:/program files/truestudio for stm32 9.3.0/armtools/bin/../lib/gcc/arm-atollic-eabi/6.3.1/armv7e-m/fpu\libgcc.a(_aeabi_uldivmod.o)
 .ARM.attributes
                0x000007c2       0x34 d:/program files/truestudio for stm32 9.3.0/armtools/bin/../lib/gcc/arm-atollic-eabi/6.3.1/armv7e-m/fpu\libgcc.a(_udivmoddi4.o)
 .ARM.attributes
                0x000007f6       0x22 d:/program files/truestudio for stm32 9.3.0/armtools/bin/../lib/gcc/arm-atollic-eabi/6.3.1/armv7e-m/fpu\libgcc.a(_dvmd_tls.o)
 .ARM.attributes
                0x00000818       0x22 d:/program files/truestudio for stm32 9.3.0/armtools/bin/../lib/gcc/arm-atollic-eabi/6.3.1/armv7e-m/fpu/crtn.o
OUTPUT(MonHa_RTC.elf elf32-littlearm)

.debug_line     0x00000000     0x6c9b
 .debug_line    0x00000000       0x7a Application\TrueSTUDIO\startup_stm32l476xx.o
 .debug_line    0x0000007a      0x382 Application\TrueSTUDIO\syscalls.o
 .debug_line    0x000003fc      0x544 Application\User\main.o
 .debug_line    0x00000940      0x4e3 Application\User\stm32l4xx_hal_msp.o
 .debug_line    0x00000e23      0x308 Application\User\stm32l4xx_it.o
 .debug_line    0x0000112b      0x2e3 Drivers\CMSIS\system_stm32l4xx.o
 .debug_line    0x0000140e      0x523 Drivers\STM32L4xx_HAL_Driver\stm32l4xx_hal.o
 .debug_line    0x00001931      0x51f Drivers\STM32L4xx_HAL_Driver\stm32l4xx_hal_cortex.o
 .debug_line    0x00001e50      0x5b2 Drivers\STM32L4xx_HAL_Driver\stm32l4xx_hal_dma.o
 .debug_line    0x00002402      0x4b7 Drivers\STM32L4xx_HAL_Driver\stm32l4xx_hal_gpio.o
 .debug_line    0x000028b9      0x47f Drivers\STM32L4xx_HAL_Driver\stm32l4xx_hal_lcd.o
 .debug_line    0x00002d38      0x6a3 Drivers\STM32L4xx_HAL_Driver\stm32l4xx_hal_pwr_ex.o
 .debug_line    0x000033db      0x935 Drivers\STM32L4xx_HAL_Driver\stm32l4xx_hal_qspi.o
 .debug_line    0x00003d10      0x68b Drivers\STM32L4xx_HAL_Driver\stm32l4xx_hal_rcc.o
 .debug_line    0x0000439b      0x7ca Drivers\STM32L4xx_HAL_Driver\stm32l4xx_hal_rcc_ex.o
 .debug_line    0x00004b65      0x714 Drivers\STM32L4xx_HAL_Driver\stm32l4xx_hal_rtc.o
 .debug_line    0x00005279      0xb90 Drivers\STM32L4xx_HAL_Driver\stm32l4xx_hal_sai.o
 .debug_line    0x00005e09      0xe92 Drivers\STM32L4xx_HAL_Driver\stm32l4xx_hal_uart.o

.debug_info     0x00000000    0x10edf
 .debug_info    0x00000000       0x84 Application\TrueSTUDIO\startup_stm32l476xx.o
 .debug_info    0x00000084      0xfe1 Application\TrueSTUDIO\syscalls.o
 .debug_info    0x00001065     0x244d Application\User\main.o
 .debug_info    0x000034b2     0x1a6a Application\User\stm32l4xx_hal_msp.o
 .debug_info    0x00004f1c      0x438 Application\User\stm32l4xx_it.o
 .debug_info    0x00005354      0x5cf Drivers\CMSIS\system_stm32l4xx.o
 .debug_info    0x00005923      0xc2a Drivers\STM32L4xx_HAL_Driver\stm32l4xx_hal.o
 .debug_info    0x0000654d      0xf6d Drivers\STM32L4xx_HAL_Driver\stm32l4xx_hal_cortex.o
 .debug_info    0x000074ba      0x84a Drivers\STM32L4xx_HAL_Driver\stm32l4xx_hal_dma.o
 .debug_info    0x00007d04      0x862 Drivers\STM32L4xx_HAL_Driver\stm32l4xx_hal_gpio.o
 .debug_info    0x00008566      0x678 Drivers\STM32L4xx_HAL_Driver\stm32l4xx_hal_lcd.o
 .debug_info    0x00008bde      0xad2 Drivers\STM32L4xx_HAL_Driver\stm32l4xx_hal_pwr_ex.o
 .debug_info    0x000096b0     0x16d8 Drivers\STM32L4xx_HAL_Driver\stm32l4xx_hal_qspi.o
 .debug_info    0x0000ad88      0xdfe Drivers\STM32L4xx_HAL_Driver\stm32l4xx_hal_rcc.o
 .debug_info    0x0000bb86     0x1077 Drivers\STM32L4xx_HAL_Driver\stm32l4xx_hal_rcc_ex.o
 .debug_info    0x0000cbfd      0xfe8 Drivers\STM32L4xx_HAL_Driver\stm32l4xx_hal_rtc.o
 .debug_info    0x0000dbe5     0x16dd Drivers\STM32L4xx_HAL_Driver\stm32l4xx_hal_sai.o
 .debug_info    0x0000f2c2     0x1c1d Drivers\STM32L4xx_HAL_Driver\stm32l4xx_hal_uart.o

.debug_abbrev   0x00000000     0x28e1
 .debug_abbrev  0x00000000       0x12 Application\TrueSTUDIO\startup_stm32l476xx.o
 .debug_abbrev  0x00000012      0x2d9 Application\TrueSTUDIO\syscalls.o
 .debug_abbrev  0x000002eb      0x331 Application\User\main.o
 .debug_abbrev  0x0000061c      0x240 Application\User\stm32l4xx_hal_msp.o
 .debug_abbrev  0x0000085c      0x195 Application\User\stm32l4xx_it.o
 .debug_abbrev  0x000009f1      0x12f Drivers\CMSIS\system_stm32l4xx.o
 .debug_abbrev  0x00000b20      0x29d Drivers\STM32L4xx_HAL_Driver\stm32l4xx_hal.o
 .debug_abbrev  0x00000dbd      0x2e6 Drivers\STM32L4xx_HAL_Driver\stm32l4xx_hal_cortex.o
 .debug_abbrev  0x000010a3      0x224 Drivers\STM32L4xx_HAL_Driver\stm32l4xx_hal_dma.o
 .debug_abbrev  0x000012c7      0x1d7 Drivers\STM32L4xx_HAL_Driver\stm32l4xx_hal_gpio.o
 .debug_abbrev  0x0000149e      0x1f7 Drivers\STM32L4xx_HAL_Driver\stm32l4xx_hal_lcd.o
 .debug_abbrev  0x00001695      0x227 Drivers\STM32L4xx_HAL_Driver\stm32l4xx_hal_pwr_ex.o
 .debug_abbrev  0x000018bc      0x2d0 Drivers\STM32L4xx_HAL_Driver\stm32l4xx_hal_qspi.o
 .debug_abbrev  0x00001b8c      0x267 Drivers\STM32L4xx_HAL_Driver\stm32l4xx_hal_rcc.o
 .debug_abbrev  0x00001df3      0x264 Drivers\STM32L4xx_HAL_Driver\stm32l4xx_hal_rcc_ex.o
 .debug_abbrev  0x00002057      0x244 Drivers\STM32L4xx_HAL_Driver\stm32l4xx_hal_rtc.o
 .debug_abbrev  0x0000229b      0x338 Drivers\STM32L4xx_HAL_Driver\stm32l4xx_hal_sai.o
 .debug_abbrev  0x000025d3      0x30e Drivers\STM32L4xx_HAL_Driver\stm32l4xx_hal_uart.o

.debug_aranges  0x00000000      0xbf0
 .debug_aranges
                0x00000000       0x28 Application\TrueSTUDIO\startup_stm32l476xx.o
 .debug_aranges
                0x00000028       0xb0 Application\TrueSTUDIO\syscalls.o
 .debug_aranges
                0x000000d8       0x40 Application\User\main.o
 .debug_aranges
                0x00000118       0x70 Application\User\stm32l4xx_hal_msp.o
 .debug_aranges
                0x00000188       0x50 Application\User\stm32l4xx_it.o
 .debug_aranges
                0x000001d8       0x28 Drivers\CMSIS\system_stm32l4xx.o
 .debug_aranges
                0x00000200      0x108 Drivers\STM32L4xx_HAL_Driver\stm32l4xx_hal.o
 .debug_aranges
                0x00000308       0xa8 Drivers\STM32L4xx_HAL_Driver\stm32l4xx_hal_cortex.o
 .debug_aranges
                0x000003b0       0x78 Drivers\STM32L4xx_HAL_Driver\stm32l4xx_hal_dma.o
 .debug_aranges
                0x00000428       0x58 Drivers\STM32L4xx_HAL_Driver\stm32l4xx_hal_gpio.o
 .debug_aranges
                0x00000480       0x60 Drivers\STM32L4xx_HAL_Driver\stm32l4xx_hal_lcd.o
 .debug_aranges
                0x000004e0      0x130 Drivers\STM32L4xx_HAL_Driver\stm32l4xx_hal_pwr_ex.o
 .debug_aranges
                0x00000610      0x108 Drivers\STM32L4xx_HAL_Driver\stm32l4xx_hal_qspi.o
 .debug_aranges
                0x00000718       0x88 Drivers\STM32L4xx_HAL_Driver\stm32l4xx_hal_rcc.o
 .debug_aranges
                0x000007a0       0xc0 Drivers\STM32L4xx_HAL_Driver\stm32l4xx_hal_rcc_ex.o
 .debug_aranges
                0x00000860       0xa8 Drivers\STM32L4xx_HAL_Driver\stm32l4xx_hal_rtc.o
 .debug_aranges
                0x00000908      0x148 Drivers\STM32L4xx_HAL_Driver\stm32l4xx_hal_sai.o
 .debug_aranges
                0x00000a50      0x1a0 Drivers\STM32L4xx_HAL_Driver\stm32l4xx_hal_uart.o

.debug_ranges   0x00000000      0xe40
 .debug_ranges  0x00000000       0x20 Application\TrueSTUDIO\startup_stm32l476xx.o
 .debug_ranges  0x00000020       0xa0 Application\TrueSTUDIO\syscalls.o
 .debug_ranges  0x000000c0       0xe8 Application\User\main.o
 .debug_ranges  0x000001a8       0xf8 Application\User\stm32l4xx_hal_msp.o
 .debug_ranges  0x000002a0       0x40 Application\User\stm32l4xx_it.o
 .debug_ranges  0x000002e0       0x18 Drivers\CMSIS\system_stm32l4xx.o
 .debug_ranges  0x000002f8       0xf8 Drivers\STM32L4xx_HAL_Driver\stm32l4xx_hal.o
 .debug_ranges  0x000003f0      0x138 Drivers\STM32L4xx_HAL_Driver\stm32l4xx_hal_cortex.o
 .debug_ranges  0x00000528       0xa0 Drivers\STM32L4xx_HAL_Driver\stm32l4xx_hal_dma.o
 .debug_ranges  0x000005c8       0x68 Drivers\STM32L4xx_HAL_Driver\stm32l4xx_hal_gpio.o
 .debug_ranges  0x00000630       0x50 Drivers\STM32L4xx_HAL_Driver\stm32l4xx_hal_lcd.o
 .debug_ranges  0x00000680      0x120 Drivers\STM32L4xx_HAL_Driver\stm32l4xx_hal_pwr_ex.o
 .debug_ranges  0x000007a0      0x110 Drivers\STM32L4xx_HAL_Driver\stm32l4xx_hal_qspi.o
 .debug_ranges  0x000008b0       0x90 Drivers\STM32L4xx_HAL_Driver\stm32l4xx_hal_rcc.o
 .debug_ranges  0x00000940       0xf0 Drivers\STM32L4xx_HAL_Driver\stm32l4xx_hal_rcc_ex.o
 .debug_ranges  0x00000a30       0x98 Drivers\STM32L4xx_HAL_Driver\stm32l4xx_hal_rtc.o
 .debug_ranges  0x00000ac8      0x1e8 Drivers\STM32L4xx_HAL_Driver\stm32l4xx_hal_sai.o
 .debug_ranges  0x00000cb0      0x190 Drivers\STM32L4xx_HAL_Driver\stm32l4xx_hal_uart.o

.debug_loc      0x00000000     0x7719
 .debug_loc     0x00000000      0x3ef Application\TrueSTUDIO\syscalls.o
 .debug_loc     0x000003ef       0xab Application\User\main.o
 .debug_loc     0x0000049a      0x16b Application\User\stm32l4xx_hal_msp.o
 .debug_loc     0x00000605      0x1be Drivers\CMSIS\system_stm32l4xx.o
 .debug_loc     0x000007c3      0x149 Drivers\STM32L4xx_HAL_Driver\stm32l4xx_hal.o
 .debug_loc     0x0000090c      0x4fb Drivers\STM32L4xx_HAL_Driver\stm32l4xx_hal_cortex.o
 .debug_loc     0x00000e07      0x5b7 Drivers\STM32L4xx_HAL_Driver\stm32l4xx_hal_dma.o
 .debug_loc     0x000013be      0x29d Drivers\STM32L4xx_HAL_Driver\stm32l4xx_hal_gpio.o
 .debug_loc     0x0000165b      0x32c Drivers\STM32L4xx_HAL_Driver\stm32l4xx_hal_lcd.o
 .debug_loc     0x00001987      0x63b Drivers\STM32L4xx_HAL_Driver\stm32l4xx_hal_pwr_ex.o
 .debug_loc     0x00001fc2     0x102f Drivers\STM32L4xx_HAL_Driver\stm32l4xx_hal_qspi.o
 .debug_loc     0x00002ff1      0x5ae Drivers\STM32L4xx_HAL_Driver\stm32l4xx_hal_rcc.o
 .debug_loc     0x0000359f      0xd98 Drivers\STM32L4xx_HAL_Driver\stm32l4xx_hal_rcc_ex.o
 .debug_loc     0x00004337      0x737 Drivers\STM32L4xx_HAL_Driver\stm32l4xx_hal_rtc.o
 .debug_loc     0x00004a6e     0x12f8 Drivers\STM32L4xx_HAL_Driver\stm32l4xx_hal_sai.o
 .debug_loc     0x00005d66     0x19b3 Drivers\STM32L4xx_HAL_Driver\stm32l4xx_hal_uart.o

.debug_str      0x00000000     0x4cb2
 .debug_str     0x00000000      0x797 Application\TrueSTUDIO\syscalls.o
                                0x88a (size before relaxing)
 .debug_str     0x00000797     0x1928 Application\User\main.o
                               0x1c22 (size before relaxing)
 .debug_str     0x000020bf      0x11e Application\User\stm32l4xx_hal_msp.o
                               0x1178 (size before relaxing)
 .debug_str     0x000021dd       0xe4 Application\User\stm32l4xx_it.o
                                0x4f9 (size before relaxing)
 .debug_str     0x000022c1       0xb9 Drivers\CMSIS\system_stm32l4xx.o
                                0x432 (size before relaxing)
 .debug_str     0x0000237a      0x479 Drivers\STM32L4xx_HAL_Driver\stm32l4xx_hal.o
                                0xd5e (size before relaxing)
 .debug_str     0x000027f3      0x395 Drivers\STM32L4xx_HAL_Driver\stm32l4xx_hal_cortex.o
                                0xcc2 (size before relaxing)
 .debug_str     0x00002b88      0x271 Drivers\STM32L4xx_HAL_Driver\stm32l4xx_hal_dma.o
                                0x71a (size before relaxing)
 .debug_str     0x00002df9      0x145 Drivers\STM32L4xx_HAL_Driver\stm32l4xx_hal_gpio.o
                                0x617 (size before relaxing)
 .debug_str     0x00002f3e      0x117 Drivers\STM32L4xx_HAL_Driver\stm32l4xx_hal_lcd.o
                                0x544 (size before relaxing)
 .debug_str     0x00003055      0x54f Drivers\STM32L4xx_HAL_Driver\stm32l4xx_hal_pwr_ex.o
                                0x8ae (size before relaxing)
 .debug_str     0x000035a4      0x52f Drivers\STM32L4xx_HAL_Driver\stm32l4xx_hal_qspi.o
                                0xc13 (size before relaxing)
 .debug_str     0x00003ad3      0x1dc Drivers\STM32L4xx_HAL_Driver\stm32l4xx_hal_rcc.o
                                0x8f4 (size before relaxing)
 .debug_str     0x00003caf      0x330 Drivers\STM32L4xx_HAL_Driver\stm32l4xx_hal_rcc_ex.o
                                0xb84 (size before relaxing)
 .debug_str     0x00003fdf      0x21a Drivers\STM32L4xx_HAL_Driver\stm32l4xx_hal_rtc.o
                                0x8a5 (size before relaxing)
 .debug_str     0x000041f9      0x418 Drivers\STM32L4xx_HAL_Driver\stm32l4xx_hal_sai.o
                                0xbc7 (size before relaxing)
 .debug_str     0x00004611      0x6a1 Drivers\STM32L4xx_HAL_Driver\stm32l4xx_hal_uart.o
                               0x1002 (size before relaxing)

.comment        0x00000000       0x7c
 .comment       0x00000000       0x7c Application\TrueSTUDIO\syscalls.o
                                 0x7d (size before relaxing)
 .comment       0x0000007c       0x7d Application\User\main.o
 .comment       0x0000007c       0x7d Application\User\stm32l4xx_hal_msp.o
 .comment       0x0000007c       0x7d Application\User\stm32l4xx_it.o
 .comment       0x0000007c       0x7d Drivers\CMSIS\system_stm32l4xx.o
 .comment       0x0000007c       0x7d Drivers\STM32L4xx_HAL_Driver\stm32l4xx_hal.o
 .comment       0x0000007c       0x7d Drivers\STM32L4xx_HAL_Driver\stm32l4xx_hal_cortex.o
 .comment       0x0000007c       0x7d Drivers\STM32L4xx_HAL_Driver\stm32l4xx_hal_dma.o
 .comment       0x0000007c       0x7d Drivers\STM32L4xx_HAL_Driver\stm32l4xx_hal_gpio.o
 .comment       0x0000007c       0x7d Drivers\STM32L4xx_HAL_Driver\stm32l4xx_hal_lcd.o
 .comment       0x0000007c       0x7d Drivers\STM32L4xx_HAL_Driver\stm32l4xx_hal_pwr_ex.o
 .comment       0x0000007c       0x7d Drivers\STM32L4xx_HAL_Driver\stm32l4xx_hal_qspi.o
 .comment       0x0000007c       0x7d Drivers\STM32L4xx_HAL_Driver\stm32l4xx_hal_rcc.o
 .comment       0x0000007c       0x7d Drivers\STM32L4xx_HAL_Driver\stm32l4xx_hal_rcc_ex.o
 .comment       0x0000007c       0x7d Drivers\STM32L4xx_HAL_Driver\stm32l4xx_hal_rtc.o
 .comment       0x0000007c       0x7d Drivers\STM32L4xx_HAL_Driver\stm32l4xx_hal_sai.o
 .comment       0x0000007c       0x7d Drivers\STM32L4xx_HAL_Driver\stm32l4xx_hal_uart.o

.debug_frame    0x00000000     0x2460
 .debug_frame   0x00000000      0x1a8 Application\TrueSTUDIO\syscalls.o
 .debug_frame   0x000001a8       0x9c Application\User\main.o
 .debug_frame   0x00000244      0x134 Application\User\stm32l4xx_hal_msp.o
 .debug_frame   0x00000378       0xb0 Application\User\stm32l4xx_it.o
 .debug_frame   0x00000428       0x38 Drivers\CMSIS\system_stm32l4xx.o
 .debug_frame   0x00000460      0x244 Drivers\STM32L4xx_HAL_Driver\stm32l4xx_hal.o
 .debug_frame   0x000006a4      0x158 Drivers\STM32L4xx_HAL_Driver\stm32l4xx_hal_cortex.o
 .debug_frame   0x000007fc      0x140 Drivers\STM32L4xx_HAL_Driver\stm32l4xx_hal_dma.o
 .debug_frame   0x0000093c       0xdc Drivers\STM32L4xx_HAL_Driver\stm32l4xx_hal_gpio.o
 .debug_frame   0x00000a18       0xf8 Drivers\STM32L4xx_HAL_Driver\stm32l4xx_hal_lcd.o
 .debug_frame   0x00000b10      0x278 Drivers\STM32L4xx_HAL_Driver\stm32l4xx_hal_pwr_ex.o
 .debug_frame   0x00000d88      0x3f0 Drivers\STM32L4xx_HAL_Driver\stm32l4xx_hal_qspi.o
 .debug_frame   0x00001178      0x160 Drivers\STM32L4xx_HAL_Driver\stm32l4xx_hal_rcc.o
 .debug_frame   0x000012d8      0x200 Drivers\STM32L4xx_HAL_Driver\stm32l4xx_hal_rcc_ex.o
 .debug_frame   0x000014d8      0x20c Drivers\STM32L4xx_HAL_Driver\stm32l4xx_hal_rtc.o
 .debug_frame   0x000016e4      0x440 Drivers\STM32L4xx_HAL_Driver\stm32l4xx_hal_sai.o
 .debug_frame   0x00001b24      0x548 Drivers\STM32L4xx_HAL_Driver\stm32l4xx_hal_uart.o
 .debug_frame   0x0000206c       0x20 d:/program files/truestudio for stm32 9.3.0/armtools/bin/../lib/gcc/arm-atollic-eabi/6.3.1/../../../../arm-atollic-eabi/lib/armv7e-m/fpu\libc_nano.a(lib_a-errno.o)
 .debug_frame   0x0000208c       0x2c d:/program files/truestudio for stm32 9.3.0/armtools/bin/../lib/gcc/arm-atollic-eabi/6.3.1/../../../../arm-atollic-eabi/lib/armv7e-m/fpu\libc_nano.a(lib_a-init.o)
 .debug_frame   0x000020b8       0x20 d:/program files/truestudio for stm32 9.3.0/armtools/bin/../lib/gcc/arm-atollic-eabi/6.3.1/../../../../arm-atollic-eabi/lib/armv7e-m/fpu\libc_nano.a(lib_a-memset.o)
 .debug_frame   0x000020d8       0x70 d:/program files/truestudio for stm32 9.3.0/armtools/bin/../lib/gcc/arm-atollic-eabi/6.3.1/../../../../arm-atollic-eabi/lib/armv7e-m/fpu\libc_nano.a(lib_a-sprintf.o)
 .debug_frame   0x00002148       0x90 d:/program files/truestudio for stm32 9.3.0/armtools/bin/../lib/gcc/arm-atollic-eabi/6.3.1/../../../../arm-atollic-eabi/lib/armv7e-m/fpu\libc_nano.a(lib_a-nano-svfprintf.o)
 .debug_frame   0x000021d8       0x60 d:/program files/truestudio for stm32 9.3.0/armtools/bin/../lib/gcc/arm-atollic-eabi/6.3.1/../../../../arm-atollic-eabi/lib/armv7e-m/fpu\libc_nano.a(lib_a-nano-vfprintf_i.o)
 .debug_frame   0x00002238       0x28 d:/program files/truestudio for stm32 9.3.0/armtools/bin/../lib/gcc/arm-atollic-eabi/6.3.1/../../../../arm-atollic-eabi/lib/armv7e-m/fpu\libc_nano.a(lib_a-memcpy-stub.o)
 .debug_frame   0x00002260       0x28 d:/program files/truestudio for stm32 9.3.0/armtools/bin/../lib/gcc/arm-atollic-eabi/6.3.1/../../../../arm-atollic-eabi/lib/armv7e-m/fpu\libc_nano.a(lib_a-memmove.o)
 .debug_frame   0x00002288       0x38 d:/program files/truestudio for stm32 9.3.0/armtools/bin/../lib/gcc/arm-atollic-eabi/6.3.1/../../../../arm-atollic-eabi/lib/armv7e-m/fpu\libc_nano.a(lib_a-nano-freer.o)
 .debug_frame   0x000022c0       0x2c d:/program files/truestudio for stm32 9.3.0/armtools/bin/../lib/gcc/arm-atollic-eabi/6.3.1/../../../../arm-atollic-eabi/lib/armv7e-m/fpu\libc_nano.a(lib_a-nano-mallocr.o)
 .debug_frame   0x000022ec       0x3c d:/program files/truestudio for stm32 9.3.0/armtools/bin/../lib/gcc/arm-atollic-eabi/6.3.1/../../../../arm-atollic-eabi/lib/armv7e-m/fpu\libc_nano.a(lib_a-nano-reallocr.o)
 .debug_frame   0x00002328       0x2c d:/program files/truestudio for stm32 9.3.0/armtools/bin/../lib/gcc/arm-atollic-eabi/6.3.1/../../../../arm-atollic-eabi/lib/armv7e-m/fpu\libc_nano.a(lib_a-sbrkr.o)
 .debug_frame   0x00002354       0x30 d:/program files/truestudio for stm32 9.3.0/armtools/bin/../lib/gcc/arm-atollic-eabi/6.3.1/../../../../arm-atollic-eabi/lib/armv7e-m/fpu\libc_nano.a(lib_a-mlock.o)
 .debug_frame   0x00002384       0x20 d:/program files/truestudio for stm32 9.3.0/armtools/bin/../lib/gcc/arm-atollic-eabi/6.3.1/../../../../arm-atollic-eabi/lib/armv7e-m/fpu\libc_nano.a(lib_a-nano-msizer.o)
 .debug_frame   0x000023a4       0x5c d:/program files/truestudio for stm32 9.3.0/armtools/bin/../lib/gcc/arm-atollic-eabi/6.3.1/../../../../arm-atollic-eabi/lib/armv7e-m/fpu\libc_nano.a(lib_a-reent.o)
 .debug_frame   0x00002400       0x2c d:/program files/truestudio for stm32 9.3.0/armtools/bin/../lib/gcc/arm-atollic-eabi/6.3.1/armv7e-m/fpu\libgcc.a(_aeabi_uldivmod.o)
 .debug_frame   0x0000242c       0x34 d:/program files/truestudio for stm32 9.3.0/armtools/bin/../lib/gcc/arm-atollic-eabi/6.3.1/armv7e-m/fpu\libgcc.a(_udivmoddi4.o)
