stm32l476g_discovery.c:755:13:I2C1_Init	200	static
stm32l476g_discovery.c:939:13:I2C2_Init	192	static
stm32l476g_discovery.c:1151:13:I2C2_Error	8	static
stm32l476g_discovery.c:291:10:BSP_GetVersion	0	static
stm32l476g_discovery.c:303:20:BSP_SupplyModeDetection	32	static
stm32l476g_discovery.c:351:6:BSP_LED_Init	48	static
stm32l476g_discovery.c:388:6:BSP_LED_DeInit	16	static
stm32l476g_discovery.c:415:6:BSP_LED_On	0	static
stm32l476g_discovery.c:439:6:BSP_LED_Off	0	static
stm32l476g_discovery.c:463:6:BSP_LED_Toggle	0	static
stm32l476g_discovery.c:477:9:BSP_JOY_Init	72	static
stm32l476g_discovery.c:517:6:BSP_JOY_DeInit	48	static
stm32l476g_discovery.c:542:18:BSP_JOY_GetState	24	static
stm32l476g_discovery.c:1508:6:MFX_IO_Init	0	static
stm32l476g_discovery.c:1517:6:MFX_IO_DeInit	56	static
stm32l476g_discovery.c:1544:6:MFX_IO_ITConfig	32	static
stm32l476g_discovery.c:1567:6:MFX_IO_EnableWakeupPin	32	static
stm32l476g_discovery.c:1586:6:MFX_IO_Wakeup	8	static
stm32l476g_discovery.c:1605:6:MFX_IO_Write	32	static
stm32l476g_discovery.c:1616:9:MFX_IO_Read	32	static
stm32l476g_discovery.c:1629:10:MFX_IO_ReadMultiple	24	static
stm32l476g_discovery.c:1642:6:MFX_IO_WriteMultiple	24	static
stm32l476g_discovery.c:1652:6:MFX_IO_Delay	0	static
stm32l476g_discovery.c:1663:6:AUDIO_IO_Init	48	static
stm32l476g_discovery.c:1697:6:AUDIO_IO_DeInit	56	static
stm32l476g_discovery.c:1728:6:AUDIO_IO_Write	32	static
stm32l476g_discovery.c:1739:9:AUDIO_IO_Read	32	static
stm32l476g_discovery.c:1753:6:AUDIO_IO_Delay	0	static
