stm32l476g_discovery_glass_lcd.c:832:13:WriteChar.isra.3	16	static
stm32l476g_discovery_glass_lcd.c:203:6:BSP_LCD_GLASS_DeInit	24	static
stm32l476g_discovery_glass_lcd.c:232:6:BSP_LCD_GLASS_BlinkConfig	4	static
stm32l476g_discovery_glass_lcd.c:251:6:BSP_LCD_GLASS_Contrast	0	static
stm32l476g_discovery_glass_lcd.c:266:6:BSP_LCD_GLASS_DisplayBar	24	static
stm32l476g_discovery_glass_lcd.c:320:6:BSP_LCD_GLASS_ClearBar	24	static
stm32l476g_discovery_glass_lcd.c:375:6:BSP_LCD_GLASS_BarLevelConfig	8	static
stm32l476g_discovery_glass_lcd.c:450:6:BSP_LCD_GLASS_DisplayChar	8	static
stm32l476g_discovery_glass_lcd.c:492:6:BSP_LCD_GLASS_DisplayStrDeci	16	static
stm32l476g_discovery_glass_lcd.c:529:6:BSP_LCD_GLASS_Clear	0	static
stm32l476g_discovery_glass_lcd.c:172:6:BSP_LCD_GLASS_Init	272	static
stm32l476g_discovery_glass_lcd.c:463:6:BSP_LCD_GLASS_DisplayString	16	static
stm32l476g_discovery_glass_lcd.c:544:6:BSP_LCD_GLASS_ScrollSentence	40	static
