stm32l4xx_hal_lcd.c:304:13:HAL_LCD_MspDeInit	0	static
stm32l4xx_hal_lcd.c:274:19:HAL_LCD_DeInit	8	static
stm32l4xx_hal_lcd.c:319:13:HAL_LCD_MspInit	0	static
stm32l4xx_hal_lcd.c:387:19:HAL_LCD_Write	24	static
stm32l4xx_hal_lcd.c:495:19:HAL_LCD_UpdateDisplayRequest	16	static
stm32l4xx_hal_lcd.c:436:19:HAL_LCD_Clear	16	static
stm32l4xx_hal_lcd.c:554:22:HAL_LCD_GetState	0	static
stm32l4xx_hal_lcd.c:565:10:HAL_LCD_GetError	0	static
stm32l4xx_hal_lcd.c:587:19:LCD_WaitForSynchro	16	static
stm32l4xx_hal_lcd.c:155:19:HAL_LCD_Init	16	static
