stm32l4xx_hal_msp.c:64:6:HAL_MspInit	8	static
stm32l4xx_hal_msp.c:86:6:HAL_LCD_MspInit	56	static
stm32l4xx_hal_msp.c:178:6:HAL_LCD_MspDeInit	8	static
stm32l4xx_hal_msp.c:245:6:HAL_QSPI_MspInit	40	static
stm32l4xx_hal_msp.c:286:6:HAL_QSPI_MspDeInit	0	static
stm32l4xx_hal_msp.c:320:6:HAL_RTC_MspInit	0	static
stm32l4xx_hal_msp.c:342:6:HAL_RTC_MspDeInit	0	static
stm32l4xx_hal_msp.c:364:6:HAL_UART_MspInit	40	static
stm32l4xx_hal_msp.c:400:6:HAL_UART_MspDeInit	0	static
stm32l4xx_hal_msp.c:427:6:HAL_SAI_MspInit	48	static
stm32l4xx_hal_msp.c:490:6:HAL_SAI_MspDeInit	8	static
